xacro: in-order processing became default in ROS Melodic. You can drop the option.
ALSA lib confmisc.c:767:(parse_card) cannot find card '0'
ALSA lib conf.c:4528:(_snd_config_evaluate) function snd_func_card_driver returned error: No such file or directory
ALSA lib confmisc.c:392:(snd_func_concat) error evaluating strings
ALSA lib conf.c:4528:(_snd_config_evaluate) function snd_func_concat returned error: No such file or directory
ALSA lib confmisc.c:1246:(snd_func_refer) error evaluating name
ALSA lib conf.c:4528:(_snd_config_evaluate) function snd_func_refer returned error: No such file or directory
ALSA lib conf.c:5007:(snd_config_expand) Evaluate error: No such file or directory
ALSA lib pcm.c:2495:(snd_pcm_open_noupdate) Unknown PCM default
AL lib: (EE) ALCplaybackAlsa_open: Could not open playback device 'default': No such file or directory
[33m[ WARN] [1788540995.604779705, 0.095000000]: Failed to meet update rate! Took 0.094000000000000000222[0m
[33m[ WARN] [1788540995.609388672, 0.098000000]: Failed to meet update rate! Took 0.077999999999999999889[0m
[0m[ INFO] [1788540994.786200952]: Finished loading Gazebo ROS API Plugin.[0m
[0m[ INFO] [1788540994.788462935]: waitForService: Service [/gazebo/set_physics_properties] has not been advertised, waiting...[0m
[0m[ INFO] [1788540995.403223811]: waitForService: Service [/gazebo/set_physics_properties] is now available.[0m
[0m[ INFO] [1788540995.432596802]: Physics dynamic reconfigure ready.[0m
[1;33mWarning [parser_urdf.cc:1115][0m multiple inconsistent <gravity> exists due to fixed joint reduction overwriting previous value [true] with [false].
[1;33mWarning [parser_urdf.cc:1115][0m multiple inconsistent <gravity> exists due to fixed joint reduction overwriting previous value [false] with [true].
[31m[ERROR] [1788540996.044995111, 0.129000000]: No p gain specified for pid.  Namespace: /gazebo_ros_control/pid_gains/front_left_wheel[0m
[31m[ERROR] [1788540996.045533533, 0.129000000]: No p gain specified for pid.  Namespace: /gazebo_ros_control/pid_gains/front_right_wheel[0m
[31m[ERROR] [1788540996.045891079, 0.129000000]: No p gain specified for pid.  Namespace: /gazebo_ros_control/pid_gains/rear_left_wheel[0m
[31m[ERROR] [1788540996.046198916, 0.129000000]: No p gain specified for pid.  Namespace: /gazebo_ros_control/pid_gains/rear_right_wheel[0m
... logging to /root/.ros/log/9509a35a-a881-11f1-9bd0-1a78306416a9/roslaunch-orbstack-275.log
Checking log directory for disk usage. This may take a while.
Press Ctrl-C to interrupt
Done checking log file disk usage. Usage is <1GB.
]2;/opt/barn_ws/src/the-barn-challenge/jackal_helper/../jackal_helper/launch/move_base_DWA.launch
[1mstarted roslaunch server http://localhost:34527/[0m

SUMMARY
========

PARAMETERS
 * /move_base/TrajectoryPlannerROS/acc_lim_theta: 20.0
 * /move_base/TrajectoryPlannerROS/acc_lim_x: 10.0
 * /move_base/TrajectoryPlannerROS/angular_sim_granularity: 0.02
 * /move_base/TrajectoryPlannerROS/controller_frequency: 20.0
 * /move_base/TrajectoryPlannerROS/dwa: True
 * /move_base/TrajectoryPlannerROS/escape_reset_dist: 0.1
 * /move_base/TrajectoryPlannerROS/escape_reset_theta: 0.1
 * /move_base/TrajectoryPlannerROS/escape_vel: -0.5
 * /move_base/TrajectoryPlannerROS/gdist_scale: 1.0
 * /move_base/TrajectoryPlannerROS/heading_lookahead: 0.325
 * /move_base/TrajectoryPlannerROS/heading_scoring: False
 * /move_base/TrajectoryPlannerROS/heading_scoring_timestep: 0.8
 * /move_base/TrajectoryPlannerROS/holonomic_robot: False
 * /move_base/TrajectoryPlannerROS/latch_xy_goal_tolerance: False
 * /move_base/TrajectoryPlannerROS/max_vel_theta: 1.57
 * /move_base/TrajectoryPlannerROS/max_vel_x: 0.5
 * /move_base/TrajectoryPlannerROS/meter_scoring: True
 * /move_base/TrajectoryPlannerROS/min_in_place_vel_theta: 0.314
 * /move_base/TrajectoryPlannerROS/min_vel_theta: -1.57
 * /move_base/TrajectoryPlannerROS/min_vel_x: 0.1
 * /move_base/TrajectoryPlannerROS/occdist_scale: 0.1
 * /move_base/TrajectoryPlannerROS/oscillation_reset_dist: 0.05
 * /move_base/TrajectoryPlannerROS/pdist_scale: 0.75
 * /move_base/TrajectoryPlannerROS/publish_cost_grid_pc: True
 * /move_base/TrajectoryPlannerROS/sim_granularity: 0.02
 * /move_base/TrajectoryPlannerROS/sim_time: 2.0
 * /move_base/TrajectoryPlannerROS/simple_attractor: False
 * /move_base/TrajectoryPlannerROS/vtheta_samples: 20
 * /move_base/TrajectoryPlannerROS/vx_samples: 6
 * /move_base/TrajectoryPlannerROS/xy_goal_tolerance: 0.25
 * /move_base/TrajectoryPlannerROS/yaw_goal_tolerance: 0.157
 * /move_base/base_global_planner: navfn/NavfnROS
 * /move_base/base_local_planner: base_local_planne...
 * /move_base/clearing_rotation_allowed: True
 * /move_base/controller_frequency: 20.0
 * /move_base/controller_patience: 15.0
 * /move_base/global_costmap/footprint: [[-0.21, -0.165],...
 * /move_base/global_costmap/footprint_padding: 0.1
 * /move_base/global_costmap/global_frame: odom
 * /move_base/global_costmap/height: 40.0
 * /move_base/global_costmap/inflater_layer/inflation_radius: 0.3
 * /move_base/global_costmap/map_type: costmap
 * /move_base/global_costmap/meter_scoring: True
 * /move_base/global_costmap/obstacle_range: 2.5
 * /move_base/global_costmap/obstacles_layer/observation_sources: scan
 * /move_base/global_costmap/obstacles_layer/scan/clearing: True
 * /move_base/global_costmap/obstacles_layer/scan/data_type: LaserScan
 * /move_base/global_costmap/obstacles_layer/scan/marking: True
 * /move_base/global_costmap/obstacles_layer/scan/max_obstacle_height: 2.0
 * /move_base/global_costmap/obstacles_layer/scan/min_obstacle_height: -2.0
 * /move_base/global_costmap/obstacles_layer/scan/obstacle_range: 2.5
 * /move_base/global_costmap/obstacles_layer/scan/raytrace_range: 3.0
 * /move_base/global_costmap/obstacles_layer/scan/sensor_frame: front_laser
 * /move_base/global_costmap/obstacles_layer/scan/topic: front/scan
 * /move_base/global_costmap/origin_x: -20.0
 * /move_base/global_costmap/origin_y: -20.0
 * /move_base/global_costmap/origin_z: 0.0
 * /move_base/global_costmap/plugins: [{'type': 'costma...
 * /move_base/global_costmap/publish_frequency: 5
 * /move_base/global_costmap/publish_voxel_map: False
 * /move_base/global_costmap/raytrace_range: 3.0
 * /move_base/global_costmap/resolution: 0.05
 * /move_base/global_costmap/robot_base_frame: base_link
 * /move_base/global_costmap/rolling_window: False
 * /move_base/global_costmap/static_map: True
 * /move_base/global_c[33m[ WARN] [1788540999.880868286, 3.687000000]: global_costmap: Pre-Hydro parameter "static_map" unused since "plugins" is provided[0m
[33m[ WARN] [1788540999.882966976, 3.687000000]: global_costmap: Pre-Hydro parameter "map_type" unused since "plugins" is provided[0m
[33m[ WARN] [1788540999.930384333, 3.729000000]: local_costmap: Pre-Hydro parameter "static_map" unused since "plugins" is provided[0m
[33m[ WARN] [1788540999.930507251, 3.729000000]: local_costmap: Pre-Hydro parameter "map_type" unused since "plugins" is provided[0m
[33m[ WARN] [1788540999.953546339, 3.753000000]: Parameter pdist_scale is deprecated. Please use the name path_distance_bias instead.[0m
[33m[ WARN] [1788540999.953849551, 3.754000000]: Parameter gdist_scale is deprecated. Please use the name goal_distance_bias instead.[0m
>>>>>>>>>>>>>>>>>> Loading Gazebo Simulation with BARN/world_42.world <<<<<<<<<<<<<<<<<<
Time: 0.01 (s), x: -2.25 (m), y: 3.11 (m)
Time: 0.12 (s), x: -2.25 (m), y: 3.16 (m)
Time: 0.23 (s), x: -2.25 (m), y: 3.21 (m)
Time: 0.33 (s), x: -2.25 (m), y: 3.27 (m)
Time: 0.44 (s), x: -2.25 (m), y: 3.32 (m)
Time: 0.55 (s), x: -2.25 (m), y: 3.37 (m)
Time: 0.65 (s), x: -2.25 (m), y: 3.42 (m)
Time: 0.75 (s), x: -2.25 (m), y: 3.47 (m)
Time: 0.85 (s), x: -2.25 (m), y: 3.52 (m)
Time: 0.96 (s), x: -2.25 (m), y: 3.58 (m)
Time: 1.06 (s), x: -2.25 (m), y: 3.63 (m)
Time: 1.16 (s), x: -2.25 (m), y: 3.68 (m)
Time: 1.26 (s), x: -2.25 (m), y: 3.73 (m)
Time: 1.37 (s), x: -2.25 (m), y: 3.78 (m)
Time: 1.47 (s), x: -2.25 (m), y: 3.84 (m)
Time: 1.58 (s), x: -2.25 (m), y: 3.89 (m)
Time: 1.69 (s), x: -2.25 (m), y: 3.94 (m)
Time: 1.79 (s), x: -2.25 (m), y: 3.99 (m)
Time: 1.90 (s), x: -2.25 (m), y: 4.05 (m)
Time: 2.01 (s), x: -2.25 (m), y: 4.10 (m)
Time: 2.11 (s), x: -2.25 (m), y: 4.16 (m)
Time: 2.22 (s), x: -2.25 (m), y: 4.21 (m)
Time: 2.33 (s), x: -2.25 (m), y: 4.26 (m)
Time: 2.43 (s), x: -2.25 (m), y: 4.31 (m)
Time: 2.54 (s), x: -2.25 (m), y: 4.37 (m)
Time: 2.64 (s), x: -2.25 (m), y: 4.42 (m)
Time: 2.75 (s), x: -2.25 (m), y: 4.47 (m)
Time: 2.86 (s), x: -2.25 (m), y: 4.53 (m)
Time: 2.97 (s), x: -2.25 (m), y: 4.58 (m)
Time: 3.07 (s), x: -2.25 (m), y: 4.63 (m)
Time: 3.17 (s), x: -2.25 (m), y: 4.68 (m)
Time: 3.27 (s), x: -2.25 (m), y: 4.73 (m)
Time: 3.38 (s), x: -2.25 (m), y: 4.79 (m)
Time: 3.49 (s), x: -2.25 (m), y: 4.84 (m)
Time: 3.59 (s), x: -2.25 (m), y: 4.90 (m)
Time: 3.70 (s), x: -2.25 (m), y: 4.95 (m)
Time: 3.80 (s), x: -2.25 (m), y: 5.00 (m)
Time: 3.90 (s), x: -2.25 (m), y: 5.05 (m)
Time: 4.01 (s), x: -2.26 (m), y: 5.10 (m)
Time: 4.12 (s), x: -2.26 (m), y: 5.16 (m)
Time: 4.22 (s), x: -2.26 (m), y: 5.21 (m)
Time: 4.33 (s), x: -2.26 (m), y: 5.26 (m)
Time: 4.43 (s), x: -2.26 (m), y: 5.31 (m)
Time: 4.53 (s), x: -2.26 (m), y: 5.36 (m)
Time: 4.64 (s), x: -2.26 (m), y: 5.42 (m)
Time: 4.74 (s), x: -2.26 (m), y: 5.47 (m)
Time: 4.85 (s), x: -2.26 (m), y: 5.52 (m)
Time: 4.96 (s), x: -2.26 (m), y: 5.58 (m)
Time: 5.06 (s), x: -2.26 (m), y: 5.63 (m)
Time: 5.16 (s), x: -2.26 (m), y: 5.68 (m)
Time: 5.26 (s), x: -2.26 (m), y: 5.73 (m)
Time: 5.37 (s), x: -2.26 (m), y: 5.78 (m)
Time: 5.47 (s), x: -2.26 (m), y: 5.84 (m)
Time: 5.58 (s), x: -2.26 (m), y: 5.89 (m)
Time: 5.69 (s), x: -2.26 (m), y: 5.94 (m)
Time: 5.80 (s), x: -2.26 (m), y: 6.00 (m)
Time: 5.90 (s), x: -2.26 (m), y: 6.05 (m)
Time: 6.01 (s), x: -2.26 (m), y: 6.10 (m)
Time: 6.11 (s), x: -2.26 (m), y: 6.15 (m)
Time: 6.21 (s), x: -2.26 (m), y: 6.20 (m)
Time: 6.32 (s), x: -2.26 (m), y: 6.26 (m)
Time: 6.42 (s), x: -2.26 (m), y: 6.31 (m)
Time: 6.53 (s), x: -2.26 (m), y: 6.36 (m)
Time: 6.63 (s), x: -2.26 (m), y: 6.41 (m)
Time: 6.74 (s), x: -2.26 (m), y: 6.47 (m)
Time: 6.85 (s), x: -2.26 (m), y: 6.52 (m)
Time: 6.95 (s), x: -2.26 (m), y: 6.57 (m)
Time: 7.05 (s), x: -2.26 (m), y: 6.62 (m)
Time: 7.15 (s), x: -2.26 (m), y: 6.67 (m)
Time: 7.26 (s), x: -2.26 (m), y: 6.73 (m)
Time: 7.37 (s), x: -2.26 (m), y: 6.78 (m)
Time: 7.47 (s), x: -2.26 (m), y: 6.83 (m)
Time: 7.58 (s), x: -2.26 (m), y: 6.89 (m)
Time: 7.69 (s), x: -2.26 (m), y: 6.94 (m)
Time: 7.79 (s), x: -2.26 (m), y: 7.00 (m)
Time: 7.90 (s), x: -2.26 (m), y: 7.05 (m)
Time: 8.00 (s), x: -2.26 (m), y: 7.10 (m)
Time: 8.11 (s), x: -2.26 (m), y: 7.15 (m)
Time: 8.21 (s), x: -2.26 (m), y: 7.20 (m)
Time: 8.31 (s), x: -2.26 (m), y: 7.25 (m)
Time: 8.42 (s), x: -2.26 (m), y: 7.31 (m)
Time: 8.53 (s), x: -2.26 (m), y: 7.36 (m)
Time: 8.63 (s), x: -2.26 (m), y: 7.41 (m)
Time: 8.73 (s), x: -2.26 (m), y: 7.47 (m)
Time: 8.84 (s), x: -2.26 (m), y: 7.52 (m)
Time: 8.95 (s), x: -2.26 (m), y: 7.57 (m)
Time: 9.05 (s), x: -2.26 (m), y: 7.62 (m)
Time: 9.16 (s), x: -2.26 (m), y: 7.68 (m)
Time: 9.27 (s), x: -2.26 (m), y: 7.73 (m)
Time: 9.37 (s), x: -2.26 (m), y: 7.78 (m)
Time: 9.48 (s), x: -2.26 (m), y: 7.84 (m)
Time: 9.59 (s), x: -2.26 (m), y: 7.89 (m)
Time: 9.69 (s), x: -2.26 (m), y: 7.94 (m)
Time: 9.80 (s), x: -2.26 (m), y: 8.00 (m)
Time: 9.91 (s), x: -2.26 (m), y: 8.05 (m)
Time: 10.02 (s), ... logging to /root/.ros/log/9509a35a-a881-11f1-9bd0-1a78306416a9/roslaunch-orbstack-57.log
Checking log directory for disk usage. This may take a while.
Press Ctrl-C to interrupt
Done checking log file disk usage. Usage is <1GB.
]2;/opt/barn_ws/src/the-barn-challenge/jackal_helper/launch/gazebo_launch.launch
[1mstarted roslaunch server http://localhost:37151/[0m

SUMMARY
========

PARAMETERS
 * /ekf_localization/base_link_frame: base_link
 * /ekf_localization/frequency: 50
 * /ekf_localization/imu0: /imu/data
 * /ekf_localization/imu0_config: [False, False, Fa...
 * /ekf_localization/imu0_differential: False
 * /ekf_localization/odom0: /jackal_velocity_...
 * /ekf_localization/odom0_config: [False, False, Fa...
 * /ekf_localization/odom0_differential: False
 * /ekf_localization/odom_frame: odom
 * /ekf_localization/predict_to_current_time: True
 * /ekf_localization/world_frame: odom
 * /gazebo/enable_ros_network: True
 * /jackal_joint_publisher/publish_rate: 50
 * /jackal_joint_publisher/type: joint_state_contr...
 * /jackal_velocity_controller/angular/z/has_acceleration_limits: True
 * /jackal_velocity_controller/angular/z/has_velocity_limits: True
 * /jackal_velocity_controller/angular/z/max_acceleration: 25.0
 * /jackal_velocity_controller/angular/z/max_velocity: 4.0
 * /jackal_velocity_controller/cmd_vel_timeout: 0.25
 * /jackal_velocity_controller/enable_odom_tf: False
 * /jackal_velocity_controller/k_l: 0.1
 * /jackal_velocity_controller/k_r: 0.1
 * /jackal_velocity_controller/left_wheel: ['front_left_whee...
 * /jackal_velocity_controller/linear/x/has_acceleration_limits: True
 * /jackal_velocity_controller/linear/x/has_velocity_limits: True
 * /jackal_velocity_controller/linear/x/max_acceleration: 20.0
 * /jackal_velocity_controller/linear/x/max_velocity: 2.0
 * /jackal_velocity_controller/pose_covariance_diagonal: [0.001, 0.001, 10...
 * /jackal_velocity_controller/publish_rate: 50
 * /jackal_velocity_controller/right_wheel: ['front_right_whe...
 * /jackal_velocity_controller/twist_covariance_diagonal: [0.001, 0.001, 0....
 * /jackal_velocity_controller/type: diff_drive_contro...
 * /jackal_velocity_controller/wheel_radius_multiplier: 1.0
 * /jackal_velocity_controller/wheel_separation_multiplier: 1.5
 * /robot_description: <?xml version="1....
 * /rosdistro: melodic
 * /rosversion: 1.14.13
 * /twist_mux/locks: [{'topic': 'e_sto...
 * /twist_mux/topics: [{'topic': 'joy_t...
 * /use_sim_time: True

NODES
  /
    collision_publisher_node (jackal_helper/collision_publisher_node)
    controller_spawner (controller_manager/spawner)
    ekf_localization (robot_localization/ekf_localization_node)
    gazebo (gazebo_ros/gzserver)
    robot_state_publisher (robot_state_publisher/robot_state_publisher)
    twist_marker_server (interactive_marker_twist_server/marker_server)
    twist_mux (twist_mux/twist_mux)
    urdf_spawner (gazebo_ros/spawn_model)

auto-starting new master
[1mprocess[master]: started with pid [75][0m
[1mROS_MASTER_URI=http://127.0.0.1:11311[0m
]2;/opt/barn_ws/src/the-barn-challenge/jackal_helper/launch/gazebo_launch.launch http://127.0.0.1:11311
[1msetting /run_id to 9509a35a-a881-11f1-9bd0-1a78306416a9[0m
[1mprocess[rosout-1]: started with pid [86][0m
started core service [/rosout]
[1mprocess[gazebo-2]: started with pid [89][0m
[1mprocess[robot_state_publisher-3]: started with pid [90][0m
[1mprocess[controller_spawner-4]: started with pid [91][0m
[1mprocess[ekf_localization-5]: started with pid [93][0m
[1mprocess[twist_mux-6]: started with pid [96][0m
[1mprocess[twist_marker_server-7]: started with pid [99][0m
[1mprocess[urdf_spawner-8]: started with pid [103][0m
[1mprocess[collision_publisher_node-9]: started with pid [112][0m
[1m[urdf_spawner-8] process has finished cleanly
log file: /root/.ros/log/9509a35a-a881-11f1-9bd0-1a78306416a9/urdf_spawner-8*.log[0m
[collision_publisher_node-9] killing on exit
[twist_marker_server-7] killing on exit
[twist_mux-6] killing on exit
[ekf_localization-5] killing on exit
[gazebo-2] killing on exit
[robot_state_publisher-3] killing [31m[collision_publisher_node-9] escalating to SIGTERM[0m
[31m[gazebo-2] escalating to SIGTERM[0m
[31m[controller_spawner-4] escalating to SIGTERM[0m
[WARN] [1788541036.289344, 22.307000]: Controller Spawner error while taking down controllers: transport error completing service call: unable to receive data from sender, check sender's logs for details
on exit
[controller_spawner-4] killing on exit
[rosout-1] killing on exit
[master] killing on exit
shutting down processing monitor...
... shutting down processing monitor complete
[1mdone[0m
[0m[ INFO] [1788540999.884149489, 3.689000000]: global_costmap: Using plugin "obstacles_layer"[0m
[0m[ INFO] [1788540999.891997367, 3.695000000]:     Subscribed to Topics: scan[0m
[0m[ INFO] [1788540999.903571703, 3.702000000]: global_costmap: Using plugin "inflater_layer"[0m
[0m[ INFO] [1788540999.930768629, 3.729000000]: local_costmap: Using plugin "obstacles_layer"[0m
[0m[ INFO] [1788540999.932493106, 3.733000000]:     Subscribed to Topics: scan[0m
[0m[ INFO] [1788540999.937360868, 3.737000000]: local_costmap: Using plugin "inflater_layer"[0m
[0m[ INFO] [1788540999.949838465, 3.747000000]: Created local_planner base_local_planner/TrajectoryPlannerROS[0m
[0m[ INFO] [1788540999.952335492, 3.753000000]: Sim period is set to 0.05[0m
[0m[ INFO] [1788541000.012395614, 3.804000000]: Recovery behavior will clear layer 'obstacles'[0m
[0m[ INFO] [1788541000.014688223, 3.808000000]: Recovery behavior will clear layer 'obstacles'[0m
[0m[ INFO] [1788541000.089474466, 3.880000000]: odom received![0m
ostmap/transform_tolerance: 0.5
 * /move_base/global_costmap/update_frequency: 10
 * /move_base/global_costmap/width: 40.0
 * /move_base/global_costmap/z_resolution: 1
 * /move_base/global_costmap/z_voxels: 2
 * /move_base/local_costmap/footprint: [[-0.21, -0.165],...
 * /move_base/local_costmap/footprint_padding: 0.1
 * /move_base/local_costmap/global_frame: odom
 * /move_base/local_costmap/height: 10.0
 * /move_base/local_costmap/inflater_layer/inflation_radius: 0.3
 * /move_base/local_costmap/map_type: costmap
 * /move_base/local_costmap/meter_scoring: True
 * /move_base/local_costmap/obstacle_range: 2.5
 * /move_base/local_costmap/obstacles_layer/observation_sources: scan
 * /move_base/local_costmap/obstacles_layer/scan/clearing: True
 * /move_base/local_costmap/obstacles_layer/scan/data_type: LaserScan
 * /move_base/local_costmap/obstacles_layer/scan/marking: True
 * /move_base/local_costmap/obstacles_layer/scan/max_obstacle_height: 2.0
 * /move_base/local_costmap/obstacles_layer/scan/min_obstacle_height: -2.0
 * /move_base/local_costmap/obstacles_layer/scan/obstacle_range: 2.5
 * /move_base/local_costmap/obstacles_layer/scan/raytrace_range: 3.0
 * /move_base/local_costmap/obstacles_layer/scan/sensor_frame: front_laser
 * /move_base/local_costmap/obstacles_layer/scan/topic: front/scan
 * /move_base/local_costmap/origin_z: 0.0
 * /move_base/local_costmap/plugins: [{'type': 'costma...
 * /move_base/local_costmap/publish_frequency: 5.0
 * /move_base/local_costmap/publish_voxel_map: False
 * /move_base/local_costmap/raytrace_range: 3.0
 * /move_base/local_costmap/resolution: 0.05
 * /move_base/local_costmap/robot_base_frame: base_link
 * /move_base/local_costmap/rolling_window: True
 * /move_base/local_costmap/static_map: False
 * /move_base/local_costmap/transform_tolerance: 0.5
 * /move_base/local_costmap/update_frequency: 20.0
 * /move_base/local_costmap/width: 10.0
 * /move_base/local_costmap/z_resolution: 1
 * /move_base/local_costmap/z_voxels: 2
 * /move_base/oscillation_distance: 0.5
 * /move_base/oscillation_timeout: 0.0
 * /move_base/planner_frequency: 20.0
 * /move_base/planner_patience: 5.0
 * /move_base/recovery_behavior_enabled: True
 * /move_base/shutdown_costmaps: False
 * /rosdistro: melodic
 * /rosversion: 1.14.13

NODES
  /
    move_base (move_base/move_base)

[1mROS_MASTER_URI=http://127.0.0.1:11311[0m
]2;/opt/barn_ws/src/the-barn-challenge/jackal_helper/../jackal_helper/launch/move_base_DWA.launch http://127.0.0.1:11311
[1mprocess[move_base-1]: started with pid [294][0m
[move_base-1] killing on exit
shutting down processing monitor...
... shutting down processing monitor complete
[1mdone[0m
x: -2.26 (m), y: 8.11 (m)
Time: 10.12 (s), x: -2.26 (m), y: 8.16 (m)
Time: 10.22 (s), x: -2.26 (m), y: 8.21 (m)
Time: 10.33 (s), x: -2.26 (m), y: 8.26 (m)
Time: 10.44 (s), x: -2.26 (m), y: 8.32 (m)
Time: 10.55 (s), x: -2.26 (m), y: 8.37 (m)
Time: 10.65 (s), x: -2.26 (m), y: 8.42 (m)
Time: 10.75 (s), x: -2.26 (m), y: 8.47 (m)
Time: 10.86 (s), x: -2.26 (m), y: 8.53 (m)
Time: 10.96 (s), x: -2.26 (m), y: 8.58 (m)
Time: 11.07 (s), x: -2.26 (m), y: 8.63 (m)
Time: 11.17 (s), x: -2.26 (m), y: 8.68 (m)
Time: 11.28 (s), x: -2.26 (m), y: 8.74 (m)
Time: 11.39 (s), x: -2.26 (m), y: 8.79 (m)
Time: 11.50 (s), x: -2.26 (m), y: 8.85 (m)
Time: 11.61 (s), x: -2.26 (m), y: 8.90 (m)
Time: 11.71 (s), x: -2.26 (m), y: 8.96 (m)
Time: 11.82 (s), x: -2.25 (m), y: 9.01 (m)
Time: 11.93 (s), x: -2.25 (m), y: 9.06 (m)
Time: 12.03 (s), x: -2.25 (m), y: 9.11 (m)
Time: 12.14 (s), x: -2.25 (m), y: 9.17 (m)
Time: 12.24 (s), x: -2.25 (m), y: 9.22 (m)
Time: 12.35 (s), x: -2.25 (m), y: 9.27 (m)
Time: 12.46 (s), x: -2.25 (m), y: 9.33 (m)
Time: 12.56 (s), x: -2.25 (m), y: 9.38 (m)
Time: 12.67 (s), x: -2.25 (m), y: 9.43 (m)
Time: 12.77 (s), x: -2.25 (m), y: 9.48 (m)
Time: 12.87 (s), x: -2.25 (m), y: 9.54 (m)
Time: 12.98 (s), x: -2.25 (m), y: 9.59 (m)
Time: 13.09 (s), x: -2.25 (m), y: 9.64 (m)
Time: 13.19 (s), x: -2.25 (m), y: 9.69 (m)
Time: 13.29 (s), x: -2.25 (m), y: 9.74 (m)
Time: 13.40 (s), x: -2.24 (m), y: 9.80 (m)
Time: 13.50 (s), x: -2.24 (m), y: 9.85 (m)
Time: 13.61 (s), x: -2.24 (m), y: 9.90 (m)
Time: 13.71 (s), x: -2.24 (m), y: 9.95 (m)
Time: 13.81 (s), x: -2.24 (m), y: 10.00 (m)
Time: 13.92 (s), x: -2.24 (m), y: 10.06 (m)
Time: 14.02 (s), x: -2.24 (m), y: 10.11 (m)
Time: 14.13 (s), x: -2.24 (m), y: 10.16 (m)
Time: 14.24 (s), x: -2.24 (m), y: 10.22 (m)
Time: 14.34 (s), x: -2.24 (m), y: 10.27 (m)
Time: 14.44 (s), x: -2.24 (m), y: 10.32 (m)
Time: 14.54 (s), x: -2.24 (m), y: 10.37 (m)
Time: 14.65 (s), x: -2.24 (m), y: 10.42 (m)
Time: 14.75 (s), x: -2.24 (m), y: 10.47 (m)
Time: 14.86 (s), x: -2.24 (m), y: 10.52 (m)
Time: 14.96 (s), x: -2.24 (m), y: 10.58 (m)
Time: 15.07 (s), x: -2.23 (m), y: 10.64 (m)
Time: 15.18 (s), x: -2.23 (m), y: 10.69 (m)
Time: 15.28 (s), x: -2.23 (m), y: 10.74 (m)
Time: 15.38 (s), x: -2.23 (m), y: 10.79 (m)
Time: 15.49 (s), x: -2.23 (m), y: 10.85 (m)
Time: 15.59 (s), x: -2.23 (m), y: 10.90 (m)
Time: 15.70 (s), x: -2.23 (m), y: 10.95 (m)
Time: 15.81 (s), x: -2.23 (m), y: 11.00 (m)
Time: 15.91 (s), x: -2.23 (m), y: 11.06 (m)
Time: 16.02 (s), x: -2.23 (m), y: 11.11 (m)
Time: 16.12 (s), x: -2.23 (m), y: 11.16 (m)
Time: 16.23 (s), x: -2.23 (m), y: 11.21 (m)
Time: 16.33 (s), x: -2.23 (m), y: 11.26 (m)
Time: 16.43 (s), x: -2.23 (m), y: 11.31 (m)
Time: 16.53 (s), x: -2.23 (m), y: 11.36 (m)
Time: 16.63 (s), x: -2.22 (m), y: 11.42 (m)
Time: 16.74 (s), x: -2.22 (m), y: 11.47 (m)
Time: 16.84 (s), x: -2.22 (m), y: 11.52 (m)
Time: 16.95 (s), x: -2.22 (m), y: 11.57 (m)
Time: 17.05 (s), x: -2.22 (m), y: 11.62 (m)
Time: 17.15 (s), x: -2.22 (m), y: 11.68 (m)
Time: 17.26 (s), x: -2.22 (m), y: 11.73 (m)
Time: 17.37 (s), x: -2.22 (m), y: 11.78 (m)
Time: 17.47 (s), x: -2.22 (m), y: 11.83 (m)
Time: 17.58 (s), x: -2.22 (m), y: 11.89 (m)
Time: 17.68 (s), x: -2.22 (m), y: 11.94 (m)
Time: 17.80 (s), x: -2.22 (m), y: 12.00 (m)
Time: 17.91 (s), x: -2.22 (m), y: 12.05 (m)
>>>>>>>>>>>>>>>>>> Test finished! <<<<<<<<<<<<<<<<<<
Navigation succeeded with time 17.9060 (s)
Navigation metric: 0.3168
