xacro: in-order processing became default in ROS Melodic. You can drop the option.
ALSA lib confmisc.c:767:(parse_card) cannot find card '0'
ALSA lib conf.c:4528:(_snd_config_evaluate) function snd_func_card_driver returned error: No such file or directory
ALSA lib confmisc.c:392:(snd_func_concat) error evaluating strings
ALSA lib conf.c:4528:(_snd_config_evaluate) function snd_func_concat returned error: No such file or directory
ALSA lib confmisc.c:1246:(snd_func_refer) error evaluating name
ALSA lib conf.c:4528:(_snd_config_evaluate) function snd_func_refer returned error: No such file or directory
ALSA lib conf.c:5007:(snd_config_expand) Evaluate error: No such file or directory
ALSA lib pcm.c:2495:(snd_pcm_open_noupdate) Unknown PCM default
AL lib: (EE) ALCplaybackAlsa_open: Could not open playback device 'default': No such file or directory
[33m[ WARN] [1788540615.641013998, 0.090000000]: Failed to meet update rate! Took 0.085000000000000006106[0m
[33m[ WARN] [1788540615.646444336, 0.094000000]: Failed to meet update rate! Took 0.074000000000000010214[0m
[0m[ INFO] [1788540614.678532969]: Finished loading Gazebo ROS API Plugin.[0m
[0m[ INFO] [1788540614.683920223]: waitForService: Service [/gazebo/set_physics_properties] has not been advertised, waiting...[0m
[0m[ INFO] [1788540615.429513655]: waitForService: Service [/gazebo/set_physics_properties] is now available.[0m
[0m[ INFO] [1788540615.507252025, 0.008000000]: Physics dynamic reconfigure ready.[0m
[1;33mWarning [parser_urdf.cc:1115][0m multiple inconsistent <gravity> exists due to fixed joint reduction overwriting previous value [true] with [false].
[1;33mWarning [parser_urdf.cc:1115][0m multiple inconsistent <gravity> exists due to fixed joint reduction overwriting previous value [false] with [true].
[31m[ERROR] [1788540616.170075877, 0.125000000]: No p gain specified for pid.  Namespace: /gazebo_ros_control/pid_gains/front_left_wheel[0m
[31m[ERROR] [1788540616.171297221, 0.125000000]: No p gain specified for pid.  Namespace: /gazebo_ros_control/pid_gains/front_right_wheel[0m
[31m[ERROR] [1788540616.172644983, 0.125000000]: No p gain specified for pid.  Namespace: /gazebo_ros_control/pid_gains/rear_left_wheel[0m
[31m[ERROR] [1788540616.173778117, 0.125000000]: No p gain specified for pid.  Namespace: /gazebo_ros_control/pid_gains/rear_right_wheel[0m
... logging to /root/.ros/log/b1831472-a880-11f1-b368-1a78306416a9/roslaunch-orbstack-287.log
Checking log directory for disk usage. This may take a while.
Press Ctrl-C to interrupt
Done checking log file disk usage. Usage is <1GB.
]2;/opt/barn_ws/src/the-barn-challenge/jackal_helper/../jackal_helper/launch/move_base_DWA.launch
[1mstarted roslaunch server http://localhost:46705/[0m

SUMMARY
========

PARAMETERS
 * /move_base/TrajectoryPlannerROS/acc_lim_theta: 20.0
 * /move_base/TrajectoryPlannerROS/acc_lim_x: 10.0
 * /move_base/TrajectoryPlannerROS/angular_sim_granularity: 0.02
 * /move_base/TrajectoryPlannerROS/controller_frequency: 20.0
 * /move_base/TrajectoryPlannerROS/dwa: True
 * /move_base/TrajectoryPlannerROS/escape_reset_dist: 0.1
 * /move_base/TrajectoryPlannerROS/escape_reset_theta: 0.1
 * /move_base/TrajectoryPlannerROS/escape_vel: -0.5
 * /move_base/TrajectoryPlannerROS/gdist_scale: 1.0
 * /move_base/TrajectoryPlannerROS/heading_lookahead: 0.325
 * /move_base/TrajectoryPlannerROS/heading_scoring: False
 * /move_base/TrajectoryPlannerROS/heading_scoring_timestep: 0.8
 * /move_base/TrajectoryPlannerROS/holonomic_robot: False
 * /move_base/TrajectoryPlannerROS/latch_xy_goal_tolerance: False
 * /move_base/TrajectoryPlannerROS/max_vel_theta: 1.57
 * /move_base/TrajectoryPlannerROS/max_vel_x: 0.5
 * /move_base/TrajectoryPlannerROS/meter_scoring: True
 * /move_base/TrajectoryPlannerROS/min_in_place_vel_theta: 0.314
 * /move_base/TrajectoryPlannerROS/min_vel_theta: -1.57
 * /move_base/TrajectoryPlannerROS/min_vel_x: 0.1
 * /move_base/TrajectoryPlannerROS/occdist_scale: 0.1
 * /move_base/TrajectoryPlannerROS/oscillation_reset_dist: 0.05
 * /move_base/TrajectoryPlannerROS/pdist_scale: 0.75
 * /move_base/TrajectoryPlannerROS/publish_cost_grid_pc: True
 * /move_base/TrajectoryPlannerROS/sim_granularity: 0.02
 * /move_base/TrajectoryPlannerROS/sim_time: 2.0
 * /move_base/TrajectoryPlannerROS/simple_attractor: False
 * /move_base/TrajectoryPlannerROS/vtheta_samples: 20
 * /move_base/TrajectoryPlannerROS/vx_samples: 6
 * /move_base/TrajectoryPlannerROS/xy_goal_tolerance: 0.25
 * /move_base/TrajectoryPlannerROS/yaw_goal_tolerance: 0.157
 * /move_base/base_global_planner: navfn/NavfnROS
 * /move_base/base_local_planner: base_local_planne...
 * /move_base/clearing_rotation_allowed: True
 * /move_base/controller_frequency: 20.0
 * /move_base/controller_patience: 15.0
 * /move_base/global_costmap/footprint: [[-0.21, -0.165],...
 * /move_base/global_costmap/footprint_padding: 0.1
 * /move_base/global_costmap/global_frame: odom
 * /move_base/global_costmap/height: 40.0
 * /move_base/global_costmap/inflater_layer/inflation_radius: 0.3
 * /move_base/global_costmap/map_type: costmap
 * /move_base/global_costmap/meter_scoring: True
 * /move_base/global_costmap/obstacle_range: 2.5
 * /move_base/global_costmap/obstacles_layer/observation_sources: scan
 * /move_base/global_costmap/obstacles_layer/scan/clearing: True
 * /move_base/global_costmap/obstacles_layer/scan/data_type: LaserScan
 * /move_base/global_costmap/obstacles_layer/scan/marking: True
 * /move_base/global_costmap/obstacles_layer/scan/max_obstacle_height: 2.0
 * /move_base/global_costmap/obstacles_layer/scan/min_obstacle_height: -2.0
 * /move_base/global_costmap/obstacles_layer/scan/obstacle_range: 2.5
 * /move_base/global_costmap/obstacles_layer/scan/raytrace_range: 3.0
 * /move_base/global_costmap/obstacles_layer/scan/sensor_frame: front_laser
 * /move_base/global_costmap/obstacles_layer/scan/topic: front/scan
 * /move_base/global_costmap/origin_x: -20.0
 * /move_base/global_costmap/origin_y: -20.0
 * /move_base/global_costmap/origin_z: 0.0
 * /move_base/global_costmap/plugins: [{'type': 'costma...
 * /move_base/global_costmap/publish_frequency: 5
 * /move_base/global_costmap/publish_voxel_map: False
 * /move_base/global_costmap/raytrace_range: 3.0
 * /move_base/global_costmap/resolution: 0.05
 * /move_base/global_costmap/robot_base_frame: base_link
 * /move_base/global_costmap/rolling_window: False
 * /move_base/global_costmap/static_map: True
 * /move_base/global_c[33m[ WARN] [1788540619.761530040, 1.860000000]: global_costmap: Pre-Hydro parameter "static_map" unused since "plugins" is provided[0m
[33m[ WARN] [1788540619.768038513, 1.863000000]: global_costmap: Pre-Hydro parameter "map_type" unused since "plugins" is provided[0m
[33m[ WARN] [1788540619.878701913, 1.925000000]: local_costmap: Pre-Hydro parameter "static_map" unused since "plugins" is provided[0m
[33m[ WARN] [1788540619.878881665, 1.925000000]: local_costmap: Pre-Hydro parameter "map_type" unused since "plugins" is provided[0m
[33m[ WARN] [1788540619.948961928, 1.966000000]: Parameter pdist_scale is deprecated. Please use the name path_distance_bias instead.[0m
[33m[ WARN] [1788540619.952066079, 1.967000000]: Parameter gdist_scale is deprecated. Please use the name goal_distance_bias instead.[0m
>>>>>>>>>>>>>>>>>> Loading Gazebo Simulation with BARN/world_6.world <<<<<<<<<<<<<<<<<<
Time: 0.01 (s), x: -2.25 (m), y: 3.11 (m)
Time: 0.11 (s), x: -2.25 (m), y: 3.16 (m)
Time: 0.21 (s), x: -2.25 (m), y: 3.21 (m)
Time: 0.32 (s), x: -2.25 (m), y: 3.26 (m)
Time: 0.42 (s), x: -2.25 (m), y: 3.31 (m)
Time: 0.52 (s), x: -2.25 (m), y: 3.36 (m)
Time: 0.62 (s), x: -2.25 (m), y: 3.41 (m)
Time: 0.73 (s), x: -2.25 (m), y: 3.46 (m)
Time: 0.83 (s), x: -2.25 (m), y: 3.52 (m)
Time: 0.93 (s), x: -2.25 (m), y: 3.57 (m)
Time: 1.03 (s), x: -2.25 (m), y: 3.62 (m)
Time: 1.14 (s), x: -2.25 (m), y: 3.67 (m)
Time: 1.24 (s), x: -2.25 (m), y: 3.72 (m)
Time: 1.34 (s), x: -2.25 (m), y: 3.78 (m)
Time: 1.44 (s), x: -2.26 (m), y: 3.82 (m)
Time: 1.55 (s), x: -2.26 (m), y: 3.88 (m)
Time: 1.65 (s), x: -2.26 (m), y: 3.93 (m)
Time: 1.75 (s), x: -2.26 (m), y: 3.98 (m)
Time: 1.85 (s), x: -2.27 (m), y: 4.03 (m)
Time: 1.95 (s), x: -2.27 (m), y: 4.08 (m)
Time: 2.06 (s), x: -2.27 (m), y: 4.13 (m)
Time: 2.17 (s), x: -2.28 (m), y: 4.18 (m)
Time: 2.27 (s), x: -2.28 (m), y: 4.23 (m)
Time: 2.37 (s), x: -2.29 (m), y: 4.27 (m)
Time: 2.48 (s), x: -2.29 (m), y: 4.32 (m)
Time: 2.58 (s), x: -2.29 (m), y: 4.36 (m)
Time: 2.69 (s), x: -2.30 (m), y: 4.40 (m)
Time: 2.79 (s), x: -2.30 (m), y: 4.43 (m)
Time: 2.89 (s), x: -2.30 (m), y: 4.47 (m)
Time: 3.00 (s), x: -2.30 (m), y: 4.51 (m)
Time: 3.10 (s), x: -2.31 (m), y: 4.54 (m)
Time: 3.21 (s), x: -2.31 (m), y: 4.57 (m)
Time: 3.31 (s), x: -2.31 (m), y: 4.59 (m)
Time: 3.41 (s), x: -2.31 (m), y: 4.62 (m)
Time: 3.52 (s), x: -2.31 (m), y: 4.65 (m)
Time: 3.62 (s), x: -2.32 (m), y: 4.68 (m)
Time: 3.73 (s), x: -2.32 (m), y: 4.70 (m)
Time: 3.83 (s), x: -2.32 (m), y: 4.72 (m)
Time: 3.93 (s), x: -2.32 (m), y: 4.74 (m)
Time: 4.04 (s), x: -2.32 (m), y: 4.76 (m)
Time: 4.14 (s), x: -2.32 (m), y: 4.78 (m)
Time: 4.24 (s), x: -2.32 (m), y: 4.79 (m)
Time: 4.34 (s), x: -2.33 (m), y: 4.81 (m)
Time: 4.44 (s), x: -2.33 (m), y: 4.83 (m)
Time: 4.55 (s), x: -2.33 (m), y: 4.85 (m)
Time: 4.66 (s), x: -2.33 (m), y: 4.87 (m)
Time: 4.76 (s), x: -2.32 (m), y: 4.88 (m)
Time: 4.86 (s), x: -2.32 (m), y: 4.89 (m)
Time: 4.97 (s), x: -2.33 (m), y: 4.90 (m)
Time: 5.07 (s), x: -2.33 (m), y: 4.91 (m)
Time: 5.17 (s), x: -2.33 (m), y: 4.92 (m)
Time: 5.28 (s), x: -2.33 (m), y: 4.93 (m)
Time: 5.38 (s), x: -2.33 (m), y: 4.95 (m)
Time: 5.49 (s), x: -2.33 (m), y: 4.96 (m)
Time: 5.60 (s), x: -2.34 (m), y: 4.98 (m)
Time: 5.70 (s), x: -2.34 (m), y: 5.00 (m)
Time: 5.81 (s), x: -2.34 (m), y: 5.02 (m)
Time: 5.91 (s), x: -2.34 (m), y: 5.04 (m)
Time: 6.02 (s), x: -2.35 (m), y: 5.06 (m)
Time: 6.12 (s), x: -2.35 (m), y: 5.07 (m)
Time: 6.23 (s), x: -2.35 (m), y: 5.08 (m)
Time: 6.33 (s), x: -2.35 (m), y: 5.09 (m)
Time: 6.44 (s), x: -2.35 (m), y: 5.10 (m)
Time: 6.54 (s), x: -2.35 (m), y: 5.10 (m)
Time: 6.65 (s), x: -2.36 (m), y: 5.11 (m)
Time: 6.75 (s), x: -2.36 (m), y: 5.12 (m)
Time: 6.85 (s), x: -2.36 (m), y: 5.12 (m)
Time: 6.96 (s), x: -2.37 (m), y: 5.12 (m)
Time: 7.06 (s), x: -2.38 (m), y: 5.12 (m)
Time: 7.17 (s), x: -2.38 (m), y: 5.12 (m)
Time: 7.27 (s), x: -2.39 (m), y: 5.12 (m)
Time: 7.38 (s), x: -2.39 (m), y: 5.13 (m)
Time: 7.48 (s), x: -2.39 (m), y: 5.17 (m)
Time: 7.59 (s), x: -2.38 (m), y: 5.21 (m)
Time: 7.69 (s), x: -2.37 (m), y: 5.25 (m)
Time: 7.79 (s), x: -2.36 (m), y: 5.31 (m)
Time: 7.89 (s), x: -2.35 (m), y: 5.36 (m)
Time: 8.00 (s), x: -2.35 (m), y: 5.42 (m)
Time: 8.10 (s), x: -2.34 (m), y: 5.47 (m)
Time: 8.21 (s), x: -2.34 (m), y: 5.52 (m)
Time: 8.31 (s), x: -2.35 (m), y: 5.57 (m)
Time: 8.41 (s), x: -2.35 (m), y: 5.62 (m)
Time: 8.51 (s), x: -2.36 (m), y: 5.67 (m)
Time: 8.62 (s), x: -2.37 (m), y: 5.72 (m)
Time: 8.72 (s), x: -2.38 (m), y: 5.76 (m)
Time: 8.82 (s), x: -2.39 (m), y: 5.80 (m)
Time: 8.92 (s), x: -2.39 (m), y: 5.83 (m)
Time: 9.03 (s), x: -2.40 (m), y: 5.87 (m)
Time: 9.13 (s), x: -2.41 (m), y: 5.90 (m)
Time: 9.24 (s), x: -2.43 (m), y: 5.94 (m)
Time: 9.34 (s), x: -2.44 (m), y: 5.97 (m)
Time: 9.44 (s), x: -2.45 (m), y: 5.99 (m)
Time: 9.55 (s), x: -2.46 (m), y: 6.02 (m)
Time: 9.65 (s), x: -2.47 (m), y: 6.03 (m)
Time: 9.75 (s), x: -2.47 (m), y: 6.03 (m)
Time: 9.86 (s), x: -2.46 (m), y: 6.03 (m)
Time: 9.96 (s), x: -2.46 (m), y: 6.03 (m)
Time: 10.07 (s), x: -2.46 (m), y: 6.05 (m)
Time: 10.17 (s), x: -2.49 (m), y: 6.08 (m)
Time: 10.27 (s), x: -2.52 (m), y: 6.12 (m)
Time: 10.38 (s), x: -2.55 (m), y: 6.16 (m)
Time: 10.48 (s), x: -2.58 (m), y: 6.20 (m)
Time: 10.59 (s), x: -2.62 (m), y: 6.25 (m)
Time: 10.69 (s), x: -2.66 (m), y: 6.30 (m)
Time: 10.80 (s), x: -2.69 (m), y: 6.34 (m)
Time: 10.91 (s), x: -2.72 (m), y: 6.39 (m)
Time: 11.01 (s), x: -2.75 (m), y: 6.43 (m)
Time: 11.12 (s), x: -2.77 (m), y: 6.48 (m)
Time: 11.22 (s), x: -2.79 (m), y: 6.53 (m)
Time: 11.32 (s), x: -2.80 (m), y: 6.58 (m)
Time: 11.42 (s), x: -2.81 (m), y: 6.63 (m)
Time: 11.52 (s), x: -2.82 (m), y: 6.68 (m)
Time: 11.63 (s), x: -2.83 (m), y: 6.73 (m)
Time: 11.73 (s), x: -2.84 (m), y: 6.78 (m)
Time: 11.84 (s), x: -2.85 (m), y: 6.83 (m)
Time: 11.94 (s), x: -2.85 (m), y: 6.89 (m)
Time: 12.04 (s), x: -2.86 (m), y: 6.94 (m)
Time: 12.15 (s), x: -2.86 (m), y: 6.99 (m)
Time: 12.25 (s), x: -2.87 (m), y: 7.04 (m)
Time: 12.36 (s), x: -2.88 (m), y: 7.10 (m)
Time: 12.46 (s), x: -2.88 (m), y: 7.14 (m)
Time: 12.56 (s), x: -2.89 (m), y: 7.20 (m)
Time: 12.67 (s), x: -2.89 (m), y: 7.25 (m)
Time: 12.77 (s), x: -2.89 (m), y: 7.30 (m)
Time: 12.87 (s), x: -2.90 (m), y: 7.35 (m)
Time: 12.97 (s), x: -2.90 (m), y: 7.40 (m)
Time: 13.08 (s), x: -2.90 (m), y: 7.45 (m)
Time: 13.18 (s), x: -2.91 (m), y: 7.50 (m)
Time: 13.28 (s), x: -2.91 (m), y: 7.56 (m)
Time: 13.39 (s), x: -2.91 (m), y: 7.61 (m)
Time: 13.49 (s), x: -2.91 (m), y: 7.66 (m)
Time: 13.60 (s), x: -2.92 (m), y: 7.71 (m)
Time: 13.70 (s), x: -2.92 (m), y: 7.76 (m)
Time: 13.80 (s), x: -2.92 (m), y: 7.82 (m)
Time: 13.91 (s), x: -2.92 (m), y: 7.87 (m)
Time: 14.01 (s), x: -2.92 (m), y: 7.92 (m)
Time: 14.12 (s), x: -2.92 (m), y: 7.97 (m)
Time: 14.22 (s), x: -2.92 (m), y: 8.02 (m)
Time: 14.32 (s), x: -2.92 (m), y: 8.07 (m)
Time: 14.42 (s), x: -2.92 (m), y: 8.12 (m)
Time: 14.53 (s), x: -2.93 (m), y: 8.17 (m)
Time: 14.63 (s), x: -2.93 (m), y: 8.22 (m)
Time: 14.73 (s), x: -2.92 (m), y: 8.25 (m)
Time: 14.84 (s), x: -2.92 (m), y: 8.27 (m)
Time: 14.94 (s), x: -2.92 (m), y: 8.29 (m)
Time: 15.04 (s), x: -2.93 (m), y: 8.30 (m)
Time: 15.15 (s), x: -2.93 (m), y: 8.31 (m)
Time: 15.25 (s), x: -2.94 (m), y: 8.31 (m)
Time: 15.36 (s), x: -2.94 (m), y: 8.32 (m)
Time: 15.46 (s), x: -2.94 (m), y: 8.32 (m)
Time: 15.56 (s), x: -2.94 (m), y: 8.33 (m)
Time: 15.66 (s), x: -2.93 (m), y: 8.34 (m)
Time: 15.76 (s), x: -2.93 (m), y: 8.35 (m)
Time: 15.87 (s), x: -2.92 (m), y: 8.36 (m)
Time: 15.98 (s), x: -2.92 (m), y: 8.37 (m)
Time: 16.08 (s), x: -2.92 (m), y: 8.39 (m)
Time: 16.18 (s), x: -2.91 (m), y: 8.40 (m)
Time: 16.29 (s), x: -2.91 (m), y: 8.41 (m)
Time: 16.39 (s), x: -2.91 (m), y: 8.42 (m)
Time: 16.50 (s), x: -2.91 (m), y: 8.43 (m)
Time: 16.60 (s), x: -2.91 (m), y: 8.43 (m)
Time: 16.71 (s), x: -2.91 (m), y: 8.44 (m)
Time: 16.81 (s), x: -2.92 (m), y: 8.45 (m)
Time: 16.91 (s), x: -2.92 (m), y: 8.46 (m)
Time: 17.02 (s), x: -2.91 (m), y: 8.46 (m)
Time: 17.12 (s), x: -2.91 (m), y: 8.46 (m)
Time: 17.22 (s), x: -2.91 (m), y: 8.47 (m)
Time: 17.32 (s), x: -2.91 (m), y: 8.48 (m)
Time: 17.42 (s), x: -2.91 (m), y: 8.49 (m)
Time: 17.52 (s), x: -2.92 (m), y: 8.51 (m)
Time: 17.63 (s), x: -2.92 (m), y: 8.52 (m)
Time: 17.73 (s), x: -2.93 (m), y: 8.53 (m)
Time: 17.83 (s), x: -2.93 (m), y: 8.54 (m)
Time: 17.94 (s), x: -2.94 (m), y: 8.55 (m)
Time: 18.04 (s), x: -2.95 (m), y: 8.57 (m)
Time: 18.14 (s), x: -2.98 (m), y: 8.62 (m)
Time: 18.25 (s), x: -3.00 (m), y: 8.66 (m)
Time: 18.35 (s), x: -3.03 (m), y: 8.70 (m)
Time: 18.45 (s), x: -3.05 (m), y: 8.74 (m)
Time: 18.55 (s), x: -3.08 (m), y: 8.78 (m)
Time: 18.66 (s), x: -3.11 (m), y: 8.83 (m)
Time: 18.76 (s), x: -3.13 (m), y: 8.86 (m)
Time: 18.86 (s), x: -3.14 (m), y: 8.91 (m)
Time: 18.96 (s), x: -3.16 (m), y: 8.95 (m)
Time: 19.06 (s), x: -3.17 (m), y: 9.01 (m)
Time: 19.17 (s), x: -3.18 (m), y: 9.07 (m)
Time: 19.27 (s), x: -3.19 (m), y: 9.12 (m)
Time: 19.37 (s), x: -3.20 (m), y: 9.17 (m)
Time: 19.48 (s), x: -3.21 (m), y: 9.22 (m)
Time: 19.58 (s), x: -3.21 (m), y: 9.27 (m)
Time: 19.68 (s), x: -3.22 (m), ... logging to /root/.ros/log/b1831472-a880-11f1-b368-1a78306416a9/roslaunch-orbstack-57.log
Checking log directory for disk usage. This may take a while.
Press Ctrl-C to interrupt
Done checking log file disk usage. Usage is <1GB.
]2;/opt/barn_ws/src/the-barn-challenge/jackal_helper/launch/gazebo_launch.launch
[1mstarted roslaunch server http://localhost:37283/[0m

SUMMARY
========

PARAMETERS
 * /ekf_localization/base_link_frame: base_link
 * /ekf_localization/frequency: 50
 * /ekf_localization/imu0: /imu/data
 * /ekf_localization/imu0_config: [False, False, Fa...
 * /ekf_localization/imu0_differential: False
 * /ekf_localization/odom0: /jackal_velocity_...
 * /ekf_localization/odom0_config: [False, False, Fa...
 * /ekf_localization/odom0_differential: False
 * /ekf_localization/odom_frame: odom
 * /ekf_localization/predict_to_current_time: True
 * /ekf_localization/world_frame: odom
 * /gazebo/enable_ros_network: True
 * /jackal_joint_publisher/publish_rate: 50
 * /jackal_joint_publisher/type: joint_state_contr...
 * /jackal_velocity_controller/angular/z/has_acceleration_limits: True
 * /jackal_velocity_controller/angular/z/has_velocity_limits: True
 * /jackal_velocity_controller/angular/z/max_acceleration: 25.0
 * /jackal_velocity_controller/angular/z/max_velocity: 4.0
 * /jackal_velocity_controller/cmd_vel_timeout: 0.25
 * /jackal_velocity_controller/enable_odom_tf: False
 * /jackal_velocity_controller/k_l: 0.1
 * /jackal_velocity_controller/k_r: 0.1
 * /jackal_velocity_controller/left_wheel: ['front_left_whee...
 * /jackal_velocity_controller/linear/x/has_acceleration_limits: True
 * /jackal_velocity_controller/linear/x/has_velocity_limits: True
 * /jackal_velocity_controller/linear/x/max_acceleration: 20.0
 * /jackal_velocity_controller/linear/x/max_velocity: 2.0
 * /jackal_velocity_controller/pose_covariance_diagonal: [0.001, 0.001, 10...
 * /jackal_velocity_controller/publish_rate: 50
 * /jackal_velocity_controller/right_wheel: ['front_right_whe...
 * /jackal_velocity_controller/twist_covariance_diagonal: [0.001, 0.001, 0....
 * /jackal_velocity_controller/type: diff_drive_contro...
 * /jackal_velocity_controller/wheel_radius_multiplier: 1.0
 * /jackal_velocity_controller/wheel_separation_multiplier: 1.5
 * /robot_description: <?xml version="1....
 * /rosdistro: melodic
 * /rosversion: 1.14.13
 * /twist_mux/locks: [{'topic': 'e_sto...
 * /twist_mux/topics: [{'topic': 'joy_t...
 * /use_sim_time: True

NODES
  /
    collision_publisher_node (jackal_helper/collision_publisher_node)
    controller_spawner (controller_manager/spawner)
    ekf_localization (robot_localization/ekf_localization_node)
    gazebo (gazebo_ros/gzserver)
    robot_state_publisher (robot_state_publisher/robot_state_publisher)
    twist_marker_server (interactive_marker_twist_server/marker_server)
    twist_mux (twist_mux/twist_mux)
    urdf_spawner (gazebo_ros/spawn_model)

auto-starting new master
[1mprocess[master]: started with pid [75][0m
[1mROS_MASTER_URI=http://127.0.0.1:11311[0m
]2;/opt/barn_ws/src/the-barn-challenge/jackal_helper/launch/gazebo_launch.launch http://127.0.0.1:11311
[1msetting /run_id to b1831472-a880-11f1-b368-1a78306416a9[0m
[1mprocess[rosout-1]: started with pid [86][0m
started core service [/rosout]
[1mprocess[gazebo-2]: started with pid [89][0m
[1mprocess[robot_state_publisher-3]: started with pid [90][0m
[1mprocess[controller_spawner-4]: started with pid [91][0m
[1mprocess[ekf_localization-5]: started with pid [94][0m
[1mprocess[twist_mux-6]: started with pid [95][0m
[1mprocess[twist_marker_server-7]: started with pid [97][0m
[1mprocess[urdf_spawner-8]: started with pid [98][0m
[1mprocess[collision_publisher_node-9]: started with pid [100][0m
[1m[urdf_spawner-8] process has finished cleanly
log file: /root/.ros/log/b1831472-a880-11f1-b368-1a78306416a9/urdf_spawner-8*.log[0m
[collision_publisher_node-9] killing on exit
[twist_marker_server-7] killing on exit
[ekf_localization-5] killing on exit
[twist_mux-6] killing on exit
[controller_spawner-4] killing on exit
[robot_state_publisher-[31m[gazebo-2] escalating to SIGTERM[0m
[31m[collision_publisher_node-9] escalating to SIGTERM[0m
[31m[controller_spawner-4] escalating to SIGTERM[0m
[WARN] [1788540680.272837, 28.002000]: Controller Spawner error while taking down controllers: transport error completing service call: unable to receive data from sender, check sender's logs for details
3] killing on exit
[gazebo-2] killing on exit
[rosout-1] killing on exit
[master] killing on exit
shutting down processing monitor...
... shutting down processing monitor complete
[1mdone[0m
[0m[ INFO] [1788540619.769802028, 1.863000000]: global_costmap: Using plugin "obstacles_layer"[0m
[0m[ INFO] [1788540619.786663671, 1.873000000]:     Subscribed to Topics: scan[0m
[0m[ INFO] [1788540619.809367906, 1.886000000]: global_costmap: Using plugin "inflater_layer"[0m
[0m[ INFO] [1788540619.879579337, 1.925000000]: local_costmap: Using plugin "obstacles_layer"[0m
[0m[ INFO] [1788540619.884223835, 1.929000000]:     Subscribed to Topics: scan[0m
[0m[ INFO] [1788540619.892544989, 1.934000000]: local_costmap: Using plugin "inflater_layer"[0m
[0m[ INFO] [1788540619.941679866, 1.960000000]: Created local_planner base_local_planner/TrajectoryPlannerROS[0m
[0m[ INFO] [1788540619.946339989, 1.964000000]: Sim period is set to 0.05[0m
[0m[ INFO] [1788540620.104766046, 2.059000000]: Recovery behavior will clear layer 'obstacles'[0m
[0m[ INFO] [1788540620.111307352, 2.063000000]: Recovery behavior will clear layer 'obstacles'[0m
[0m[ INFO] [1788540620.161566572, 2.089000000]: odom received![0m
ostmap/transform_tolerance: 0.5
 * /move_base/global_costmap/update_frequency: 10
 * /move_base/global_costmap/width: 40.0
 * /move_base/global_costmap/z_resolution: 1
 * /move_base/global_costmap/z_voxels: 2
 * /move_base/local_costmap/footprint: [[-0.21, -0.165],...
 * /move_base/local_costmap/footprint_padding: 0.1
 * /move_base/local_costmap/global_frame: odom
 * /move_base/local_costmap/height: 10.0
 * /move_base/local_costmap/inflater_layer/inflation_radius: 0.3
 * /move_base/local_costmap/map_type: costmap
 * /move_base/local_costmap/meter_scoring: True
 * /move_base/local_costmap/obstacle_range: 2.5
 * /move_base/local_costmap/obstacles_layer/observation_sources: scan
 * /move_base/local_costmap/obstacles_layer/scan/clearing: True
 * /move_base/local_costmap/obstacles_layer/scan/data_type: LaserScan
 * /move_base/local_costmap/obstacles_layer/scan/marking: True
 * /move_base/local_costmap/obstacles_layer/scan/max_obstacle_height: 2.0
 * /move_base/local_costmap/obstacles_layer/scan/min_obstacle_height: -2.0
 * /move_base/local_costmap/obstacles_layer/scan/obstacle_range: 2.5
 * /move_base/local_costmap/obstacles_layer/scan/raytrace_range: 3.0
 * /move_base/local_costmap/obstacles_layer/scan/sensor_frame: front_laser
 * /move_base/local_costmap/obstacles_layer/scan/topic: front/scan
 * /move_base/local_costmap/origin_z: 0.0
 * /move_base/local_costmap/plugins: [{'type': 'costma...
 * /move_base/local_costmap/publish_frequency: 5.0
 * /move_base/local_costmap/publish_voxel_map: False
 * /move_base/local_costmap/raytrace_range: 3.0
 * /move_base/local_costmap/resolution: 0.05
 * /move_base/local_costmap/robot_base_frame: base_link
 * /move_base/local_costmap/rolling_window: True
 * /move_base/local_costmap/static_map: False
 * /move_base/local_costmap/transform_tolerance: 0.5
 * /move_base/local_costmap/update_frequency: 20.0
 * /move_base/local_costmap/width: 10.0
 * /move_base/local_costmap/z_resolution: 1
 * /move_base/local_costmap/z_voxels: 2
 * /move_base/oscillation_distance: 0.5
 * /move_base/oscillation_timeout: 0.0
 * /move_base/planner_frequency: 20.0
 * /move_base/planner_patience: 5.0
 * /move_base/recovery_behavior_enabled: True
 * /move_base/shutdown_costmaps: False
 * /rosdistro: melodic
 * /rosversion: 1.14.13

NODES
  /
    move_base (move_base/move_base)

[1mROS_MASTER_URI=http://127.0.0.1:11311[0m
]2;/opt/barn_ws/src/the-barn-challenge/jackal_helper/../jackal_helper/launch/move_base_DWA.launch http://127.0.0.1:11311
[1mprocess[move_base-1]: started with pid [306][0m
[move_base-1] killing on exit
shutting down processing monitor...
... shutting down processing monitor complete
[1mdone[0m
y: 9.33 (m)
Time: 19.79 (s), x: -3.22 (m), y: 9.38 (m)
Time: 19.89 (s), x: -3.22 (m), y: 9.43 (m)
Time: 20.00 (s), x: -3.21 (m), y: 9.48 (m)
Time: 20.10 (s), x: -3.21 (m), y: 9.53 (m)
Time: 20.20 (s), x: -3.21 (m), y: 9.59 (m)
Time: 20.30 (s), x: -3.20 (m), y: 9.64 (m)
Time: 20.40 (s), x: -3.19 (m), y: 9.69 (m)
Time: 20.50 (s), x: -3.18 (m), y: 9.74 (m)
Time: 20.60 (s), x: -3.17 (m), y: 9.79 (m)
Time: 20.71 (s), x: -3.17 (m), y: 9.84 (m)
Time: 20.81 (s), x: -3.16 (m), y: 9.89 (m)
Time: 20.92 (s), x: -3.15 (m), y: 9.94 (m)
Time: 21.02 (s), x: -3.14 (m), y: 9.99 (m)
Time: 21.12 (s), x: -3.12 (m), y: 10.04 (m)
Time: 21.22 (s), x: -3.11 (m), y: 10.09 (m)
Time: 21.32 (s), x: -3.10 (m), y: 10.14 (m)
Time: 21.42 (s), x: -3.09 (m), y: 10.19 (m)
Time: 21.53 (s), x: -3.08 (m), y: 10.24 (m)
Time: 21.63 (s), x: -3.07 (m), y: 10.29 (m)
Time: 21.73 (s), x: -3.06 (m), y: 10.34 (m)
Time: 21.83 (s), x: -3.05 (m), y: 10.39 (m)
Time: 21.93 (s), x: -3.03 (m), y: 10.43 (m)
Time: 22.04 (s), x: -3.02 (m), y: 10.48 (m)
Time: 22.14 (s), x: -3.01 (m), y: 10.54 (m)
Time: 22.25 (s), x: -3.00 (m), y: 10.59 (m)
Time: 22.35 (s), x: -2.99 (m), y: 10.64 (m)
Time: 22.45 (s), x: -2.97 (m), y: 10.69 (m)
Time: 22.56 (s), x: -2.96 (m), y: 10.74 (m)
Time: 22.66 (s), x: -2.95 (m), y: 10.79 (m)
Time: 22.77 (s), x: -2.94 (m), y: 10.84 (m)
Time: 22.87 (s), x: -2.93 (m), y: 10.89 (m)
Time: 22.97 (s), x: -2.91 (m), y: 10.94 (m)
Time: 23.07 (s), x: -2.90 (m), y: 10.99 (m)
Time: 23.18 (s), x: -2.89 (m), y: 11.04 (m)
Time: 23.29 (s), x: -2.88 (m), y: 11.10 (m)
Time: 23.39 (s), x: -2.87 (m), y: 11.15 (m)
Time: 23.49 (s), x: -2.85 (m), y: 11.19 (m)
Time: 23.59 (s), x: -2.84 (m), y: 11.24 (m)
Time: 23.70 (s), x: -2.83 (m), y: 11.30 (m)
Time: 23.80 (s), x: -2.81 (m), y: 11.34 (m)
Time: 23.90 (s), x: -2.80 (m), y: 11.39 (m)
Time: 24.00 (s), x: -2.79 (m), y: 11.44 (m)
Time: 24.11 (s), x: -2.77 (m), y: 11.49 (m)
Time: 24.22 (s), x: -2.76 (m), y: 11.55 (m)
Time: 24.32 (s), x: -2.75 (m), y: 11.59 (m)
Time: 24.43 (s), x: -2.73 (m), y: 11.65 (m)
Time: 24.53 (s), x: -2.72 (m), y: 11.70 (m)
Time: 24.64 (s), x: -2.70 (m), y: 11.74 (m)
Time: 24.74 (s), x: -2.69 (m), y: 11.79 (m)
Time: 24.84 (s), x: -2.67 (m), y: 11.85 (m)
Time: 24.95 (s), x: -2.66 (m), y: 11.89 (m)
Time: 25.05 (s), x: -2.65 (m), y: 11.95 (m)
Time: 25.16 (s), x: -2.63 (m), y: 11.99 (m)
Time: 25.26 (s), x: -2.62 (m), y: 12.05 (m)
Time: 25.36 (s), x: -2.60 (m), y: 12.10 (m)
>>>>>>>>>>>>>>>>>> Test finished! <<<<<<<<<<<<<<<<<<
Navigation succeeded with time 25.3640 (s)
Navigation metric: 0.2464
