xacro: in-order processing became default in ROS Melodic. You can drop the option.
ALSA lib confmisc.c:767:(parse_card) cannot find card '0'
ALSA lib conf.c:4528:(_snd_config_evaluate) function snd_func_card_driver returned error: No such file or directory
ALSA lib confmisc.c:392:(snd_func_concat) error evaluating strings
ALSA lib conf.c:4528:(_snd_config_evaluate) function snd_func_concat returned error: No such file or directory
ALSA lib confmisc.c:1246:(snd_func_refer) error evaluating name
ALSA lib conf.c:4528:(_snd_config_evaluate) function snd_func_refer returned error: No such file or directory
ALSA lib conf.c:5007:(snd_config_expand) Evaluate error: No such file or directory
ALSA lib pcm.c:2495:(snd_pcm_open_noupdate) Unknown PCM default
AL lib: (EE) ALCplaybackAlsa_open: Could not open playback device 'default': No such file or directory
[1;33mWarning [parser_urdf.cc:1115][0m multiple inconsistent <gravity> exists due to fixed joint reduction overwriting previous value [true] with [false].
[1;33mWarning [parser_urdf.cc:1115][0m multiple inconsistent <gravity> exists due to fixed joint reduction overwriting previous value [false] with [true].
[0m[ INFO] [1788540818.714502342]: Finished loading Gazebo ROS API Plugin.[0m
[0m[ INFO] [1788540818.718091992]: waitForService: Service [/gazebo/set_physics_properties] has not been advertised, waiting...[0m
[0m[ INFO] [1788540819.491036933]: waitForService: Service [/gazebo/set_physics_properties] is now available.[0m
[0m[ INFO] [1788540819.520431269]: Physics dynamic reconfigure ready.[0m
[31m[ERROR] [1788540820.034509791, 0.137000000]: No p gain specified for pid.  Namespace: /gazebo_ros_control/pid_gains/front_left_wheel[0m
[31m[ERROR] [1788540820.034976341, 0.137000000]: No p gain specified for pid.  Namespace: /gazebo_ros_control/pid_gains/front_right_wheel[0m
[31m[ERROR] [1788540820.035274430, 0.137000000]: No p gain specified for pid.  Namespace: /gazebo_ros_control/pid_gains/rear_left_wheel[0m
[31m[ERROR] [1788540820.035518226, 0.137000000]: No p gain specified for pid.  Namespace: /gazebo_ros_control/pid_gains/rear_right_wheel[0m
[33m[ WARN] [1788540820.075446882, 0.139000000]: Failed to meet update rate! Took 0.13800000000000001155[0m
[33m[ WARN] [1788540820.079739254, 0.143000000]: Failed to meet update rate! Took 0.1230000000000000121[0m
... logging to /root/.ros/log/2c166234-a881-11f1-8edd-1a78306416a9/roslaunch-orbstack-285.log
Checking log directory for disk usage. This may take a while.
Press Ctrl-C to interrupt
Done checking log file disk usage. Usage is <1GB.
]2;/opt/barn_ws/src/the-barn-challenge/jackal_helper/../jackal_helper/launch/move_base_DWA.launch
[1mstarted roslaunch server http://localhost:35861/[0m

SUMMARY
========

PARAMETERS
 * /move_base/TrajectoryPlannerROS/acc_lim_theta: 20.0
 * /move_base/TrajectoryPlannerROS/acc_lim_x: 10.0
 * /move_base/TrajectoryPlannerROS/angular_sim_granularity: 0.02
 * /move_base/TrajectoryPlannerROS/controller_frequency: 20.0
 * /move_base/TrajectoryPlannerROS/dwa: True
 * /move_base/TrajectoryPlannerROS/escape_reset_dist: 0.1
 * /move_base/TrajectoryPlannerROS/escape_reset_theta: 0.1
 * /move_base/TrajectoryPlannerROS/escape_vel: -0.5
 * /move_base/TrajectoryPlannerROS/gdist_scale: 1.0
 * /move_base/TrajectoryPlannerROS/heading_lookahead: 0.325
 * /move_base/TrajectoryPlannerROS/heading_scoring: False
 * /move_base/TrajectoryPlannerROS/heading_scoring_timestep: 0.8
 * /move_base/TrajectoryPlannerROS/holonomic_robot: False
 * /move_base/TrajectoryPlannerROS/latch_xy_goal_tolerance: False
 * /move_base/TrajectoryPlannerROS/max_vel_theta: 1.57
 * /move_base/TrajectoryPlannerROS/max_vel_x: 0.5
 * /move_base/TrajectoryPlannerROS/meter_scoring: True
 * /move_base/TrajectoryPlannerROS/min_in_place_vel_theta: 0.314
 * /move_base/TrajectoryPlannerROS/min_vel_theta: -1.57
 * /move_base/TrajectoryPlannerROS/min_vel_x: 0.1
 * /move_base/TrajectoryPlannerROS/occdist_scale: 0.1
 * /move_base/TrajectoryPlannerROS/oscillation_reset_dist: 0.05
 * /move_base/TrajectoryPlannerROS/pdist_scale: 0.75
 * /move_base/TrajectoryPlannerROS/publish_cost_grid_pc: True
 * /move_base/TrajectoryPlannerROS/sim_granularity: 0.02
 * /move_base/TrajectoryPlannerROS/sim_time: 2.0
 * /move_base/TrajectoryPlannerROS/simple_attractor: False
 * /move_base/TrajectoryPlannerROS/vtheta_samples: 20
 * /move_base/TrajectoryPlannerROS/vx_samples: 6
 * /move_base/TrajectoryPlannerROS/xy_goal_tolerance: 0.25
 * /move_base/TrajectoryPlannerROS/yaw_goal_tolerance: 0.157
 * /move_base/base_global_planner: navfn/NavfnROS
 * /move_base/base_local_planner: base_local_planne...
 * /move_base/clearing_rotation_allowed: True
 * /move_base/controller_frequency: 20.0
 * /move_base/controller_patience: 15.0
 * /move_base/global_costmap/footprint: [[-0.21, -0.165],...
 * /move_base/global_costmap/footprint_padding: 0.1
 * /move_base/global_costmap/global_frame: odom
 * /move_base/global_costmap/height: 40.0
 * /move_base/global_costmap/inflater_layer/inflation_radius: 0.3
 * /move_base/global_costmap/map_type: costmap
 * /move_base/global_costmap/meter_scoring: True
 * /move_base/global_costmap/obstacle_range: 2.5
 * /move_base/global_costmap/obstacles_layer/observation_sources: scan
 * /move_base/global_costmap/obstacles_layer/scan/clearing: True
 * /move_base/global_costmap/obstacles_layer/scan/data_type: LaserScan
 * /move_base/global_costmap/obstacles_layer/scan/marking: True
 * /move_base/global_costmap/obstacles_layer/scan/max_obstacle_height: 2.0
 * /move_base/global_costmap/obstacles_layer/scan/min_obstacle_height: -2.0
 * /move_base/global_costmap/obstacles_layer/scan/obstacle_range: 2.5
 * /move_base/global_costmap/obstacles_layer/scan/raytrace_range: 3.0
 * /move_base/global_costmap/obstacles_layer/scan/sensor_frame: front_laser
 * /move_base/global_costmap/obstacles_layer/scan/topic: front/scan
 * /move_base/global_costmap/origin_x: -20.0
 * /move_base/global_costmap/origin_y: -20.0
 * /move_base/global_costmap/origin_z: 0.0
 * /move_base/global_costmap/plugins: [{'type': 'costma...
 * /move_base/global_costmap/publish_frequency: 5
 * /move_base/global_costmap/publish_voxel_map: False
 * /move_base/global_costmap/raytrace_range: 3.0
 * /move_base/global_costmap/resolution: 0.05
 * /move_base/global_costmap/robot_base_frame: base_link
 * /move_base/global_costmap/rolling_window: False
 * /move_base/global_costmap/static_map: True
 * /move_base/global_c[33m[ WARN] [1788540823.819607023, 3.687000000]: global_costmap: Pre-Hydro parameter "static_map" unused since "plugins" is provided[0m
[33m[ WARN] [1788540823.821751229, 3.688000000]: global_costmap: Pre-Hydro parameter "map_type" unused since "plugins" is provided[0m
[33m[ WARN] [1788540823.872544753, 3.740000000]: local_costmap: Pre-Hydro parameter "static_map" unused since "plugins" is provided[0m
[33m[ WARN] [1788540823.872679214, 3.741000000]: local_costmap: Pre-Hydro parameter "map_type" unused since "plugins" is provided[0m
[33m[ WARN] [1788540823.898969618, 3.769000000]: Parameter pdist_scale is deprecated. Please use the name path_distance_bias instead.[0m
[33m[ WARN] [1788540823.899270457, 3.769000000]: Parameter gdist_scale is deprecated. Please use the name goal_distance_bias instead.[0m
>>>>>>>>>>>>>>>>>> Loading Gazebo Simulation with BARN/world_24.world <<<<<<<<<<<<<<<<<<
Time: 0.01 (s), x: -2.25 (m), y: 3.11 (m)
Time: 0.12 (s), x: -2.25 (m), y: 3.17 (m)
Time: 0.23 (s), x: -2.25 (m), y: 3.22 (m)
Time: 0.34 (s), x: -2.25 (m), y: 3.27 (m)
Time: 0.44 (s), x: -2.25 (m), y: 3.33 (m)
Time: 0.54 (s), x: -2.24 (m), y: 3.38 (m)
Time: 0.66 (s), x: -2.23 (m), y: 3.43 (m)
Time: 0.76 (s), x: -2.23 (m), y: 3.49 (m)
Time: 0.87 (s), x: -2.22 (m), y: 3.54 (m)
Time: 0.97 (s), x: -2.21 (m), y: 3.59 (m)
Time: 1.08 (s), x: -2.20 (m), y: 3.65 (m)
Time: 1.19 (s), x: -2.19 (m), y: 3.70 (m)
Time: 1.29 (s), x: -2.18 (m), y: 3.75 (m)
Time: 1.40 (s), x: -2.17 (m), y: 3.79 (m)
Time: 1.50 (s), x: -2.17 (m), y: 3.83 (m)
Time: 1.62 (s), x: -2.16 (m), y: 3.89 (m)
Time: 1.72 (s), x: -2.15 (m), y: 3.94 (m)
Time: 1.83 (s), x: -2.14 (m), y: 3.98 (m)
Time: 1.94 (s), x: -2.13 (m), y: 4.01 (m)
Time: 2.04 (s), x: -2.12 (m), y: 4.06 (m)
Time: 2.15 (s), x: -2.11 (m), y: 4.11 (m)
Time: 2.25 (s), x: -2.10 (m), y: 4.15 (m)
Time: 2.35 (s), x: -2.09 (m), y: 4.17 (m)
Time: 2.46 (s), x: -2.08 (m), y: 4.20 (m)
Time: 2.56 (s), x: -2.08 (m), y: 4.23 (m)
Time: 2.67 (s), x: -2.07 (m), y: 4.27 (m)
Time: 2.77 (s), x: -2.06 (m), y: 4.29 (m)
Time: 2.88 (s), x: -2.06 (m), y: 4.31 (m)
Time: 2.98 (s), x: -2.05 (m), y: 4.33 (m)
Time: 3.08 (s), x: -2.04 (m), y: 4.35 (m)
Time: 3.20 (s), x: -2.04 (m), y: 4.37 (m)
Time: 3.30 (s), x: -2.03 (m), y: 4.39 (m)
Time: 3.40 (s), x: -2.02 (m), y: 4.42 (m)
Time: 3.51 (s), x: -2.02 (m), y: 4.44 (m)
Time: 3.61 (s), x: -2.01 (m), y: 4.46 (m)
Time: 3.72 (s), x: -2.00 (m), y: 4.47 (m)
Time: 3.83 (s), x: -2.00 (m), y: 4.48 (m)
Time: 3.93 (s), x: -2.00 (m), y: 4.49 (m)
Time: 4.04 (s), x: -2.00 (m), y: 4.50 (m)
Time: 4.14 (s), x: -2.00 (m), y: 4.52 (m)
Time: 4.25 (s), x: -1.99 (m), y: 4.54 (m)
Time: 4.35 (s), x: -1.99 (m), y: 4.55 (m)
Time: 4.46 (s), x: -1.99 (m), y: 4.56 (m)
Time: 4.57 (s), x: -1.99 (m), y: 4.57 (m)
Time: 4.67 (s), x: -1.99 (m), y: 4.58 (m)
Time: 4.78 (s), x: -1.98 (m), y: 4.58 (m)
Time: 4.88 (s), x: -1.98 (m), y: 4.59 (m)
Time: 4.99 (s), x: -1.98 (m), y: 4.59 (m)
Time: 5.09 (s), x: -1.97 (m), y: 4.59 (m)
Time: 5.19 (s), x: -1.97 (m), y: 4.59 (m)
Time: 5.30 (s), x: -1.96 (m), y: 4.59 (m)
Time: 5.40 (s), x: -1.96 (m), y: 4.58 (m)
Time: 5.51 (s), x: -1.95 (m), y: 4.58 (m)
Time: 5.61 (s), x: -1.95 (m), y: 4.58 (m)
Time: 5.71 (s), x: -1.94 (m), y: 4.58 (m)
Time: 5.82 (s), x: -1.94 (m), y: 4.59 (m)
Time: 5.93 (s), x: -1.93 (m), y: 4.60 (m)
Time: 6.04 (s), x: -1.93 (m), y: 4.61 (m)
Time: 6.14 (s), x: -1.93 (m), y: 4.61 (m)
Time: 6.25 (s), x: -1.93 (m), y: 4.62 (m)
Time: 6.35 (s), x: -1.93 (m), y: 4.63 (m)
Time: 6.45 (s), x: -1.93 (m), y: 4.64 (m)
Time: 6.56 (s), x: -1.93 (m), y: 4.65 (m)
Time: 6.67 (s), x: -1.93 (m), y: 4.66 (m)
Time: 6.77 (s), x: -1.93 (m), y: 4.67 (m)
Time: 6.87 (s), x: -1.93 (m), y: 4.70 (m)
Time: 6.98 (s), x: -1.93 (m), y: 4.75 (m)
Time: 7.08 (s), x: -1.93 (m), y: 4.80 (m)
Time: 7.18 (s), x: -1.93 (m), y: 4.85 (m)
Time: 7.28 (s), x: -1.93 (m), y: 4.90 (m)
Time: 7.39 (s), x: -1.93 (m), y: 4.95 (m)
Time: 7.50 (s), x: -1.93 (m), y: 5.01 (m)
Time: 7.60 (s), x: -1.93 (m), y: 5.06 (m)
Time: 7.70 (s), x: -1.93 (m), y: 5.11 (m)
Time: 7.81 (s), x: -1.93 (m), y: 5.16 (m)
Time: 7.91 (s), x: -1.93 (m), y: 5.21 (m)
Time: 8.02 (s), x: -1.93 (m), y: 5.26 (m)
Time: 8.12 (s), x: -1.93 (m), y: 5.32 (m)
Time: 8.22 (s), x: -1.93 (m), y: 5.37 (m)
Time: 8.32 (s), x: -1.93 (m), y: 5.42 (m)
Time: 8.43 (s), x: -1.93 (m), y: 5.47 (m)
Time: 8.53 (s), x: -1.93 (m), y: 5.52 (m)
Time: 8.64 (s), x: -1.94 (m), y: 5.58 (m)
Time: 8.74 (s), x: -1.94 (m), y: 5.63 (m)
Time: 8.85 (s), x: -1.94 (m), y: 5.68 (m)
Time: 8.95 (s), x: -1.94 (m), y: 5.73 (m)
Time: 9.05 (s), x: -1.94 (m), y: 5.78 (m)
Time: 9.15 (s), x: -1.94 (m), y: 5.83 (m)
Time: 9.25 (s), x: -1.94 (m), y: 5.88 (m)
Time: 9.36 (s), x: -1.94 (m), y: 5.93 (m)
Time: 9.46 (s), x: -1.94 (m), y: 5.99 (m)
Time: 9.56 (s), x: -1.94 (m), y: 6.04 (m)
Time: 9.67 (s), x: -1.94 (m), y: 6.09 (m)
Time: 9.77 (s), x: -1.94 (m), y: 6.14 (m)
Time: 9.88 (s), x: -1.94 (m), y: 6.20 (m)
Time: 9.98 (s), x: -1.95 (m), y: 6.25 (m)
Time: 10.08 (s), x: -1.95 (m), y: 6.28 (m)
Time: 10.19 (s), x: -1.95 (m), y: 6.30 (m)
Time: 10.29 (s), x: -1.95 (m), y: 6.30 (m)
Time: 10.39 (s), x: -1.95 (m), y: 6.30 (m)
Time: 10.50 (s), x: -1.94 (m), y: 6.30 (m)
Time: 10.60 (s), x: -1.94 (m), y: 6.30 (m)
Time: 10.71 (s), x: -1.94 (m), y: 6.30 (m)
Time: 10.81 (s), x: -1.94 (m), y: 6.30 (m)
Time: 10.92 (s), x: -1.94 (m), y: 6.30 (m)
Time: 11.02 (s), x: -1.94 (m), y: 6.30 (m)
Time: 11.14 (s), x: -1.94 (m), y: 6.30 (m)
Time: 11.24 (s), x: -1.93 (m), y: 6.30 (m)
Time: 11.35 (s), x: -1.93 (m), y: 6.30 (m)
Time: 11.45 (s), x: -1.92 (m), y: 6.30 (m)
Time: 11.56 (s), x: -1.93 (m), y: 6.30 (m)
Time: 11.66 (s), x: -1.93 (m), y: 6.30 (m)
Time: 11.76 (s), x: -1.94 (m), y: 6.31 (m)
Time: 11.87 (s), x: -1.94 (m), y: 6.31 (m)
Time: 11.97 (s), x: -1.95 (m), y: 6.32 (m)
Time: 12.08 (s), x: -1.94 (m), y: 6.32 (m)
Time: 12.18 (s), x: -1.94 (m), y: 6.32 (m)
Time: 12.28 (s), x: -1.93 (m), y: 6.32 (m)
Time: 12.39 (s), x: -1.93 (m), y: 6.32 (m)
Time: 12.49 (s), x: -1.92 (m), y: 6.33 (m)
Time: 12.60 (s), x: -1.92 (m), y: 6.33 (m)
Time: 12.70 (s), x: -1.91 (m), y: 6.33 (m)
Time: 12.80 (s), x: -1.91 (m), y: 6.33 (m)
Time: 12.91 (s), x: -1.92 (m), y: 6.34 (m)
Time: 13.02 (s), x: -1.93 (m), y: 6.35 (m)
Time: 13.12 (s), x: -1.95 (m), y: 6.36 (m)
Time: 13.22 (s), x: -1.95 (m), y: 6.37 (m)
Time: 13.32 (s), x: -1.95 (m), y: 6.37 (m)
Time: 13.42 (s), x: -1.95 (m), y: 6.38 (m)
Time: 13.53 (s), x: -1.95 (m), y: 6.39 (m)
Time: 13.63 (s), x: -1.95 (m), y: 6.39 (m)
Time: 13.74 (s), x: -1.94 (m), y: 6.39 (m)
Time: 13.85 (s), x: -1.93 (m), y: 6.39 (m)
Time: 13.95 (s), x: -1.93 (m), y: 6.40 (m)
Time: 14.05 (s), x: -1.92 (m), y: 6.40 (m)
Time: 14.16 (s), x: -1.92 (m), y: 6.40 (m)
Time: 14.26 (s), x: -1.91 (m), y: 6.40 (m)
Time: 14.36 (s), x: -1.91 (m), y: 6.41 (m)
Time: 14.47 (s), x: -1.90 (m), y: 6.41 (m)
Time: 14.57 (s), x: -1.89 (m), y: 6.41 (m)
Time: 14.68 (s), x: -1.89 (m), y: 6.41 (m)
Time: 14.79 (s), x: -1.88 (m), y: 6.42 (m)
Time: 14.89 (s), x: -1.88 (m), y: 6.42 (m)
Time: 15.00 (s), x: -1.88 (m), y: 6.42 (m)
Time: 15.10 (s), x: -1.87 (m), y: 6.42 (m)
Time: 15.20 (s), x: -1.86 (m), y: 6.42 (m)
Time: 15.31 (s), x: -1.86 (m), y: 6.41 (m)
Time: 15.41 (s), x: -1.85 (m), y: 6.41 (m)
Time: 15.52 (s), x: -1.85 (m), y: 6.40 (m)
Time: 15.62 (s), x: -1.84 (m), y: 6.39 (m)
Time: 15.73 (s), x: -1.84 (m), y: 6.39 (m)
Time: 15.83 (s), x: -1.83 (m), y: 6.39 (m)
Time: 15.93 (s), x: -1.83 (m), y: 6.39 (m)
Time: 16.03 (s), x: -1.84 (m), y: 6.40 (m)
Time: 16.14 (s), x: -1.85 (m), y: 6.40 (m)
Time: 16.24 (s), x: -1.85 (m), y: 6.41 (m)
Time: 16.35 (s), x: -1.86 (m), y: 6.42 (m)
Time: 16.46 (s), x: -1.87 (m), y: 6.42 (m)
Time: 16.56 (s), x: -1.87 (m), y: 6.43 (m)
Time: 16.67 (s), x: -1.88 (m), y: 6.44 (m)
Time: 16.77 (s), x: -1.88 (m), y: 6.44 (m)
Time: 16.87 (s), x: -1.89 (m), y: 6.45 (m)
Time: 16.97 (s), x: -1.89 (m), y: 6.45 (m)
Time: 17.07 (s), x: -1.89 (m), y: 6.46 (m)
Time: 17.18 (s), x: -1.89 (m), y: 6.46 (m)
Time: 17.28 (s), x: -1.90 (m), y: 6.47 (m)
Time: 17.38 (s), x: -1.91 (m), y: 6.48 (m)
Time: 17.49 (s), x: -1.93 (m), y: 6.49 (m)
Time: 17.59 (s), x: -1.95 (m), y: 6.49 (m)
Time: 17.70 (s), x: -1.96 (m), y: 6.50 (m)
Time: 17.80 (s), x: -1.98 (m), y: 6.51 (m)
Time: 17.91 (s), x: -2.00 (m), y: 6.53 (m)
Time: 18.02 (s), x: -2.01 (m), y: 6.54 (m)
Time: 18.12 (s), x: -2.03 (m), y: 6.56 (m)
Time: 18.22 (s), x: -2.04 (m), y: 6.58 (m)
Time: 18.32 (s), x: -2.05 (m), y: 6.59 (m)
Time: 18.43 (s), x: -2.06 (m), y: 6.61 (m)
Time: 18.54 (s), x: -2.07 (m), y: 6.62 (m)
Time: 18.64 (s), x: -2.07 (m), y: 6.63 (m)
Time: 18.75 (s), x: -2.08 (m), y: 6.64 (m)
Time: 18.85 (s), x: -2.09 (m), y: 6.66 (m)
Time: 18.96 (s), x: -2.09 (m), y: 6.68 (m)
Time: 19.06 (s), x: -2.07 (m), y: 6.72 (m)
Time: 19.16 (s), x: -2.06 (m), y: 6.76 (m)
Time: 19.27 (s), x: -2.04 (m), y: 6.81 (m)
Time: 19.37 (s), x: -2.02 (m), y: 6.86 (m)
Time: 19.47 (s), x: -2.00 (m), y: 6.90 (m)
Time: 19.58 (s), x: -1.97 (m), y: 6.95 (m)
Time: 19.68 (s), x: -1.96 (m), y: 7.00 (m)
Time: 19.79 (s), x: -1.94 (m), y: 7.05 (m)
Time: 19.89 (s), x: -1.92 (m), y: 7.10 (m)
Time: 20.00 (s), x: -1.91 (m), y: 7.15 (m)
Time: 20.10 (s), x: -1.89 (m), y: 7.20 (m)
Time: 20.20 (s), x: -1.88 (m), y: 7.25 (m)
Time: 20.31 (s), x: -1.87 (m), y: 7.30 (m)
Time: 20.41 (s), x: -1.87 (m), y: 7.35 (m)
Time: 20.51 (s), x: -1.86 (m), y: 7.40 (m)
Time: 20.62 (s), x: -1.86 (m), y: 7.46 (m)
Time: 20.73 (s), x: -1.86 (m), y: 7.52 (m)
Time: 20.83 (s), x: -1.85 (m), y: 7.58 (m)
Time: 20.93 (s), x: -1.85 (m), y: 7.62 (m)
Time: 21.03 (s), x: -1.85 (m), y: 7.67 (m)
Time: 21.13 (s), x: -1.85 (m), y: 7.72 (m)
Time: 21.24 (s), x: -1.85 (m), y: 7.78 (m)
Time: 21.35 (s), x: -1.86 (m), y: 7.84 (m)
Time: 21.45 (s), x: -1.87 (m), y: 7.89 (m)
Time: 21.55 (s), x: -1.87 (m), y: 7.94 (m)
Time: 21.66 (s), x: -1.89 (m), y: 7.99 (m)
Time: 21.76 (s), x: -1.90 (m), y: 8.04 (m)
Time: 21.87 (s), x: -1.91 (m), y: 8.09 (m)
Time: 21.98 (s), x: -1.93 (m), y: 8.14 (m)
Time: 22.08 (s), x: -1.95 (m), y: 8.19 (m)
Time: 22.18 (s), x: -1.97 (m), y: 8.24 (m)
Time: 22.28 (s), x: -2.00 (m), y: 8.29 (m)
Time: 22.39 (s), x: -2.02 (m), y: 8.34 (m)
Time: 22.49 (s), x: -2.05 (m), y: 8.38 (m)
Time: 22.59 (s), x: -2.07 (m), y: 8.42 (m)
Time: 22.70 (s), x: -2.10 (m), y: 8.47 (m)
Time: 22.80 (s), x: -2.13 (m), y: 8.51 (m)
Time: 22.91 (s), x: -2.15 (m), y: 8.55 (m)
Time: 23.01 (s), x: -2.18 (m), y: 8.58 (m)
Time: 23.11 (s), x: -2.20 (m), y: 8.62 (m)
Time: 23.22 (s), x: -2.23 (m), y: 8.66 (m)
Time: 23.33 (s), x: -2.26 (m), y: 8.69 (m)
Time: 23.43 (s), x: -2.28 (m), y: 8.73 (m)
Time: 23.54 (s), x: -2.31 (m), y: 8.76 (m)
Time: 23.65 (s), x: -2.33 (m), y: 8.79 (m)
Time: 23.75 (s), x: -2.35 (m), y: 8.82 (m)
Time: 23.85 (s), x: -2.37 (m), y: 8.84 (m)
Time: 23.95 (s), x: -2.39 (m), y: 8.86 (m)
Time: 24.06 (s), x: -2.40 (m), y: 8.88 (m)
Time: 24.16 (s), x: -2.42 (m), y: 8.90 (m)
Time: 24.26 (s), x: -2.44 (m), y: 8.93 (m)
Time: 24.37 (s), x: -2.45 (m), y: 8.94 (m)
Time: 24.47 (s), x: -2.43 (m), y: 8.92 (m)
Time: 24.57 (s), x: -2.41 (m), y: 8.89 (m)
Time: 24.68 (s), x: -2.39 (m), y: 8.87 (m)
Time: 24.78 (s), x: -2.38 (m), y: 8.86 (m)
Time: 24.89 (s), x: -2.38 (m), y: 8.85 (m)
Time: 25.00 (s), x: -2.37 (m), y: 8.85 (m)
Time: 25.10 (s), x: -2.37 (m), y: 8.84 (m)
Time: 25.21 (s), x: -2.37 (m), y: 8.84 (m)
Time: 25.32 (s), x: -2.37 (m), y: 8.85 (m)
Time: 25.42 (s), x: -2.37 (m), y: 8.85 (m)
Time: 25.52 (s), x: -2.40 (m), y: 8.88 (m)
Time: 25.62 (s), x: -2.43 (m), y: 8.90 (m)
Time: 25.72 (s), x: -2.44 (m), y: 8.91 (m)
Time: 25.83 (s), x: -2.49 (m), y: 8.95 (m)
Time: 25.94 (s), x: -2.53 (m), y: 8.99 (m)
Time: 26.05 (s), x: -2.58 (m), y: 9.03 (m)
Time: 26.15 (s), x: -2.62 (m), y: 9.06 (m)
Time: 26.26 (s), x: -2.67 (m), y: 9.10 (m)
Time: 26.37 (s), x: -2.70 (m), y: 9.14 (m)
Time: 26.47 (s), x: -2.73 (m), y: 9.19 (m)
Time: 26.58 (s), x: -2.76 (m), y: 9.23 (m)
Time: 26.68 (s), x: -2.78 (m), y: 9.28 (m)
Time: 26.79 (s), x: -2.80 (m), y: 9.33 (m)
Time: 26.89 (s), x: -2.82 (m), y: 9.39 (m)
Time: 27.00 (s), x: -2.83 (m), y: 9.43 (m)
Time: 27.11 (s), x: -2.84 (m), y: 9.49 (m)
Time: 27.21 (s), x: -2.85 (m), y: 9.54 (m)
Time: 27.32 (s), x: -2.85 (m), y: 9.59 (m)
Time: 27.42 (s), x: -2.85 (m), y: 9.64 (m)
Time: 27.53 (s), x: -2.85 (m), y: 9.70 (m)
Time: 27.63 (s), x: -2.85 (m), y: 9.75 (m)
Time: 27.73 (s), x: -2.85 (m), y: 9.80 (m)
Time: 27.83 (s), x: -2.85 (m), y: 9.86 (m)
Time: 27.94 (s), x: -2.85 (m), y: 9.91 (m)
Time: 28.04 (s), x: -2.84 (m), y: 9.96 (m)
Time: 28.14 (s), x: -2.84 (m), y: 10.01 (m)
Time: 28.25 (s), x: -2.83 (m), y: 10.07 (m)
Time: 28.36 (s), x: -2.83 (m), y: 10.11 (m)
Time: 28.46 (s), x: -2.82 (m), y: 10.17 (m)
Time: 28.56 (s), x: -2.81 (m), y: 10.22 (m)
Time: 28.67 (s), x: -2.81 (m), y: 10.27 (m)
Time: 28.78 (s), x: -2.80 (m), y: 10.32 (m)
Time: 28.88 (s), x: -2.79 (m), y: 10.38 (m)
Time: 28.99 (s), x: -2.79 (m), y: 10.44 (m)
Time: 29.09 (s), x: -2.78 (m), y: 10.49 (m)
Time: 29.20 (s), x: -2.77 (m), y: 10.54 (m)
Time: 29.30 (s), x: -2.76 (m), y: 10.58 (m)
Time: 29.40 (s), x: -2.75 (m), y: 10.64 (m)
Time: 29.50 (s), x: -2.75 (m), y: 10.69 (m)
Time: 29.60 (s), x: -2.74 (m), y: 10.74 (m)
Time: 29.70 (s), x: -2.73 (m), y: 10.79 (m)
Time: 29.81 (s), x: -2.7... logging to /root/.ros/log/2c166234-a881-11f1-8edd-1a78306416a9/roslaunch-orbstack-57.log
Checking log directory for disk usage. This may take a while.
Press Ctrl-C to interrupt
Done checking log file disk usage. Usage is <1GB.
]2;/opt/barn_ws/src/the-barn-challenge/jackal_helper/launch/gazebo_launch.launch
[1mstarted roslaunch server http://localhost:38653/[0m

SUMMARY
========

PARAMETERS
 * /ekf_localization/base_link_frame: base_link
 * /ekf_localization/frequency: 50
 * /ekf_localization/imu0: /imu/data
 * /ekf_localization/imu0_config: [False, False, Fa...
 * /ekf_localization/imu0_differential: False
 * /ekf_localization/odom0: /jackal_velocity_...
 * /ekf_localization/odom0_config: [False, False, Fa...
 * /ekf_localization/odom0_differential: False
 * /ekf_localization/odom_frame: odom
 * /ekf_localization/predict_to_current_time: True
 * /ekf_localization/world_frame: odom
 * /gazebo/enable_ros_network: True
 * /jackal_joint_publisher/publish_rate: 50
 * /jackal_joint_publisher/type: joint_state_contr...
 * /jackal_velocity_controller/angular/z/has_acceleration_limits: True
 * /jackal_velocity_controller/angular/z/has_velocity_limits: True
 * /jackal_velocity_controller/angular/z/max_acceleration: 25.0
 * /jackal_velocity_controller/angular/z/max_velocity: 4.0
 * /jackal_velocity_controller/cmd_vel_timeout: 0.25
 * /jackal_velocity_controller/enable_odom_tf: False
 * /jackal_velocity_controller/k_l: 0.1
 * /jackal_velocity_controller/k_r: 0.1
 * /jackal_velocity_controller/left_wheel: ['front_left_whee...
 * /jackal_velocity_controller/linear/x/has_acceleration_limits: True
 * /jackal_velocity_controller/linear/x/has_velocity_limits: True
 * /jackal_velocity_controller/linear/x/max_acceleration: 20.0
 * /jackal_velocity_controller/linear/x/max_velocity: 2.0
 * /jackal_velocity_controller/pose_covariance_diagonal: [0.001, 0.001, 10...
 * /jackal_velocity_controller/publish_rate: 50
 * /jackal_velocity_controller/right_wheel: ['front_right_whe...
 * /jackal_velocity_controller/twist_covariance_diagonal: [0.001, 0.001, 0....
 * /jackal_velocity_controller/type: diff_drive_contro...
 * /jackal_velocity_controller/wheel_radius_multiplier: 1.0
 * /jackal_velocity_controller/wheel_separation_multiplier: 1.5
 * /robot_description: <?xml version="1....
 * /rosdistro: melodic
 * /rosversion: 1.14.13
 * /twist_mux/locks: [{'topic': 'e_sto...
 * /twist_mux/topics: [{'topic': 'joy_t...
 * /use_sim_time: True

NODES
  /
    collision_publisher_node (jackal_helper/collision_publisher_node)
    controller_spawner (controller_manager/spawner)
    ekf_localization (robot_localization/ekf_localization_node)
    gazebo (gazebo_ros/gzserver)
    robot_state_publisher (robot_state_publisher/robot_state_publisher)
    twist_marker_server (interactive_marker_twist_server/marker_server)
    twist_mux (twist_mux/twist_mux)
    urdf_spawner (gazebo_ros/spawn_model)

auto-starting new master
[1mprocess[master]: started with pid [75][0m
[1mROS_MASTER_URI=http://127.0.0.1:11311[0m
]2;/opt/barn_ws/src/the-barn-challenge/jackal_helper/launch/gazebo_launch.launch http://127.0.0.1:11311
[1msetting /run_id to 2c166234-a881-11f1-8edd-1a78306416a9[0m
[1mprocess[rosout-1]: started with pid [86][0m
started core service [/rosout]
[1mprocess[gazebo-2]: started with pid [89][0m
[1mprocess[robot_state_publisher-3]: started with pid [90][0m
[1mprocess[controller_spawner-4]: started with pid [91][0m
[1mprocess[ekf_localization-5]: started with pid [93][0m
[1mprocess[twist_mux-6]: started with pid [96][0m
[1mprocess[twist_marker_server-7]: started with pid [100][0m
[1mprocess[urdf_spawner-8]: started with pid [102][0m
[1mprocess[collision_publisher_node-9]: started with pid [110][0m
[1m[urdf_spawner-8] process has finished cleanly
log file: /root/.ros/log/2c166234-a881-11f1-8edd-1a78306416a9/urdf_spawner-8*.log[0m
[collision_publisher_node-9] killing on exit
[twist_marker_server-7] killing on exit
[twist_mux-6] killing on exit
[controller_spawner-4] killing on exit
[ekf_localization-5] killing on exit
[gazebo-2] killing on[31m[gazebo-2] escalating to SIGTERM[0m
[31m[controller_spawner-4] escalating to SIGTERM[0m
[WARN] [1788540878.282933, 36.847000]: Controller Spawner error while taking down controllers: transport error completing service call: unable to receive data from sender, check sender's logs for details
[31m[collision_publisher_node-9] escalating to SIGTERM[0m
 exit
[robot_state_publisher-3] killing on exit
[rosout-1] killing on exit
[master] killing on exit
shutting down processing monitor...
... shutting down processing monitor complete
[1mdone[0m
[0m[ INFO] [1788540823.823585305, 3.691000000]: global_costmap: Using plugin "obstacles_layer"[0m
[0m[ INFO] [1788540823.831767790, 3.699000000]:     Subscribed to Topics: scan[0m
[0m[ INFO] [1788540823.843451881, 3.711000000]: global_costmap: Using plugin "inflater_layer"[0m
[0m[ INFO] [1788540823.872952469, 3.741000000]: local_costmap: Using plugin "obstacles_layer"[0m
[0m[ INFO] [1788540823.874616042, 3.744000000]:     Subscribed to Topics: scan[0m
[0m[ INFO] [1788540823.879610051, 3.751000000]: local_costmap: Using plugin "inflater_layer"[0m
[0m[ INFO] [1788540823.895156630, 3.766000000]: Created local_planner base_local_planner/TrajectoryPlannerROS[0m
[0m[ INFO] [1788540823.897699677, 3.767000000]: Sim period is set to 0.05[0m
[0m[ INFO] [1788540823.958403468, 3.819000000]: Recovery behavior will clear layer 'obstacles'[0m
[0m[ INFO] [1788540823.961037851, 3.823000000]: Recovery behavior will clear layer 'obstacles'[0m
[0m[ INFO] [1788540824.155098862, 4.003000000]: odom received![0m
ostmap/transform_tolerance: 0.5
 * /move_base/global_costmap/update_frequency: 10
 * /move_base/global_costmap/width: 40.0
 * /move_base/global_costmap/z_resolution: 1
 * /move_base/global_costmap/z_voxels: 2
 * /move_base/local_costmap/footprint: [[-0.21, -0.165],...
 * /move_base/local_costmap/footprint_padding: 0.1
 * /move_base/local_costmap/global_frame: odom
 * /move_base/local_costmap/height: 10.0
 * /move_base/local_costmap/inflater_layer/inflation_radius: 0.3
 * /move_base/local_costmap/map_type: costmap
 * /move_base/local_costmap/meter_scoring: True
 * /move_base/local_costmap/obstacle_range: 2.5
 * /move_base/local_costmap/obstacles_layer/observation_sources: scan
 * /move_base/local_costmap/obstacles_layer/scan/clearing: True
 * /move_base/local_costmap/obstacles_layer/scan/data_type: LaserScan
 * /move_base/local_costmap/obstacles_layer/scan/marking: True
 * /move_base/local_costmap/obstacles_layer/scan/max_obstacle_height: 2.0
 * /move_base/local_costmap/obstacles_layer/scan/min_obstacle_height: -2.0
 * /move_base/local_costmap/obstacles_layer/scan/obstacle_range: 2.5
 * /move_base/local_costmap/obstacles_layer/scan/raytrace_range: 3.0
 * /move_base/local_costmap/obstacles_layer/scan/sensor_frame: front_laser
 * /move_base/local_costmap/obstacles_layer/scan/topic: front/scan
 * /move_base/local_costmap/origin_z: 0.0
 * /move_base/local_costmap/plugins: [{'type': 'costma...
 * /move_base/local_costmap/publish_frequency: 5.0
 * /move_base/local_costmap/publish_voxel_map: False
 * /move_base/local_costmap/raytrace_range: 3.0
 * /move_base/local_costmap/resolution: 0.05
 * /move_base/local_costmap/robot_base_frame: base_link
 * /move_base/local_costmap/rolling_window: True
 * /move_base/local_costmap/static_map: False
 * /move_base/local_costmap/transform_tolerance: 0.5
 * /move_base/local_costmap/update_frequency: 20.0
 * /move_base/local_costmap/width: 10.0
 * /move_base/local_costmap/z_resolution: 1
 * /move_base/local_costmap/z_voxels: 2
 * /move_base/oscillation_distance: 0.5
 * /move_base/oscillation_timeout: 0.0
 * /move_base/planner_frequency: 20.0
 * /move_base/planner_patience: 5.0
 * /move_base/recovery_behavior_enabled: True
 * /move_base/shutdown_costmaps: False
 * /rosdistro: melodic
 * /rosversion: 1.14.13

NODES
  /
    move_base (move_base/move_base)

[1mROS_MASTER_URI=http://127.0.0.1:11311[0m
]2;/opt/barn_ws/src/the-barn-challenge/jackal_helper/../jackal_helper/launch/move_base_DWA.launch http://127.0.0.1:11311
[1mprocess[move_base-1]: started with pid [304][0m
[move_base-1] killing on exit
shutting down processing monitor...
... shutting down processing monitor complete
[1mdone[0m
2 (m), y: 10.84 (m)
Time: 29.92 (s), x: -2.71 (m), y: 10.89 (m)
Time: 30.02 (s), x: -2.70 (m), y: 10.94 (m)
Time: 30.13 (s), x: -2.69 (m), y: 10.99 (m)
Time: 30.23 (s), x: -2.67 (m), y: 11.05 (m)
Time: 30.34 (s), x: -2.67 (m), y: 11.10 (m)
Time: 30.44 (s), x: -2.65 (m), y: 11.15 (m)
Time: 30.55 (s), x: -2.64 (m), y: 11.20 (m)
Time: 30.66 (s), x: -2.63 (m), y: 11.25 (m)
Time: 30.77 (s), x: -2.62 (m), y: 11.31 (m)
Time: 30.87 (s), x: -2.61 (m), y: 11.36 (m)
Time: 30.97 (s), x: -2.60 (m), y: 11.40 (m)
Time: 31.08 (s), x: -2.58 (m), y: 11.46 (m)
Time: 31.18 (s), x: -2.57 (m), y: 11.51 (m)
Time: 31.29 (s), x: -2.56 (m), y: 11.56 (m)
Time: 31.39 (s), x: -2.55 (m), y: 11.61 (m)
Time: 31.50 (s), x: -2.54 (m), y: 11.66 (m)
Time: 31.60 (s), x: -2.52 (m), y: 11.71 (m)
Time: 31.70 (s), x: -2.51 (m), y: 11.76 (m)
Time: 31.80 (s), x: -2.50 (m), y: 11.81 (m)
Time: 31.90 (s), x: -2.49 (m), y: 11.86 (m)
Time: 32.01 (s), x: -2.47 (m), y: 11.91 (m)
Time: 32.11 (s), x: -2.46 (m), y: 11.96 (m)
Time: 32.21 (s), x: -2.45 (m), y: 12.01 (m)
Time: 32.32 (s), x: -2.44 (m), y: 12.06 (m)
>>>>>>>>>>>>>>>>>> Test finished! <<<<<<<<<<<<<<<<<<
Navigation succeeded with time 32.3190 (s)
Navigation metric: 0.1920
