xacro: in-order processing became default in ROS Melodic. You can drop the option.
ALSA lib confmisc.c:767:(parse_card) cannot find card '0'
ALSA lib conf.c:4528:(_snd_config_evaluate) function snd_func_card_driver returned error: No such file or directory
ALSA lib confmisc.c:392:(snd_func_concat) error evaluating strings
ALSA lib conf.c:4528:(_snd_config_evaluate) function snd_func_concat returned error: No such file or directory
ALSA lib confmisc.c:1246:(snd_func_refer) error evaluating name
ALSA lib conf.c:4528:(_snd_config_evaluate) function snd_func_refer returned error: No such file or directory
ALSA lib conf.c:5007:(snd_config_expand) Evaluate error: No such file or directory
ALSA lib pcm.c:2495:(snd_pcm_open_noupdate) Unknown PCM default
AL lib: (EE) ALCplaybackAlsa_open: Could not open playback device 'default': No such file or directory
[0m[ INFO] [1788541104.408934332]: Finished loading Gazebo ROS API Plugin.[0m
[0m[ INFO] [1788541104.412161456]: waitForService: Service [/gazebo/set_physics_properties] has not been advertised, waiting...[0m
[0m[ INFO] [1788541104.971872948]: waitForService: Service [/gazebo/set_physics_properties] is now available.[0m
[0m[ INFO] [1788541104.999786555]: Physics dynamic reconfigure ready.[0m
[1;33mWarning [parser_urdf.cc:1115][0m multiple inconsistent <gravity> exists due to fixed joint reduction overwriting previous value [true] with [false].
[1;33mWarning [parser_urdf.cc:1115][0m multiple inconsistent <gravity> exists due to fixed joint reduction overwriting previous value [false] with [true].
[31m[ERROR] [1788541105.619109143, 0.152000000]: No p gain specified for pid.  Namespace: /gazebo_ros_control/pid_gains/front_left_wheel[0m
[31m[ERROR] [1788541105.619645942, 0.152000000]: No p gain specified for pid.  Namespace: /gazebo_ros_control/pid_gains/front_right_wheel[0m
[31m[ERROR] [1788541105.620108781, 0.152000000]: No p gain specified for pid.  Namespace: /gazebo_ros_control/pid_gains/rear_left_wheel[0m
[31m[ERROR] [1788541105.620461785, 0.152000000]: No p gain specified for pid.  Namespace: /gazebo_ros_control/pid_gains/rear_right_wheel[0m
[33m[ WARN] [1788541105.665891366, 0.156000000]: Failed to meet update rate! Took 0.15299999999999999711[0m
[33m[ WARN] [1788541105.669484704, 0.157000000]: Failed to meet update rate! Took 0.13700000000000001066[0m
... logging to /root/.ros/log/d6610028-a881-11f1-a986-1a78306416a9/roslaunch-orbstack-285.log
Checking log directory for disk usage. This may take a while.
Press Ctrl-C to interrupt
Done checking log file disk usage. Usage is <1GB.
]2;/opt/barn_ws/src/the-barn-challenge/jackal_helper/../jackal_helper/launch/move_base_DWA.launch
[1mstarted roslaunch server http://localhost:43813/[0m

SUMMARY
========

PARAMETERS
 * /move_base/TrajectoryPlannerROS/acc_lim_theta: 20.0
 * /move_base/TrajectoryPlannerROS/acc_lim_x: 10.0
 * /move_base/TrajectoryPlannerROS/angular_sim_granularity: 0.02
 * /move_base/TrajectoryPlannerROS/controller_frequency: 20.0
 * /move_base/TrajectoryPlannerROS/dwa: True
 * /move_base/TrajectoryPlannerROS/escape_reset_dist: 0.1
 * /move_base/TrajectoryPlannerROS/escape_reset_theta: 0.1
 * /move_base/TrajectoryPlannerROS/escape_vel: -0.5
 * /move_base/TrajectoryPlannerROS/gdist_scale: 1.0
 * /move_base/TrajectoryPlannerROS/heading_lookahead: 0.325
 * /move_base/TrajectoryPlannerROS/heading_scoring: False
 * /move_base/TrajectoryPlannerROS/heading_scoring_timestep: 0.8
 * /move_base/TrajectoryPlannerROS/holonomic_robot: False
 * /move_base/TrajectoryPlannerROS/latch_xy_goal_tolerance: False
 * /move_base/TrajectoryPlannerROS/max_vel_theta: 1.57
 * /move_base/TrajectoryPlannerROS/max_vel_x: 0.5
 * /move_base/TrajectoryPlannerROS/meter_scoring: True
 * /move_base/TrajectoryPlannerROS/min_in_place_vel_theta: 0.314
 * /move_base/TrajectoryPlannerROS/min_vel_theta: -1.57
 * /move_base/TrajectoryPlannerROS/min_vel_x: 0.1
 * /move_base/TrajectoryPlannerROS/occdist_scale: 0.1
 * /move_base/TrajectoryPlannerROS/oscillation_reset_dist: 0.05
 * /move_base/TrajectoryPlannerROS/pdist_scale: 0.75
 * /move_base/TrajectoryPlannerROS/publish_cost_grid_pc: True
 * /move_base/TrajectoryPlannerROS/sim_granularity: 0.02
 * /move_base/TrajectoryPlannerROS/sim_time: 2.0
 * /move_base/TrajectoryPlannerROS/simple_attractor: False
 * /move_base/TrajectoryPlannerROS/vtheta_samples: 20
 * /move_base/TrajectoryPlannerROS/vx_samples: 6
 * /move_base/TrajectoryPlannerROS/xy_goal_tolerance: 0.25
 * /move_base/TrajectoryPlannerROS/yaw_goal_tolerance: 0.157
 * /move_base/base_global_planner: navfn/NavfnROS
 * /move_base/base_local_planner: base_local_planne...
 * /move_base/clearing_rotation_allowed: True
 * /move_base/controller_frequency: 20.0
 * /move_base/controller_patience: 15.0
 * /move_base/global_costmap/footprint: [[-0.21, -0.165],...
 * /move_base/global_costmap/footprint_padding: 0.1
 * /move_base/global_costmap/global_frame: odom
 * /move_base/global_costmap/height: 40.0
 * /move_base/global_costmap/inflater_layer/inflation_radius: 0.3
 * /move_base/global_costmap/map_type: costmap
 * /move_base/global_costmap/meter_scoring: True
 * /move_base/global_costmap/obstacle_range: 2.5
 * /move_base/global_costmap/obstacles_layer/observation_sources: scan
 * /move_base/global_costmap/obstacles_layer/scan/clearing: True
 * /move_base/global_costmap/obstacles_layer/scan/data_type: LaserScan
 * /move_base/global_costmap/obstacles_layer/scan/marking: True
 * /move_base/global_costmap/obstacles_layer/scan/max_obstacle_height: 2.0
 * /move_base/global_costmap/obstacles_layer/scan/min_obstacle_height: -2.0
 * /move_base/global_costmap/obstacles_layer/scan/obstacle_range: 2.5
 * /move_base/global_costmap/obstacles_layer/scan/raytrace_range: 3.0
 * /move_base/global_costmap/obstacles_layer/scan/sensor_frame: front_laser
 * /move_base/global_costmap/obstacles_layer/scan/topic: front/scan
 * /move_base/global_costmap/origin_x: -20.0
 * /move_base/global_costmap/origin_y: -20.0
 * /move_base/global_costmap/origin_z: 0.0
 * /move_base/global_costmap/plugins: [{'type': 'costma...
 * /move_base/global_costmap/publish_frequency: 5
 * /move_base/global_costmap/publish_voxel_map: False
 * /move_base/global_costmap/raytrace_range: 3.0
 * /move_base/global_costmap/resolution: 0.05
 * /move_base/global_costmap/robot_base_frame: base_link
 * /move_base/global_costmap/rolling_window: False
 * /move_base/global_costmap/static_map: True
 * /move_base/global_c[33m[ WARN] [1788541109.501169003, 3.747000000]: global_costmap: Pre-Hydro parameter "static_map" unused since "plugins" is provided[0m
[33m[ WARN] [1788541109.503343989, 3.748000000]: global_costmap: Pre-Hydro parameter "map_type" unused since "plugins" is provided[0m
[33m[ WARN] [1788541109.550468300, 3.791000000]: local_costmap: Pre-Hydro parameter "static_map" unused since "plugins" is provided[0m
[33m[ WARN] [1788541109.550608969, 3.791000000]: local_costmap: Pre-Hydro parameter "map_type" unused since "plugins" is provided[0m
[33m[ WARN] [1788541109.577969652, 3.823000000]: Parameter pdist_scale is deprecated. Please use the name path_distance_bias instead.[0m
[33m[ WARN] [1788541109.578298573, 3.823000000]: Parameter gdist_scale is deprecated. Please use the name goal_distance_bias instead.[0m
>>>>>>>>>>>>>>>>>> Loading Gazebo Simulation with BARN/world_54.world <<<<<<<<<<<<<<<<<<
Time: 0.01 (s), x: -2.25 (m), y: 3.11 (m)
Time: 0.11 (s), x: -2.25 (m), y: 3.16 (m)
Time: 0.22 (s), x: -2.25 (m), y: 3.21 (m)
Time: 0.32 (s), x: -2.25 (m), y: 3.26 (m)
Time: 0.43 (s), x: -2.25 (m), y: 3.31 (m)
Time: 0.54 (s), x: -2.25 (m), y: 3.37 (m)
Time: 0.64 (s), x: -2.25 (m), y: 3.42 (m)
Time: 0.75 (s), x: -2.25 (m), y: 3.47 (m)
Time: 0.85 (s), x: -2.25 (m), y: 3.53 (m)
Time: 0.96 (s), x: -2.25 (m), y: 3.58 (m)
Time: 1.06 (s), x: -2.25 (m), y: 3.63 (m)
Time: 1.16 (s), x: -2.25 (m), y: 3.68 (m)
Time: 1.27 (s), x: -2.25 (m), y: 3.74 (m)
Time: 1.37 (s), x: -2.25 (m), y: 3.79 (m)
Time: 1.47 (s), x: -2.25 (m), y: 3.84 (m)
Time: 1.57 (s), x: -2.25 (m), y: 3.89 (m)
Time: 1.67 (s), x: -2.25 (m), y: 3.94 (m)
Time: 1.78 (s), x: -2.25 (m), y: 3.99 (m)
Time: 1.88 (s), x: -2.26 (m), y: 4.05 (m)
Time: 1.99 (s), x: -2.26 (m), y: 4.10 (m)
Time: 2.10 (s), x: -2.27 (m), y: 4.15 (m)
Time: 2.21 (s), x: -2.27 (m), y: 4.21 (m)
Time: 2.31 (s), x: -2.28 (m), y: 4.26 (m)
Time: 2.42 (s), x: -2.28 (m), y: 4.31 (m)
Time: 2.53 (s), x: -2.29 (m), y: 4.37 (m)
Time: 2.63 (s), x: -2.30 (m), y: 4.42 (m)
Time: 2.74 (s), x: -2.30 (m), y: 4.47 (m)
Time: 2.85 (s), x: -2.31 (m), y: 4.52 (m)
Time: 2.95 (s), x: -2.32 (m), y: 4.58 (m)
Time: 3.05 (s), x: -2.32 (m), y: 4.62 (m)
Time: 3.16 (s), x: -2.33 (m), y: 4.67 (m)
Time: 3.26 (s), x: -2.33 (m), y: 4.71 (m)
Time: 3.37 (s), x: -2.34 (m), y: 4.76 (m)
Time: 3.47 (s), x: -2.35 (m), y: 4.80 (m)
Time: 3.57 (s), x: -2.35 (m), y: 4.84 (m)
Time: 3.68 (s), x: -2.36 (m), y: 4.89 (m)
Time: 3.78 (s), x: -2.36 (m), y: 4.94 (m)
Time: 3.89 (s), x: -2.37 (m), y: 4.98 (m)
Time: 3.99 (s), x: -2.38 (m), y: 5.02 (m)
Time: 4.09 (s), x: -2.39 (m), y: 5.07 (m)
Time: 4.20 (s), x: -2.40 (m), y: 5.10 (m)
Time: 4.31 (s), x: -2.40 (m), y: 5.14 (m)
Time: 4.41 (s), x: -2.41 (m), y: 5.19 (m)
Time: 4.51 (s), x: -2.42 (m), y: 5.24 (m)
Time: 4.61 (s), x: -2.43 (m), y: 5.29 (m)
Time: 4.71 (s), x: -2.44 (m), y: 5.32 (m)
Time: 4.82 (s), x: -2.45 (m), y: 5.36 (m)
Time: 4.92 (s), x: -2.45 (m), y: 5.39 (m)
Time: 5.03 (s), x: -2.46 (m), y: 5.42 (m)
Time: 5.14 (s), x: -2.47 (m), y: 5.46 (m)
Time: 5.25 (s), x: -2.48 (m), y: 5.49 (m)
Time: 5.35 (s), x: -2.48 (m), y: 5.51 (m)
Time: 5.46 (s), x: -2.49 (m), y: 5.53 (m)
Time: 5.56 (s), x: -2.49 (m), y: 5.55 (m)
Time: 5.67 (s), x: -2.50 (m), y: 5.57 (m)
Time: 5.78 (s), x: -2.51 (m), y: 5.59 (m)
Time: 5.88 (s), x: -2.51 (m), y: 5.61 (m)
Time: 5.99 (s), x: -2.52 (m), y: 5.63 (m)
Time: 6.09 (s), x: -2.53 (m), y: 5.66 (m)
Time: 6.19 (s), x: -2.53 (m), y: 5.68 (m)
Time: 6.30 (s), x: -2.54 (m), y: 5.70 (m)
Time: 6.41 (s), x: -2.55 (m), y: 5.71 (m)
Time: 6.51 (s), x: -2.55 (m), y: 5.72 (m)
Time: 6.62 (s), x: -2.55 (m), y: 5.73 (m)
Time: 6.72 (s), x: -2.56 (m), y: 5.74 (m)
Time: 6.83 (s), x: -2.56 (m), y: 5.75 (m)
Time: 6.94 (s), x: -2.57 (m), y: 5.77 (m)
Time: 7.04 (s), x: -2.57 (m), y: 5.79 (m)
Time: 7.15 (s), x: -2.58 (m), y: 5.80 (m)
Time: 7.25 (s), x: -2.58 (m), y: 5.81 (m)
Time: 7.36 (s), x: -2.59 (m), y: 5.82 (m)
Time: 7.46 (s), x: -2.59 (m), y: 5.84 (m)
Time: 7.56 (s), x: -2.60 (m), y: 5.86 (m)
Time: 7.66 (s), x: -2.62 (m), y: 5.90 (m)
Time: 7.77 (s), x: -2.64 (m), y: 5.94 (m)
Time: 7.87 (s), x: -2.66 (m), y: 5.99 (m)
Time: 7.97 (s), x: -2.67 (m), y: 6.03 (m)
Time: 8.07 (s), x: -2.68 (m), y: 6.07 (m)
Time: 8.18 (s), x: -2.70 (m), y: 6.11 (m)
Time: 8.29 (s), x: -2.71 (m), y: 6.15 (m)
Time: 8.39 (s), x: -2.73 (m), y: 6.20 (m)
Time: 8.50 (s), x: -2.74 (m), y: 6.23 (m)
Time: 8.61 (s), x: -2.74 (m), y: 6.28 (m)
Time: 8.71 (s), x: -2.75 (m), y: 6.33 (m)
Time: 8.81 (s), x: -2.75 (m), y: 6.38 (m)
Time: 8.92 (s), x: -2.76 (m), y: 6.43 (m)
Time: 9.02 (s), x: -2.76 (m), y: 6.48 (m)
Time: 9.12 (s), x: -2.77 (m), y: 6.54 (m)
Time: 9.22 (s), x: -2.77 (m), y: 6.58 (m)
Time: 9.33 (s), x: -2.78 (m), y: 6.63 (m)
Time: 9.44 (s), x: -2.78 (m), y: 6.69 (m)
Time: 9.55 (s), x: -2.78 (m), y: 6.75 (m)
Time: 9.65 (s), x: -2.79 (m), y: 6.80 (m)
Time: 9.75 (s), x: -2.79 (m), y: 6.85 (m)
Time: 9.86 (s), x: -2.79 (m), y: 6.90 (m)
Time: 9.96 (s), x: -2.79 (m), y: 6.94 (m)
Time: 10.06 (s), x: -2.80 (m), y: 7.00 (m)
Time: 10.18 (s), x: -2.80 (m), y: 7.05 (m)
Time: 10.28 (s), x: -2.80 (m), y: 7.11 (m)
Time: 10.40 (s), x: -2.80 (m), y: 7.16 (m)
Time: 10.50 (s), x: -2.79 (m), y: 7.21 (m)
Time: 10.61 (s), x: -2.79 (m), y: 7.27 (m)
Time: 10.71 (s), x: -2.80 (m), y: 7.32 (m)
Time: 10.82 (s), x: -2.79 (m), y: 7.38 (m)
Time: 10.93 (s), x: -2.79 (m), y: 7.43 (m)
Time: 11.04 (s), x: -2.78 (m), y: 7.48 (m)
Time: 11.14 (s), x: -2.78 (m), y: 7.54 (m)
Time: 11.25 (s), x: -2.78 (m), y: 7.59 (m)
Time: 11.36 (s), x: -2.77 (m), y: 7.64 (m)
Time: 11.46 (s), x: -2.76 (m), y: 7.69 (m)
Time: 11.56 (s), x: -2.75 (m), y: 7.75 (m)
Time: 11.67 (s), x: -2.75 (m), y: 7.80 (m)
Time: 11.77 (s), x: -2.74 (m), y: 7.85 (m)
Time: 11.88 (s), x: -2.73 (m), y: 7.90 (m)
Time: 11.98 (s), x: -2.72 (m), y: 7.95 (m)
Time: 12.09 (s), x: -2.71 (m), y: 8.00 (m)
Time: 12.19 (s), x: -2.70 (m), y: 8.05 (m)
Time: 12.30 (s), x: -2.69 (m), y: 8.11 (m)
Time: 12.40 (s), x: -2.68 (m), y: 8.16 (m)
Time: 12.51 (s), x: -2.67 (m), y: 8.21 (m)
Time: 12.62 (s), x: -2.66 (m), y: 8.26 (m)
Time: 12.72 (s), x: -2.64 (m), y: 8.31 (m)
Time: 12.82 (s), x: -2.63 (m), y: 8.36 (m)
Time: 12.93 (s), x: -2.62 (m), y: 8.41 (m)
Time: 13.04 (s), x: -2.61 (m), y: 8.47 (m)
Time: 13.14 (s), x: -2.60 (m), y: 8.52 (m)
Time: 13.24 (s), x: -2.59 (m), y: 8.57 (m)
Time: 13.34 (s), x: -2.57 (m), y: 8.62 (m)
Time: 13.45 (s), x: -2.56 (m), y: 8.67 (m)
Time: 13.56 (s), x: -2.55 (m), y: 8.72 (m)
Time: 13.67 (s), x: -2.54 (m), y: 8.78 (m)
Time: 13.77 (s), x: -2.52 (m), y: 8.83 (m)
Time: 13.88 (s), x: -2.51 (m), y: 8.88 (m)
Time: 13.98 (s), x: -2.50 (m), y: 8.93 (m)
Time: 14.08 (s), x: -2.49 (m), y: 8.98 (m)
Time: 14.19 (s), x: -2.48 (m), y: 9.03 (m)
Time: 14.29 (s), x: -2.47 (m), y: 9.08 (m)
Time: 14.40 (s), x: -2.45 (m), y: 9.13 (m)
Time: 14.50 (s), x: -2.44 (m), y: 9.18 (m)
Time: 14.60 (s), x: -2.43 (m), y: 9.23 (m)
Time: 14.71 (s), x: -2.42 (m), y: 9.28 (m)
Time: 14.82 (s), x: -2.41 (m), y: 9.33 (m)
Time: 14.92 (s), x: -2.40 (m), y: 9.38 (m)
Time: 15.02 (s), x: -2.39 (m), y: 9.43 (m)
Time: 15.13 (s), x: -2.38 (m), y: 9.49 (m)
Time: 15.24 (s), x: -2.37 (m), y: 9.54 (m)
Time: 15.35 (s), x: -2.36 (m), y: 9.59 (m)
Time: 15.45 (s), x: -2.36 (m), y: 9.64 (m)
Time: 15.55 (s), x: -2.35 (m), y: 9.70 (m)
Time: 15.66 (s), x: -2.34 (m), y: 9.75 (m)
Time: 15.77 (s), x: -2.34 (m), y: 9.80 (m)
Time: 15.88 (s), x: -2.33 (m), y: 9.86 (m)
Time: 15.98 (s), x: -2.33 (m), y: 9.91 (m)
Time: 16.08 (s), x: -2.32 (m), y: 9.96 (m)
Time: 16.19 (s), x: -2.32 (m), y: 10.02 (m)
Time: 16.30 (s), x: -2.31 (m), y: 10.07 (m)
Time: 16.41 (s), x: -2.31 (m), y: 10.13 (m)
Time: 16.52 (s), x: -2.31 (m), y: 10.18 (m)
Time: 16.62 (s), x: -2.30 (m), y: 10.23 (m)
Time: 16.73 (s), x: -2.30 (m), y: 10.29 (m)
Time: 16.84 (s), x: -2.30 (m), y: 10.34 (m)
Time: 16.94 (s), x: -2.30 (m), y: 10.39 (m)
Time: 17.05 (s), x: -2.29 (m), y: 10.45 (m)
Time: 17.16 (s), x: -2.29 (m), y: 10.50 (m)
Time: 17.26 (s), x: -2.29 (m), y: 10.55 (m)
Time: 17.37 (s), x: -2.29 (m), y: 10.60 (m)
Time: 17.48 (s), x: -2.29 (m), y: 10.66 (m)
Time: 17.58 (s), x: -2.28 (m), y: 10.71 (m)
Time: 17.68 (s), x: -2.28 (m), y: 10.76 (m)
Time: 17.79 (s), x: -2.28 (m), y: 10.81 (m)
Time: 17.89 (s), x: -2.28 (m), y: 10.86 (m)
Time: 18.00 (s), x: -2.28 (m), y: 10.92 (m)
Time: 18.10 (s), x: -2.28 (m), y: 10.97 (m)
Time: 18.21 (s), x: -2.28 (m), y: 11.02 (m)
Time: 18.31 (s), x: -2.27 (m), y: 11.08 (m)
Time: 18.42 (s), x: -2.27 (m), y: 11.13 (m)
Time: 18.52 (s), x: -2.27 (m), y: 11.18 (m)
Time: 18.62 (s), x: -2.27 (m), y: 11.23 (m)
Time: 18.73 (s), x: -2.27 (m), y: 11.28 (m)
Time: 18.83 (s), x: -2.27 (m), y: 11.33 (m)
Time: 18.93 (s), x: -2.27 (m), y: 11.38 (m)
Time: 19.03 (s), x: -2.27 (m), y: 11.44 (m)
Time: 19.14 (s), x: -2.27 (m), y: 11.49 (m)
Time: 19.25 (s), x: -2.27 (m), y: 11.54 (m)
Time: 19.35 (s), x: -2.27 (m), y: 11.59 (m)
Time: 19.45 (s), x: -2.26 (m), y: 11.65 (m)
Time: 19.56 (s), x: -2.26 (m), y: 11.70 (m)
Time: 19.66 (s), x: -2.26 (m), y: 11.75 (m)
Time: 19.77 (s), x: -2.26 (m), y: 11.80 (m)
Time: 19.87 (s), x: -2.26 (m), y: 11.... logging to /root/.ros/log/d6610028-a881-11f1-a986-1a78306416a9/roslaunch-orbstack-57.log
Checking log directory for disk usage. This may take a while.
Press Ctrl-C to interrupt
Done checking log file disk usage. Usage is <1GB.
]2;/opt/barn_ws/src/the-barn-challenge/jackal_helper/launch/gazebo_launch.launch
[1mstarted roslaunch server http://localhost:38429/[0m

SUMMARY
========

PARAMETERS
 * /ekf_localization/base_link_frame: base_link
 * /ekf_localization/frequency: 50
 * /ekf_localization/imu0: /imu/data
 * /ekf_localization/imu0_config: [False, False, Fa...
 * /ekf_localization/imu0_differential: False
 * /ekf_localization/odom0: /jackal_velocity_...
 * /ekf_localization/odom0_config: [False, False, Fa...
 * /ekf_localization/odom0_differential: False
 * /ekf_localization/odom_frame: odom
 * /ekf_localization/predict_to_current_time: True
 * /ekf_localization/world_frame: odom
 * /gazebo/enable_ros_network: True
 * /jackal_joint_publisher/publish_rate: 50
 * /jackal_joint_publisher/type: joint_state_contr...
 * /jackal_velocity_controller/angular/z/has_acceleration_limits: True
 * /jackal_velocity_controller/angular/z/has_velocity_limits: True
 * /jackal_velocity_controller/angular/z/max_acceleration: 25.0
 * /jackal_velocity_controller/angular/z/max_velocity: 4.0
 * /jackal_velocity_controller/cmd_vel_timeout: 0.25
 * /jackal_velocity_controller/enable_odom_tf: False
 * /jackal_velocity_controller/k_l: 0.1
 * /jackal_velocity_controller/k_r: 0.1
 * /jackal_velocity_controller/left_wheel: ['front_left_whee...
 * /jackal_velocity_controller/linear/x/has_acceleration_limits: True
 * /jackal_velocity_controller/linear/x/has_velocity_limits: True
 * /jackal_velocity_controller/linear/x/max_acceleration: 20.0
 * /jackal_velocity_controller/linear/x/max_velocity: 2.0
 * /jackal_velocity_controller/pose_covariance_diagonal: [0.001, 0.001, 10...
 * /jackal_velocity_controller/publish_rate: 50
 * /jackal_velocity_controller/right_wheel: ['front_right_whe...
 * /jackal_velocity_controller/twist_covariance_diagonal: [0.001, 0.001, 0....
 * /jackal_velocity_controller/type: diff_drive_contro...
 * /jackal_velocity_controller/wheel_radius_multiplier: 1.0
 * /jackal_velocity_controller/wheel_separation_multiplier: 1.5
 * /robot_description: <?xml version="1....
 * /rosdistro: melodic
 * /rosversion: 1.14.13
 * /twist_mux/locks: [{'topic': 'e_sto...
 * /twist_mux/topics: [{'topic': 'joy_t...
 * /use_sim_time: True

NODES
  /
    collision_publisher_node (jackal_helper/collision_publisher_node)
    controller_spawner (controller_manager/spawner)
    ekf_localization (robot_localization/ekf_localization_node)
    gazebo (gazebo_ros/gzserver)
    robot_state_publisher (robot_state_publisher/robot_state_publisher)
    twist_marker_server (interactive_marker_twist_server/marker_server)
    twist_mux (twist_mux/twist_mux)
    urdf_spawner (gazebo_ros/spawn_model)

auto-starting new master
[1mprocess[master]: started with pid [75][0m
[1mROS_MASTER_URI=http://127.0.0.1:11311[0m
]2;/opt/barn_ws/src/the-barn-challenge/jackal_helper/launch/gazebo_launch.launch http://127.0.0.1:11311
[1msetting /run_id to d6610028-a881-11f1-a986-1a78306416a9[0m
[1mprocess[rosout-1]: started with pid [86][0m
started core service [/rosout]
[1mprocess[gazebo-2]: started with pid [89][0m
[1mprocess[robot_state_publisher-3]: started with pid [90][0m
[1mprocess[controller_spawner-4]: started with pid [91][0m
[1mprocess[ekf_localization-5]: started with pid [93][0m
[1mprocess[twist_mux-6]: started with pid [96][0m
[1mprocess[twist_marker_server-7]: started with pid [100][0m
[1mprocess[urdf_spawner-8]: started with pid [102][0m
[1mprocess[collision_publisher_node-9]: started with pid [108][0m
[1m[urdf_spawner-8] process has finished cleanly
log file: /root/.ros/log/d6610028-a881-11f1-a986-1a78306416a9/urdf_spawner-8*.log[0m
[collision_publisher_node-9] killing on exit
[twist_marker_server-7] killing on exit
[twist_mux-6] killing on exit
[gazebo-2] killing on exit
[ekf_localization-5] killing on exit
[controller_spawner-4] killing on[31m[gazebo-2] escalating to SIGTERM[0m
[31m[collision_publisher_node-9] escalating to SIGTERM[0m
[31m[controller_spawner-4] escalating to SIGTERM[0m
[WARN] [1788541148.422255, 24.697000]: Controller Spawner error while taking down controllers: transport error completing service call: unable to receive data from sender, check sender's logs for details
 exit
[robot_state_publisher-3] killing on exit
[rosout-1] killing on exit
[master] killing on exit
shutting down processing monitor...
... shutting down processing monitor complete
[1mdone[0m
[0m[ INFO] [1788541109.505076595, 3.750000000]: global_costmap: Using plugin "obstacles_layer"[0m
[0m[ INFO] [1788541109.512596358, 3.755000000]:     Subscribed to Topics: scan[0m
[0m[ INFO] [1788541109.524209923, 3.765000000]: global_costmap: Using plugin "inflater_layer"[0m
[0m[ INFO] [1788541109.550981057, 3.791000000]: local_costmap: Using plugin "obstacles_layer"[0m
[0m[ INFO] [1788541109.552917832, 3.793000000]:     Subscribed to Topics: scan[0m
[0m[ INFO] [1788541109.558015189, 3.800000000]: local_costmap: Using plugin "inflater_layer"[0m
[0m[ INFO] [1788541109.571950284, 3.815000000]: Created local_planner base_local_planner/TrajectoryPlannerROS[0m
[0m[ INFO] [1788541109.576405049, 3.822000000]: Sim period is set to 0.05[0m
[0m[ INFO] [1788541109.633267151, 3.875000000]: Recovery behavior will clear layer 'obstacles'[0m
[0m[ INFO] [1788541109.635436887, 3.875000000]: Recovery behavior will clear layer 'obstacles'[0m
[0m[ INFO] [1788541109.812783572, 4.039000000]: odom received![0m
ostmap/transform_tolerance: 0.5
 * /move_base/global_costmap/update_frequency: 10
 * /move_base/global_costmap/width: 40.0
 * /move_base/global_costmap/z_resolution: 1
 * /move_base/global_costmap/z_voxels: 2
 * /move_base/local_costmap/footprint: [[-0.21, -0.165],...
 * /move_base/local_costmap/footprint_padding: 0.1
 * /move_base/local_costmap/global_frame: odom
 * /move_base/local_costmap/height: 10.0
 * /move_base/local_costmap/inflater_layer/inflation_radius: 0.3
 * /move_base/local_costmap/map_type: costmap
 * /move_base/local_costmap/meter_scoring: True
 * /move_base/local_costmap/obstacle_range: 2.5
 * /move_base/local_costmap/obstacles_layer/observation_sources: scan
 * /move_base/local_costmap/obstacles_layer/scan/clearing: True
 * /move_base/local_costmap/obstacles_layer/scan/data_type: LaserScan
 * /move_base/local_costmap/obstacles_layer/scan/marking: True
 * /move_base/local_costmap/obstacles_layer/scan/max_obstacle_height: 2.0
 * /move_base/local_costmap/obstacles_layer/scan/min_obstacle_height: -2.0
 * /move_base/local_costmap/obstacles_layer/scan/obstacle_range: 2.5
 * /move_base/local_costmap/obstacles_layer/scan/raytrace_range: 3.0
 * /move_base/local_costmap/obstacles_layer/scan/sensor_frame: front_laser
 * /move_base/local_costmap/obstacles_layer/scan/topic: front/scan
 * /move_base/local_costmap/origin_z: 0.0
 * /move_base/local_costmap/plugins: [{'type': 'costma...
 * /move_base/local_costmap/publish_frequency: 5.0
 * /move_base/local_costmap/publish_voxel_map: False
 * /move_base/local_costmap/raytrace_range: 3.0
 * /move_base/local_costmap/resolution: 0.05
 * /move_base/local_costmap/robot_base_frame: base_link
 * /move_base/local_costmap/rolling_window: True
 * /move_base/local_costmap/static_map: False
 * /move_base/local_costmap/transform_tolerance: 0.5
 * /move_base/local_costmap/update_frequency: 20.0
 * /move_base/local_costmap/width: 10.0
 * /move_base/local_costmap/z_resolution: 1
 * /move_base/local_costmap/z_voxels: 2
 * /move_base/oscillation_distance: 0.5
 * /move_base/oscillation_timeout: 0.0
 * /move_base/planner_frequency: 20.0
 * /move_base/planner_patience: 5.0
 * /move_base/recovery_behavior_enabled: True
 * /move_base/shutdown_costmaps: False
 * /rosdistro: melodic
 * /rosversion: 1.14.13

NODES
  /
    move_base (move_base/move_base)

[1mROS_MASTER_URI=http://127.0.0.1:11311[0m
]2;/opt/barn_ws/src/the-barn-challenge/jackal_helper/../jackal_helper/launch/move_base_DWA.launch http://127.0.0.1:11311
[1mprocess[move_base-1]: started with pid [304][0m
[move_base-1] killing on exit
shutting down processing monitor...
... shutting down processing monitor complete
[1mdone[0m
86 (m)
Time: 19.97 (s), x: -2.26 (m), y: 11.91 (m)
Time: 20.08 (s), x: -2.26 (m), y: 11.96 (m)
Time: 20.19 (s), x: -2.26 (m), y: 12.02 (m)
>>>>>>>>>>>>>>>>>> Test finished! <<<<<<<<<<<<<<<<<<
Navigation succeeded with time 20.1900 (s)
Navigation metric: 0.2763
