xacro: in-order processing became default in ROS Melodic. You can drop the option.
ALSA lib confmisc.c:767:(parse_card) cannot find card '0'
ALSA lib conf.c:4528:(_snd_config_evaluate) function snd_func_card_driver returned error: No such file or directory
ALSA lib confmisc.c:392:(snd_func_concat) error evaluating strings
ALSA lib conf.c:4528:(_snd_config_evaluate) function snd_func_concat returned error: No such file or directory
ALSA lib confmisc.c:1246:(snd_func_refer) error evaluating name
ALSA lib conf.c:4528:(_snd_config_evaluate) function snd_func_refer returned error: No such file or directory
ALSA lib conf.c:5007:(snd_config_expand) Evaluate error: No such file or directory
ALSA lib pcm.c:2495:(snd_pcm_open_noupdate) Unknown PCM default
AL lib: (EE) ALCplaybackAlsa_open: Could not open playback device 'default': No such file or directory
[33m[ WARN] [1788541042.269529981, 0.112000000]: Failed to meet update rate! Took 0.10900000000000001354[0m
[33m[ WARN] [1788541042.273320737, 0.113000000]: Failed to meet update rate! Took 0.092999999999999999334[0m
[0m[ INFO] [1788541041.333573760]: Finished loading Gazebo ROS API Plugin.[0m
[0m[ INFO] [1788541041.335532910]: waitForService: Service [/gazebo/set_physics_properties] has not been advertised, waiting...[0m
[0m[ INFO] [1788541042.054055766]: waitForService: Service [/gazebo/set_physics_properties] is now available.[0m
[0m[ INFO] [1788541042.090325480]: Physics dynamic reconfigure ready.[0m
[1;33mWarning [parser_urdf.cc:1115][0m multiple inconsistent <gravity> exists due to fixed joint reduction overwriting previous value [true] with [false].
[1;33mWarning [parser_urdf.cc:1115][0m multiple inconsistent <gravity> exists due to fixed joint reduction overwriting previous value [false] with [true].
[31m[ERROR] [1788541042.904292016, 0.329000000]: No p gain specified for pid.  Namespace: /gazebo_ros_control/pid_gains/front_left_wheel[0m
[31m[ERROR] [1788541042.904938274, 0.329000000]: No p gain specified for pid.  Namespace: /gazebo_ros_control/pid_gains/front_right_wheel[0m
[31m[ERROR] [1788541042.905329196, 0.329000000]: No p gain specified for pid.  Namespace: /gazebo_ros_control/pid_gains/rear_left_wheel[0m
[31m[ERROR] [1788541042.905716117, 0.329000000]: No p gain specified for pid.  Namespace: /gazebo_ros_control/pid_gains/rear_right_wheel[0m
... logging to /root/.ros/log/b0ca4a5e-a881-11f1-9aff-1a78306416a9/roslaunch-orbstack-287.log
Checking log directory for disk usage. This may take a while.
Press Ctrl-C to interrupt
Done checking log file disk usage. Usage is <1GB.
]2;/opt/barn_ws/src/the-barn-challenge/jackal_helper/../jackal_helper/launch/move_base_DWA.launch
[1mstarted roslaunch server http://localhost:35883/[0m

SUMMARY
========

PARAMETERS
 * /move_base/TrajectoryPlannerROS/acc_lim_theta: 20.0
 * /move_base/TrajectoryPlannerROS/acc_lim_x: 10.0
 * /move_base/TrajectoryPlannerROS/angular_sim_granularity: 0.02
 * /move_base/TrajectoryPlannerROS/controller_frequency: 20.0
 * /move_base/TrajectoryPlannerROS/dwa: True
 * /move_base/TrajectoryPlannerROS/escape_reset_dist: 0.1
 * /move_base/TrajectoryPlannerROS/escape_reset_theta: 0.1
 * /move_base/TrajectoryPlannerROS/escape_vel: -0.5
 * /move_base/TrajectoryPlannerROS/gdist_scale: 1.0
 * /move_base/TrajectoryPlannerROS/heading_lookahead: 0.325
 * /move_base/TrajectoryPlannerROS/heading_scoring: False
 * /move_base/TrajectoryPlannerROS/heading_scoring_timestep: 0.8
 * /move_base/TrajectoryPlannerROS/holonomic_robot: False
 * /move_base/TrajectoryPlannerROS/latch_xy_goal_tolerance: False
 * /move_base/TrajectoryPlannerROS/max_vel_theta: 1.57
 * /move_base/TrajectoryPlannerROS/max_vel_x: 0.5
 * /move_base/TrajectoryPlannerROS/meter_scoring: True
 * /move_base/TrajectoryPlannerROS/min_in_place_vel_theta: 0.314
 * /move_base/TrajectoryPlannerROS/min_vel_theta: -1.57
 * /move_base/TrajectoryPlannerROS/min_vel_x: 0.1
 * /move_base/TrajectoryPlannerROS/occdist_scale: 0.1
 * /move_base/TrajectoryPlannerROS/oscillation_reset_dist: 0.05
 * /move_base/TrajectoryPlannerROS/pdist_scale: 0.75
 * /move_base/TrajectoryPlannerROS/publish_cost_grid_pc: True
 * /move_base/TrajectoryPlannerROS/sim_granularity: 0.02
 * /move_base/TrajectoryPlannerROS/sim_time: 2.0
 * /move_base/TrajectoryPlannerROS/simple_attractor: False
 * /move_base/TrajectoryPlannerROS/vtheta_samples: 20
 * /move_base/TrajectoryPlannerROS/vx_samples: 6
 * /move_base/TrajectoryPlannerROS/xy_goal_tolerance: 0.25
 * /move_base/TrajectoryPlannerROS/yaw_goal_tolerance: 0.157
 * /move_base/base_global_planner: navfn/NavfnROS
 * /move_base/base_local_planner: base_local_planne...
 * /move_base/clearing_rotation_allowed: True
 * /move_base/controller_frequency: 20.0
 * /move_base/controller_patience: 15.0
 * /move_base/global_costmap/footprint: [[-0.21, -0.165],...
 * /move_base/global_costmap/footprint_padding: 0.1
 * /move_base/global_costmap/global_frame: odom
 * /move_base/global_costmap/height: 40.0
 * /move_base/global_costmap/inflater_layer/inflation_radius: 0.3
 * /move_base/global_costmap/map_type: costmap
 * /move_base/global_costmap/meter_scoring: True
 * /move_base/global_costmap/obstacle_range: 2.5
 * /move_base/global_costmap/obstacles_layer/observation_sources: scan
 * /move_base/global_costmap/obstacles_layer/scan/clearing: True
 * /move_base/global_costmap/obstacles_layer/scan/data_type: LaserScan
 * /move_base/global_costmap/obstacles_layer/scan/marking: True
 * /move_base/global_costmap/obstacles_layer/scan/max_obstacle_height: 2.0
 * /move_base/global_costmap/obstacles_layer/scan/min_obstacle_height: -2.0
 * /move_base/global_costmap/obstacles_layer/scan/obstacle_range: 2.5
 * /move_base/global_costmap/obstacles_layer/scan/raytrace_range: 3.0
 * /move_base/global_costmap/obstacles_layer/scan/sensor_frame: front_laser
 * /move_base/global_costmap/obstacles_layer/scan/topic: front/scan
 * /move_base/global_costmap/origin_x: -20.0
 * /move_base/global_costmap/origin_y: -20.0
 * /move_base/global_costmap/origin_z: 0.0
 * /move_base/global_costmap/plugins: [{'type': 'costma...
 * /move_base/global_costmap/publish_frequency: 5
 * /move_base/global_costmap/publish_voxel_map: False
 * /move_base/global_costmap/raytrace_range: 3.0
 * /move_base/global_costmap/resolution: 0.05
 * /move_base/global_costmap/robot_base_frame: base_link
 * /move_base/global_costmap/rolling_window: False
 * /move_base/global_costmap/static_map: True
 * /move_base/global_c[33m[ WARN] [1788541046.543436478, 3.719000000]: global_costmap: Pre-Hydro parameter "static_map" unused since "plugins" is provided[0m
[33m[ WARN] [1788541046.545732257, 3.722000000]: global_costmap: Pre-Hydro parameter "map_type" unused since "plugins" is provided[0m
[33m[ WARN] [1788541046.594051125, 3.769000000]: local_costmap: Pre-Hydro parameter "static_map" unused since "plugins" is provided[0m
[33m[ WARN] [1788541046.594320878, 3.769000000]: local_costmap: Pre-Hydro parameter "map_type" unused since "plugins" is provided[0m
[33m[ WARN] [1788541046.618457812, 3.797000000]: Parameter pdist_scale is deprecated. Please use the name path_distance_bias instead.[0m
[33m[ WARN] [1788541046.618814983, 3.798000000]: Parameter gdist_scale is deprecated. Please use the name goal_distance_bias instead.[0m
>>>>>>>>>>>>>>>>>> Loading Gazebo Simulation with BARN/world_48.world <<<<<<<<<<<<<<<<<<
Time: 0.01 (s), x: -2.25 (m), y: 3.11 (m)
Time: 0.12 (s), x: -2.25 (m), y: 3.17 (m)
Time: 0.22 (s), x: -2.25 (m), y: 3.22 (m)
Time: 0.33 (s), x: -2.25 (m), y: 3.27 (m)
Time: 0.43 (s), x: -2.25 (m), y: 3.33 (m)
Time: 0.54 (s), x: -2.26 (m), y: 3.38 (m)
Time: 0.64 (s), x: -2.27 (m), y: 3.42 (m)
Time: 0.74 (s), x: -2.28 (m), y: 3.48 (m)
Time: 0.84 (s), x: -2.29 (m), y: 3.53 (m)
Time: 0.95 (s), x: -2.31 (m), y: 3.58 (m)
Time: 1.05 (s), x: -2.32 (m), y: 3.64 (m)
Time: 1.15 (s), x: -2.33 (m), y: 3.68 (m)
Time: 1.25 (s), x: -2.35 (m), y: 3.73 (m)
Time: 1.36 (s), x: -2.37 (m), y: 3.78 (m)
Time: 1.46 (s), x: -2.38 (m), y: 3.83 (m)
Time: 1.56 (s), x: -2.40 (m), y: 3.87 (m)
Time: 1.67 (s), x: -2.43 (m), y: 3.92 (m)
Time: 1.77 (s), x: -2.44 (m), y: 3.96 (m)
Time: 1.88 (s), x: -2.46 (m), y: 4.00 (m)
Time: 1.98 (s), x: -2.48 (m), y: 4.04 (m)
Time: 2.09 (s), x: -2.50 (m), y: 4.07 (m)
Time: 2.19 (s), x: -2.53 (m), y: 4.11 (m)
Time: 2.29 (s), x: -2.55 (m), y: 4.14 (m)
Time: 2.40 (s), x: -2.57 (m), y: 4.17 (m)
Time: 2.51 (s), x: -2.59 (m), y: 4.20 (m)
Time: 2.61 (s), x: -2.61 (m), y: 4.23 (m)
Time: 2.71 (s), x: -2.63 (m), y: 4.25 (m)
Time: 2.82 (s), x: -2.65 (m), y: 4.27 (m)
Time: 2.93 (s), x: -2.66 (m), y: 4.29 (m)
Time: 3.04 (s), x: -2.68 (m), y: 4.31 (m)
Time: 3.15 (s), x: -2.69 (m), y: 4.33 (m)
Time: 3.25 (s), x: -2.71 (m), y: 4.35 (m)
Time: 3.36 (s), x: -2.72 (m), y: 4.36 (m)
Time: 3.46 (s), x: -2.73 (m), y: 4.38 (m)
Time: 3.56 (s), x: -2.74 (m), y: 4.39 (m)
Time: 3.67 (s), x: -2.75 (m), y: 4.40 (m)
Time: 3.78 (s), x: -2.77 (m), y: 4.41 (m)
Time: 3.88 (s), x: -2.78 (m), y: 4.42 (m)
Time: 3.99 (s), x: -2.80 (m), y: 4.43 (m)
Time: 4.10 (s), x: -2.81 (m), y: 4.45 (m)
Time: 4.20 (s), x: -2.82 (m), y: 4.45 (m)
Time: 4.31 (s), x: -2.83 (m), y: 4.47 (m)
Time: 4.42 (s), x: -2.84 (m), y: 4.47 (m)
Time: 4.52 (s), x: -2.85 (m), y: 4.48 (m)
Time: 4.63 (s), x: -2.86 (m), y: 4.49 (m)
Time: 4.73 (s), x: -2.87 (m), y: 4.50 (m)
Time: 4.83 (s), x: -2.87 (m), y: 4.50 (m)
Time: 4.93 (s), x: -2.88 (m), y: 4.51 (m)
Time: 5.05 (s), x: -2.89 (m), y: 4.52 (m)
Time: 5.15 (s), x: -2.89 (m), y: 4.53 (m)
Time: 5.26 (s), x: -2.90 (m), y: 4.53 (m)
Time: 5.37 (s), x: -2.91 (m), y: 4.54 (m)
Time: 5.47 (s), x: -2.92 (m), y: 4.55 (m)
Time: 5.58 (s), x: -2.93 (m), y: 4.55 (m)
Time: 5.68 (s), x: -2.93 (m), y: 4.56 (m)
Time: 5.79 (s), x: -2.94 (m), y: 4.57 (m)
Time: 5.90 (s), x: -2.95 (m), y: 4.57 (m)
Time: 6.00 (s), x: -2.96 (m), y: 4.58 (m)
Time: 6.11 (s), x: -2.97 (m), y: 4.59 (m)
Time: 6.22 (s), x: -2.97 (m), y: 4.59 (m)
Time: 6.32 (s), x: -2.98 (m), y: 4.60 (m)
Time: 6.42 (s), x: -3.00 (m), y: 4.61 (m)
Time: 6.53 (s), x: -3.03 (m), y: 4.63 (m)
Time: 6.63 (s), x: -3.04 (m), y: 4.64 (m)
Time: 6.74 (s), x: -3.06 (m), y: 4.65 (m)
Time: 6.85 (s), x: -3.06 (m), y: 4.66 (m)
Time: 6.96 (s), x: -3.08 (m), y: 4.68 (m)
Time: 7.07 (s), x: -3.10 (m), y: 4.69 (m)
Time: 7.17 (s), x: -3.13 (m), y: 4.71 (m)
Time: 7.28 (s), x: -3.15 (m), y: 4.74 (m)
Time: 7.38 (s), x: -3.18 (m), y: 4.76 (m)
Time: 7.49 (s), x: -3.21 (m), y: 4.79 (m)
Time: 7.60 (s), x: -3.23 (m), y: 4.82 (m)
Time: 7.70 (s), x: -3.25 (m), y: 4.84 (m)
Time: 7.80 (s), x: -3.27 (m), y: 4.86 (m)
Time: 7.91 (s), x: -3.30 (m), y: 4.89 (m)
Time: 8.01 (s), x: -3.32 (m), y: 4.91 (m)
Time: 8.12 (s), x: -3.33 (m), y: 4.93 (m)
Time: 8.22 (s), x: -3.35 (m), y: 4.95 (m)
Time: 8.32 (s), x: -3.37 (m), y: 4.96 (m)
Time: 8.43 (s), x: -3.39 (m), y: 4.98 (m)
Time: 8.53 (s), x: -3.41 (m), y: 5.00 (m)
Time: 8.64 (s), x: -3.43 (m), y: 5.02 (m)
Time: 8.74 (s), x: -3.44 (m), y: 5.04 (m)
Time: 8.84 (s), x: -3.46 (m), y: 5.06 (m)
Time: 8.94 (s), x: -3.47 (m), y: 5.07 (m)
Time: 9.05 (s), x: -3.48 (m), y: 5.08 (m)
Time: 9.16 (s), x: -3.49 (m), y: 5.08 (m)
Time: 9.26 (s), x: -3.50 (m), y: 5.07 (m)
Time: 9.36 (s), x: -3.51 (m), y: 5.06 (m)
Time: 9.47 (s), x: -3.52 (m), y: 5.07 (m)
Time: 9.57 (s), x: -3.53 (m), y: 5.07 (m)
Time: 9.68 (s), x: -3.53 (m), y: 5.08 (m)
Time: 9.78 (s), x: -3.54 (m), y: 5.08 (m)
Time: 9.89 (s), x: -3.55 (m), y: 5.08 (m)
Time: 10.00 (s), x: -3.55 (m), y: 5.08 (m)
Time: 10.10 (s), x: -3.56 (m), y: 5.07 (m)
Time: 10.20 (s), x: -3.57 (m), y: 5.07 (m)
Time: 10.32 (s), x: -3.57 (m), y: 5.07 (m)
Time: 10.42 (s), x: -3.58 (m), y: 5.08 (m)
Time: 10.53 (s), x: -3.58 (m), y: 5.11 (m)
Time: 10.63 (s), x: -3.58 (m), y: 5.14 (m)
Time: 10.73 (s), x: -3.58 (m), y: 5.18 (m)
Time: 10.83 (s), x: -3.58 (m), y: 5.22 (m)
Time: 10.94 (s), x: -3.59 (m), y: 5.27 (m)
Time: 11.04 (s), x: -3.58 (m), y: 5.31 (m)
Time: 11.16 (s), x: -3.57 (m), y: 5.36 (m)
Time: 11.26 (s), x: -3.56 (m), y: 5.40 (m)
Time: 11.36 (s), x: -3.54 (m), y: 5.43 (m)
Time: 11.47 (s), x: -3.53 (m), y: 5.46 (m)
Time: 11.58 (s), x: -3.52 (m), y: 5.47 (m)
Time: 11.68 (s), x: -3.52 (m), y: 5.48 (m)
Time: 11.78 (s), x: -3.52 (m), y: 5.49 (m)
Time: 11.88 (s), x: -3.52 (m), y: 5.49 (m)
Time: 11.99 (s), x: -3.52 (m), y: 5.50 (m)
Time: 12.09 (s), x: -3.52 (m), y: 5.50 (m)
Time: 12.20 (s), x: -3.53 (m), y: 5.50 (m)
Time: 12.30 (s), x: -3.53 (m), y: 5.50 (m)
Time: 12.40 (s), x: -3.54 (m), y: 5.50 (m)
Time: 12.51 (s), x: -3.54 (m), y: 5.51 (m)
Time: 12.61 (s), x: -3.54 (m), y: 5.51 (m)
Time: 12.72 (s), x: -3.54 (m), y: 5.51 (m)
Time: 12.82 (s), x: -3.53 (m), y: 5.53 (m)
Time: 12.92 (s), x: -3.51 (m), y: 5.55 (m)
Time: 13.03 (s), x: -3.51 (m), y: 5.56 (m)
Time: 13.13 (s), x: -3.50 (m), y: 5.57 (m)
Time: 13.23 (s), x: -3.50 (m), y: 5.57 (m)
Time: 13.34 (s), x: -3.51 (m), y: 5.56 (m)
Time: 13.44 (s), x: -3.51 (m), y: 5.56 (m)
Time: 13.55 (s), x: -3.52 (m), y: 5.57 (m)
Time: 13.66 (s), x: -3.52 (m), y: 5.57 (m)
Time: 13.76 (s), x: -3.53 (m), y: 5.57 (m)
Time: 13.87 (s), x: -3.52 (m), y: 5.58 (m)
Time: 13.97 (s), x: -3.51 (m), y: 5.59 (m)
Time: 14.08 (s), x: -3.50 (m), y: 5.60 (m)
Time: 14.18 (s), x: -3.48 (m), y: 5.62 (m)
Time: 14.28 (s), x: -3.47 (m), y: 5.62 (m)
Time: 14.39 (s), x: -3.49 (m), y: 5.60 (m)
Time: 14.49 (s), x: -3.53 (m), y: 5.57 (m)
Time: 14.60 (s), x: -3.57 (m), y: 5.54 (m)
Time: 14.70 (s), x: -3.61 (m), y: 5.51 (m)
Time: 14.81 (s), x: -3.63 (m), y: 5.49 (m)
Time: 14.91 (s), x: -3.64 (m), y: 5.48 (m)
Time: 15.02 (s), x: -3.63 (m), y: 5.49 (m)
Time: 15.12 (s), x: -3.63 (m), y: 5.49 (m)
Time: 15.22 (s), x: -3.62 (m), y: 5.50 (m)
Time: 15.33 (s), x: -3.61 (m), y: 5.50 (m)
Time: 15.44 (s), x: -3.61 (m), y: 5.51 (m)
Time: 15.54 (s), x: -3.60 (m), y: 5.51 (m)
Time: 15.64 (s), x: -3.59 (m), y: 5.52 (m)
Time: 15.74 (s), x: -3.58 (m), y: 5.52 (m)
Time: 15.84 (s), x: -3.58 (m), y: 5.53 (m)
Time: 15.95 (s), x: -3.57 (m), y: 5.53 (m)
Time: 16.06 (s), x: -3.57 (m), y: 5.54 (m)
Time: 16.16 (s), x: -3.57 (m), y: 5.54 (m)
Time: 16.26 (s), x: -3.57 (m), y: 5.55 (m)
Time: 16.37 (s), x: -3.57 (m), y: 5.56 (m)
Time: 16.48 (s), x: -3.59 (m), y: 5.55 (m)
Time: 16.58 (s), x: -3.63 (m), y: 5.53 (m)
Time: 16.68 (s), x: -3.68 (m), y: 5.51 (m)
Time: 16.79 (s), x: -3.73 (m), y: 5.48 (m)
Time: 16.90 (s), x: -3.77 (m), y: 5.46 (m)
Time: 17.00 (s), x: -3.79 (m), y: 5.45 (m)
Time: 17.11 (s), x: -3.80 (m), y: 5.45 (m)
Time: 17.21 (s), x: -3.80 (m), y: 5.45 (m)
Time: 17.32 (s), x: -3.80 (m), y: 5.45 (m)
Time: 17.42 (s), x: -3.80 (m), y: 5.46 (m)
Time: 17.52 (s), x: -3.78 (m), y: 5.46 (m)
Time: 17.63 (s), x: -3.75 (m), y: 5.48 (m)
Time: 17.73 (s), x: -3.71 (m), y: 5.49 (m)
Time: 17.83 (s), x: -3.67 (m), y: 5.50 (m)
Time: 17.94 (s), x: -3.62 (m), y: 5.52 (m)
Time: 18.04 (s), x: -3.56 (m), y: 5.54 (m)
Time: 18.15 (s), x: -3.50 (m), y: 5.56 (m)
Time: 18.25 (s), x: -3.45 (m), y: 5.58 (m)
Time: 18.36 (s), x: -3.40 (m), y: 5.60 (m)
Time: 18.46 (s), x: -3.35 (m), y: 5.62 (m)
Time: 18.56 (s), x: -3.31 (m), y: 5.65 (m)
Time: 18.67 (s), x: -3.27 (m), y: 5.68 (m)
Time: 18.78 (s), x: -3.23 (m), y: 5.72 (m)
Time: 18.88 (s), x: -3.19 (m), y: 5.76 (m)
Time: 18.99 (s), x: -3.14 (m), y: 5.81 (m)
Time: 19.09 (s), x: -3.11 (m), y: 5.84 (m)
Time: 19.19 (s), x: -3.07 (m), y: 5.88 (m)
Time: 19.30 (s), x: -3.04 (m), y: 5.92 (m)
Time: 19.41 (s), x: -3.01 (m), y: 5.96 (m)
Time: 19.52 (s), x: -2.97 (m), y: 6.00 (m)
Time: 19.62 (s), x: -2.94 (m), y: 6.05 (m)
Time: 19.73 (s), x: -2.91 (m), y: 6.10 (m)
Time: 19.84 (s), x: -2.89 (m), y: 6.14 (m)
Time: 19.94 (s), x: -2.87 (m), y: 6.18 (m)
Time: 20.05 (s), x: -2.84 (m), y: 6.22 (m)
Time: 20.15 (s), x: -2.82 (m), y: 6.27 (m)
Time: 20.26 (s), x: -2.80 (m), y: 6.31 (m)
Time: 20.36 (s), x: -2.78 (m), y: 6.36 (m)
Time: 20.46 (s), x: -2.76 (m), y: 6.40 (m)
Time: 20.56 (s), x: -2.74 (m), y: 6.45 (m)
Time: 20.67 (s), x: -2.72 (m), y: 6.50 (m)
Time: 20.78 (s), x: -2.70 (m), y: 6.55 (m)
Time: 20.88 (s), x: -2.68 (m), y: 6.60 (m)
Time: 20.99 (s), x: -2.66 (m), y: 6.65 (m)
Time: 21.10 (s), x: -2.65 (m), y: 6.70 (m)
Time: 21.20 (s), x: -2.63 (m), y: 6.76 (m)
Time: 21.31 (s), x: -2.62 (m), y: 6.81 (m)
Time: 21.42 (s), x: -2.60 (m), y: 6.86 (m)
Time: 21.53 (s), x: -2.59 (m), y: 6.91 (m)
Time: 21.64 (s), x: -2.58 (m), y: 6.96 (m)
Time: 21.74 (s), x: -2.57 (m), y: 7.01 (m)
Time: 21.85 (s), x: -2.56 (m), y: 7.07 (m)
Time: 21.95 (s), x: -2.55 (m), y: 7.12 (m)
Time: 22.06 (s), x: -2.54 (m), y: 7.17 (m)
Time: 22.16 (s), x: -2.53 (m), y: 7.22 (m)
Time: 22.26 (s), x: -2.53 (m), y: 7.27 (m)
Time: 22.37 (s), x: -2.52 (m), y: 7.33 (m)
Time: 22.47 (s), x: -2.51 (m), y: 7.38 (m)
Time: 22.57 (s), x: -2.51 (m), y: 7.43 (m)
Time: 22.68 (s), x: -2.50 (m), y: 7.48 (m)
Time: 22.78 (s), x: -2.50 (m), y: 7.53 (m)
Time: 22.88 (s), x: -2.49 (m), y: 7.58 (m)
Time: 22.99 (s), x: -2.49 (m), y: 7.64 (m)
Time: 23.10 (s), x: -2.48 (m), y: 7.69 (m)
Time: 23.21 (s), x: -2.48 (m), y: 7.74 (m)
Time: 23.31 (s), x: -2.47 (m), y: 7.79 (m)
Time: 23.42 (s), x: -2.47 (m), y: 7.85 (m)
Time: 23.52 (s), x: -2.46 (m), y: 7.90 (m)
Time: 23.63 (s), x: -2.46 (m), y: 7.96 (m)
Time: 23.74 (s), x: -2.46 (m), y: 8.01 (m)
Time: 23.84 (s), x: -2.45 (m), y: 8.06 (m)
Time: 23.94 (s), x: -2.45 (m), y: 8.11 (m)
Time: 24.05 (s), x: -2.45 (m), y: 8.16 (m)
Time: 24.15 (s), x: -2.44 (m), y: 8.21 (m)
Time: 24.26 (s), x: -2.44 (m), y: 8.27 (m)
Time: 24.36 (s), x: -2.44 (m), y: 8.32 (m)
Time: 24.47 (s), x: -2.44 (m), y: 8.37 (m)
Time: 24.57 (s), x: -2.44 (m), y: 8.43 (m)
Time: 24.68 (s), x: -2.44 (m), y: 8.48 (m)
Time: 24.78 (s), x: -2.43 (m), y: 8.53 (m)
Time: 24.88 (s), x: -2.43 (m), y: 8.58 (m)
Time: 24.98 (s), x: -2.43 (m), y: 8.63 (m)
Time: 25.09 (s), x: -2.43 (m), y: 8.68 (m)
Time: 25.20 (s), x: -2.43 (m), y: 8.74 (m)
Time: 25.30 (s), x: -2.43 (m), y: 8.79 (m)
Time: 25.40 (s), x: -2.42 (m), y: 8.84 (m)
Time: 25.50 (s), x: -2.42 (m), y: 8.89 (m)
Time: 25.61 (s), x: -2.42 (m), y: 8.94 (m)
Time: 25.71 (s), x: -2.42 (m), y: 8.99 (m)
Time: 25.82 (s), x: -2.42 (m), y: 9.05 (m)
Time: 25.92 (s), x: -2.42 (m), y: 9.10 (m)
Time: 26.04 (s), x: -2.41 (m), y: 9.16 (m)
Time: 26.14 (s), x: -2.41 (m), y: 9.21 (m)
Time: 26.24 (s), x: -2.41 (m), y: 9.26 (m)
Time: 26.35 (s), x: -2.41 (m), y: 9.31 (m)
Time: 26.45 (s), x: -2.41 (m), y: 9.36 (m)
Time: 26.55 (s), x: -2.41 (m), y: 9.41 (m)
Time: 26.66 (s), x: -2.41 (m), y: 9.47 (m)
Time: 26.77 (s), x: -2.40 (m), y: 9.52 (m)
Time: 26.88 (s), x: -2.40 (m), y: 9.58 (m)
Time: 26.98 (s), x: -2.40 (m), y: 9.63 (m)
Time: 27.08 (s), x: -2.40 (m), y: 9.68 (m)
Time: 27.18 (s), x: -2.40 (m), y: 9.73 (m)
Time: 27.30 (s), x: -2.40 (m), y: 9.79 (m)
Time: 27.40 (s), x: -2.39 (m), y: 9.84 (m)
Time: 27.50 (s), x: -2.39 (m), y: 9.89 (m)
Time: 27.62 (s), x: -2.39 (m), y: 9.94 (m)
Time: 27.72 (s), x: -2.39 (m), y: 10.00 (m)
Time: 27.82 (s), x: -2.39 (m), y: 10.05 (m)
Time: 27.93 (s), x: -2.39 (m), y: 10.10 (m)
Time: 28.04 (s), x: -2.38 (m), y: 10.16 (m)
Time: 28.14 (s), x: -2.38 (m), y: 10.21 (m)
Time: 28.25 (s), x: -2.38 (m), y: 10.26 (m)
Time: 28.35 (s), x: -2.38 (m), y: 10.31 (m)
Time: 28.45 (s), x: -2.38 (m), y: 10.36 (m)
Time: 28.56 (s), x: -2.38 (m), y: 10.42 (m)
Time: 28.66 (s), x: -2.38 (m), y: 10.47 (m)
Time: 28.77 (s), x: -2.38 (m), y: 10.52 (m)
Time: 28.88 (s), x: -2.38 (m), y: 10.58 (m)
Time: 28.98 (s), x: -2.37 (m), y: 10.63 (m)
Time: 29.08 (s), x: -2.37 (m), y: 10.68 (m)
Time: 29.19 (s), x: -2.37 (m), y: 10.73 (m)
Time: 29.30 (s), x: -2.37 (m), y: 10.79 (m)
Time: 29.40 (s), x: -2.37 (m), y: 10.84 (m)
Time: 29.50 (s), x: -2.37 (m), y: 10.89 (m)
Time: 29.61 (s), x: -2.37 (m), y: 10.94 (m)
Time: 29.71 (s), x: -2.37 (m), y: 10.99 (m)
Time: 29.82 (s), x: -2.37 (m), y: 11.05 (m)
Time: 29.92 (s), x... logging to /root/.ros/log/b0ca4a5e-a881-11f1-9aff-1a78306416a9/roslaunch-orbstack-57.log
Checking log directory for disk usage. This may take a while.
Press Ctrl-C to interrupt
Done checking log file disk usage. Usage is <1GB.
]2;/opt/barn_ws/src/the-barn-challenge/jackal_helper/launch/gazebo_launch.launch
[1mstarted roslaunch server http://localhost:33321/[0m

SUMMARY
========

PARAMETERS
 * /ekf_localization/base_link_frame: base_link
 * /ekf_localization/frequency: 50
 * /ekf_localization/imu0: /imu/data
 * /ekf_localization/imu0_config: [False, False, Fa...
 * /ekf_localization/imu0_differential: False
 * /ekf_localization/odom0: /jackal_velocity_...
 * /ekf_localization/odom0_config: [False, False, Fa...
 * /ekf_localization/odom0_differential: False
 * /ekf_localization/odom_frame: odom
 * /ekf_localization/predict_to_current_time: True
 * /ekf_localization/world_frame: odom
 * /gazebo/enable_ros_network: True
 * /jackal_joint_publisher/publish_rate: 50
 * /jackal_joint_publisher/type: joint_state_contr...
 * /jackal_velocity_controller/angular/z/has_acceleration_limits: True
 * /jackal_velocity_controller/angular/z/has_velocity_limits: True
 * /jackal_velocity_controller/angular/z/max_acceleration: 25.0
 * /jackal_velocity_controller/angular/z/max_velocity: 4.0
 * /jackal_velocity_controller/cmd_vel_timeout: 0.25
 * /jackal_velocity_controller/enable_odom_tf: False
 * /jackal_velocity_controller/k_l: 0.1
 * /jackal_velocity_controller/k_r: 0.1
 * /jackal_velocity_controller/left_wheel: ['front_left_whee...
 * /jackal_velocity_controller/linear/x/has_acceleration_limits: True
 * /jackal_velocity_controller/linear/x/has_velocity_limits: True
 * /jackal_velocity_controller/linear/x/max_acceleration: 20.0
 * /jackal_velocity_controller/linear/x/max_velocity: 2.0
 * /jackal_velocity_controller/pose_covariance_diagonal: [0.001, 0.001, 10...
 * /jackal_velocity_controller/publish_rate: 50
 * /jackal_velocity_controller/right_wheel: ['front_right_whe...
 * /jackal_velocity_controller/twist_covariance_diagonal: [0.001, 0.001, 0....
 * /jackal_velocity_controller/type: diff_drive_contro...
 * /jackal_velocity_controller/wheel_radius_multiplier: 1.0
 * /jackal_velocity_controller/wheel_separation_multiplier: 1.5
 * /robot_description: <?xml version="1....
 * /rosdistro: melodic
 * /rosversion: 1.14.13
 * /twist_mux/locks: [{'topic': 'e_sto...
 * /twist_mux/topics: [{'topic': 'joy_t...
 * /use_sim_time: True

NODES
  /
    collision_publisher_node (jackal_helper/collision_publisher_node)
    controller_spawner (controller_manager/spawner)
    ekf_localization (robot_localization/ekf_localization_node)
    gazebo (gazebo_ros/gzserver)
    robot_state_publisher (robot_state_publisher/robot_state_publisher)
    twist_marker_server (interactive_marker_twist_server/marker_server)
    twist_mux (twist_mux/twist_mux)
    urdf_spawner (gazebo_ros/spawn_model)

auto-starting new master
[1mprocess[master]: started with pid [75][0m
[1mROS_MASTER_URI=http://127.0.0.1:11311[0m
]2;/opt/barn_ws/src/the-barn-challenge/jackal_helper/launch/gazebo_launch.launch http://127.0.0.1:11311
[1msetting /run_id to b0ca4a5e-a881-11f1-9aff-1a78306416a9[0m
[1mprocess[rosout-1]: started with pid [86][0m
started core service [/rosout]
[1mprocess[gazebo-2]: started with pid [89][0m
[1mprocess[robot_state_publisher-3]: started with pid [90][0m
[1mprocess[controller_spawner-4]: started with pid [91][0m
[1mprocess[ekf_localization-5]: started with pid [93][0m
[1mprocess[twist_mux-6]: started with pid [97][0m
[1mprocess[twist_marker_server-7]: started with pid [100][0m
[1mprocess[urdf_spawner-8]: started with pid [103][0m
[1mprocess[collision_publisher_node-9]: started with pid [108][0m
[1m[urdf_spawner-8] process has finished cleanly
log file: /root/.ros/log/b0ca4a5e-a881-11f1-9aff-1a78306416a9/urdf_spawner-8*.log[0m
[collision_publisher_node-9] killing on exit
[twist_marker_server-7] killing on exit
[robot_state_publisher-3] killing on exit
[ekf_localization-5] killing on exit
[gazebo-2] killing on exit
[controller_spawner-4[31m[controller_spawner-4] escalating to SIGTERM[0m
[31m[collision_publisher_node-9] escalating to SIGTERM[0m
[WARN] [1788541099.763387, 36.313000]: Controller Spawner error while taking down controllers: transport error completing service call: unable to receive data from sender, check sender's logs for details
[31m[gazebo-2] escalating to SIGTERM[0m
] killing on exit
[twist_mux-6] killing on exit
[rosout-1] killing on exit
[master] killing on exit
shutting down processing monitor...
... shutting down processing monitor complete
[1mdone[0m
[0m[ INFO] [1788541046.546679519, 3.722000000]: global_costmap: Using plugin "obstacles_layer"[0m
[0m[ INFO] [1788541046.554631454, 3.733000000]:     Subscribed to Topics: scan[0m
[0m[ INFO] [1788541046.566179602, 3.744000000]: global_costmap: Using plugin "inflater_layer"[0m
[0m[ INFO] [1788541046.594615341, 3.769000000]: local_costmap: Using plugin "obstacles_layer"[0m
[0m[ INFO] [1788541046.596163069, 3.769000000]:     Subscribed to Topics: scan[0m
[0m[ INFO] [1788541046.601034006, 3.772000000]: local_costmap: Using plugin "inflater_layer"[0m
[0m[ INFO] [1788541046.614518637, 3.790000000]: Created local_planner base_local_planner/TrajectoryPlannerROS[0m
[0m[ INFO] [1788541046.617156170, 3.795000000]: Sim period is set to 0.05[0m
[0m[ INFO] [1788541046.670255975, 3.838000000]: Recovery behavior will clear layer 'obstacles'[0m
[0m[ INFO] [1788541046.672637963, 3.843000000]: Recovery behavior will clear layer 'obstacles'[0m
[0m[ INFO] [1788541046.847821454, 4.012000000]: odom received![0m
ostmap/transform_tolerance: 0.5
 * /move_base/global_costmap/update_frequency: 10
 * /move_base/global_costmap/width: 40.0
 * /move_base/global_costmap/z_resolution: 1
 * /move_base/global_costmap/z_voxels: 2
 * /move_base/local_costmap/footprint: [[-0.21, -0.165],...
 * /move_base/local_costmap/footprint_padding: 0.1
 * /move_base/local_costmap/global_frame: odom
 * /move_base/local_costmap/height: 10.0
 * /move_base/local_costmap/inflater_layer/inflation_radius: 0.3
 * /move_base/local_costmap/map_type: costmap
 * /move_base/local_costmap/meter_scoring: True
 * /move_base/local_costmap/obstacle_range: 2.5
 * /move_base/local_costmap/obstacles_layer/observation_sources: scan
 * /move_base/local_costmap/obstacles_layer/scan/clearing: True
 * /move_base/local_costmap/obstacles_layer/scan/data_type: LaserScan
 * /move_base/local_costmap/obstacles_layer/scan/marking: True
 * /move_base/local_costmap/obstacles_layer/scan/max_obstacle_height: 2.0
 * /move_base/local_costmap/obstacles_layer/scan/min_obstacle_height: -2.0
 * /move_base/local_costmap/obstacles_layer/scan/obstacle_range: 2.5
 * /move_base/local_costmap/obstacles_layer/scan/raytrace_range: 3.0
 * /move_base/local_costmap/obstacles_layer/scan/sensor_frame: front_laser
 * /move_base/local_costmap/obstacles_layer/scan/topic: front/scan
 * /move_base/local_costmap/origin_z: 0.0
 * /move_base/local_costmap/plugins: [{'type': 'costma...
 * /move_base/local_costmap/publish_frequency: 5.0
 * /move_base/local_costmap/publish_voxel_map: False
 * /move_base/local_costmap/raytrace_range: 3.0
 * /move_base/local_costmap/resolution: 0.05
 * /move_base/local_costmap/robot_base_frame: base_link
 * /move_base/local_costmap/rolling_window: True
 * /move_base/local_costmap/static_map: False
 * /move_base/local_costmap/transform_tolerance: 0.5
 * /move_base/local_costmap/update_frequency: 20.0
 * /move_base/local_costmap/width: 10.0
 * /move_base/local_costmap/z_resolution: 1
 * /move_base/local_costmap/z_voxels: 2
 * /move_base/oscillation_distance: 0.5
 * /move_base/oscillation_timeout: 0.0
 * /move_base/planner_frequency: 20.0
 * /move_base/planner_patience: 5.0
 * /move_base/recovery_behavior_enabled: True
 * /move_base/shutdown_costmaps: False
 * /rosdistro: melodic
 * /rosversion: 1.14.13

NODES
  /
    move_base (move_base/move_base)

[1mROS_MASTER_URI=http://127.0.0.1:11311[0m
]2;/opt/barn_ws/src/the-barn-challenge/jackal_helper/../jackal_helper/launch/move_base_DWA.launch http://127.0.0.1:11311
[1mprocess[move_base-1]: started with pid [306][0m
[move_base-1] killing on exit
shutting down processing monitor...
... shutting down processing monitor complete
[1mdone[0m
: -2.37 (m), y: 11.10 (m)
Time: 30.03 (s), x: -2.36 (m), y: 11.15 (m)
Time: 30.13 (s), x: -2.36 (m), y: 11.20 (m)
Time: 30.23 (s), x: -2.36 (m), y: 11.25 (m)
Time: 30.33 (s), x: -2.36 (m), y: 11.30 (m)
Time: 30.44 (s), x: -2.36 (m), y: 11.35 (m)
Time: 30.55 (s), x: -2.36 (m), y: 11.41 (m)
Time: 30.66 (s), x: -2.36 (m), y: 11.47 (m)
Time: 30.78 (s), x: -2.36 (m), y: 11.53 (m)
Time: 30.88 (s), x: -2.36 (m), y: 11.58 (m)
Time: 30.98 (s), x: -2.36 (m), y: 11.63 (m)
Time: 31.08 (s), x: -2.35 (m), y: 11.68 (m)
Time: 31.19 (s), x: -2.35 (m), y: 11.73 (m)
Time: 31.29 (s), x: -2.35 (m), y: 11.78 (m)
Time: 31.39 (s), x: -2.35 (m), y: 11.83 (m)
Time: 31.50 (s), x: -2.35 (m), y: 11.89 (m)
Time: 31.61 (s), x: -2.35 (m), y: 11.94 (m)
Time: 31.72 (s), x: -2.35 (m), y: 12.00 (m)
Time: 31.82 (s), x: -2.35 (m), y: 12.05 (m)
>>>>>>>>>>>>>>>>>> Test finished! <<<<<<<<<<<<<<<<<<
Navigation succeeded with time 31.8210 (s)
Navigation metric: 0.1766
