xacro: in-order processing became default in ROS Melodic. You can drop the option.
ALSA lib confmisc.c:767:(parse_card) cannot find card '0'
ALSA lib conf.c:4528:(_snd_config_evaluate) function snd_func_card_driver returned error: No such file or directory
ALSA lib confmisc.c:392:(snd_func_concat) error evaluating strings
ALSA lib conf.c:4528:(_snd_config_evaluate) function snd_func_concat returned error: No such file or directory
ALSA lib confmisc.c:1246:(snd_func_refer) error evaluating name
ALSA lib conf.c:4528:(_snd_config_evaluate) function snd_func_refer returned error: No such file or directory
ALSA lib conf.c:5007:(snd_config_expand) Evaluate error: No such file or directory
ALSA lib pcm.c:2495:(snd_pcm_open_noupdate) Unknown PCM default
AL lib: (EE) ALCplaybackAlsa_open: Could not open playback device 'default': No such file or directory
[0m[ INFO] [1788540883.256749238]: Finished loading Gazebo ROS API Plugin.[0m
[0m[ INFO] [1788540883.263299544]: waitForService: Service [/gazebo/set_physics_properties] has not been advertised, waiting...[0m
[0m[ INFO] [1788540883.965345480]: waitForService: Service [/gazebo/set_physics_properties] is now available.[0m
[1;33mWarning [parser_urdf.cc:1115][0m multiple inconsistent <gravity> exists due to fixed joint reduction overwriting previous value [true] with [false].
[1;33mWarning [parser_urdf.cc:1115][0m multiple inconsistent <gravity> exists due to fixed joint reduction overwriting previous value [false] with [true].
[31m[ERROR] [1788540884.422140703, 0.001000000]: No p gain specified for pid.  Namespace: /gazebo_ros_control/pid_gains/front_left_wheel[0m
[31m[ERROR] [1788540884.422698916, 0.001000000]: No p gain specified for pid.  Namespace: /gazebo_ros_control/pid_gains/front_right_wheel[0m
[31m[ERROR] [1788540884.423000710, 0.001000000]: No p gain specified for pid.  Namespace: /gazebo_ros_control/pid_gains/rear_left_wheel[0m
[31m[ERROR] [1788540884.423281629, 0.001000000]: No p gain specified for pid.  Namespace: /gazebo_ros_control/pid_gains/rear_right_wheel[0m
... logging to /root/.ros/log/5264154e-a881-11f1-a00f-1a78306416a9/roslaunch-orbstack-285.log
Checking log directory for disk usage. This may take a while.
Press Ctrl-C to interrupt
Done checking log file disk usage. Usage is <1GB.
]2;/opt/barn_ws/src/the-barn-challenge/jackal_helper/../jackal_helper/launch/move_base_DWA.launch
[1mstarted roslaunch server http://localhost:43573/[0m

SUMMARY
========

PARAMETERS
 * /move_base/TrajectoryPlannerROS/acc_lim_theta: 20.0
 * /move_base/TrajectoryPlannerROS/acc_lim_x: 10.0
 * /move_base/TrajectoryPlannerROS/angular_sim_granularity: 0.02
 * /move_base/TrajectoryPlannerROS/controller_frequency: 20.0
 * /move_base/TrajectoryPlannerROS/dwa: True
 * /move_base/TrajectoryPlannerROS/escape_reset_dist: 0.1
 * /move_base/TrajectoryPlannerROS/escape_reset_theta: 0.1
 * /move_base/TrajectoryPlannerROS/escape_vel: -0.5
 * /move_base/TrajectoryPlannerROS/gdist_scale: 1.0
 * /move_base/TrajectoryPlannerROS/heading_lookahead: 0.325
 * /move_base/TrajectoryPlannerROS/heading_scoring: False
 * /move_base/TrajectoryPlannerROS/heading_scoring_timestep: 0.8
 * /move_base/TrajectoryPlannerROS/holonomic_robot: False
 * /move_base/TrajectoryPlannerROS/latch_xy_goal_tolerance: False
 * /move_base/TrajectoryPlannerROS/max_vel_theta: 1.57
 * /move_base/TrajectoryPlannerROS/max_vel_x: 0.5
 * /move_base/TrajectoryPlannerROS/meter_scoring: True
 * /move_base/TrajectoryPlannerROS/min_in_place_vel_theta: 0.314
 * /move_base/TrajectoryPlannerROS/min_vel_theta: -1.57
 * /move_base/TrajectoryPlannerROS/min_vel_x: 0.1
 * /move_base/TrajectoryPlannerROS/occdist_scale: 0.1
 * /move_base/TrajectoryPlannerROS/oscillation_reset_dist: 0.05
 * /move_base/TrajectoryPlannerROS/pdist_scale: 0.75
 * /move_base/TrajectoryPlannerROS/publish_cost_grid_pc: True
 * /move_base/TrajectoryPlannerROS/sim_granularity: 0.02
 * /move_base/TrajectoryPlannerROS/sim_time: 2.0
 * /move_base/TrajectoryPlannerROS/simple_attractor: False
 * /move_base/TrajectoryPlannerROS/vtheta_samples: 20
 * /move_base/TrajectoryPlannerROS/vx_samples: 6
 * /move_base/TrajectoryPlannerROS/xy_goal_tolerance: 0.25
 * /move_base/TrajectoryPlannerROS/yaw_goal_tolerance: 0.157
 * /move_base/base_global_planner: navfn/NavfnROS
 * /move_base/base_local_planner: base_local_planne...
 * /move_base/clearing_rotation_allowed: True
 * /move_base/controller_frequency: 20.0
 * /move_base/controller_patience: 15.0
 * /move_base/global_costmap/footprint: [[-0.21, -0.165],...
 * /move_base/global_costmap/footprint_padding: 0.1
 * /move_base/global_costmap/global_frame: odom
 * /move_base/global_costmap/height: 40.0
 * /move_base/global_costmap/inflater_layer/inflation_radius: 0.3
 * /move_base/global_costmap/map_type: costmap
 * /move_base/global_costmap/meter_scoring: True
 * /move_base/global_costmap/obstacle_range: 2.5
 * /move_base/global_costmap/obstacles_layer/observation_sources: scan
 * /move_base/global_costmap/obstacles_layer/scan/clearing: True
 * /move_base/global_costmap/obstacles_layer/scan/data_type: LaserScan
 * /move_base/global_costmap/obstacles_layer/scan/marking: True
 * /move_base/global_costmap/obstacles_layer/scan/max_obstacle_height: 2.0
 * /move_base/global_costmap/obstacles_layer/scan/min_obstacle_height: -2.0
 * /move_base/global_costmap/obstacles_layer/scan/obstacle_range: 2.5
 * /move_base/global_costmap/obstacles_layer/scan/raytrace_range: 3.0
 * /move_base/global_costmap/obstacles_layer/scan/sensor_frame: front_laser
 * /move_base/global_costmap/obstacles_layer/scan/topic: front/scan
 * /move_base/global_costmap/origin_x: -20.0
 * /move_base/global_costmap/origin_y: -20.0
 * /move_base/global_costmap/origin_z: 0.0
 * /move_base/global_costmap/plugins: [{'type': 'costma...
 * /move_base/global_costmap/publish_frequency: 5
 * /move_base/global_costmap/publish_voxel_map: False
 * /move_base/global_costmap/raytrace_range: 3.0
 * /move_base/global_costmap/resolution: 0.05
 * /move_base/global_costmap/robot_base_frame: base_link
 * /move_base/global_costmap/rolling_window: False
 * /move_base/global_costmap/static_map: True
 * /move_base/global_c[33m[ WARN] [1788540888.059190046, 3.343000000]: global_costmap: Pre-Hydro parameter "static_map" unused since "plugins" is provided[0m
[33m[ WARN] [1788540888.061795818, 3.346000000]: global_costmap: Pre-Hydro parameter "map_type" unused since "plugins" is provided[0m
[33m[ WARN] [1788540888.110894111, 3.399000000]: local_costmap: Pre-Hydro parameter "static_map" unused since "plugins" is provided[0m
[33m[ WARN] [1788540888.111051696, 3.399000000]: local_costmap: Pre-Hydro parameter "map_type" unused since "plugins" is provided[0m
[33m[ WARN] [1788540888.136720289, 3.424000000]: Parameter pdist_scale is deprecated. Please use the name path_distance_bias instead.[0m
[33m[ WARN] [1788540888.137100001, 3.424000000]: Parameter gdist_scale is deprecated. Please use the name goal_distance_bias instead.[0m
>>>>>>>>>>>>>>>>>> Loading Gazebo Simulation with BARN/world_30.world <<<<<<<<<<<<<<<<<<
Time: 0.01 (s), x: -2.25 (m), y: 3.11 (m)
Time: 0.11 (s), x: -2.25 (m), y: 3.16 (m)
Time: 0.22 (s), x: -2.25 (m), y: 3.22 (m)
Time: 0.32 (s), x: -2.25 (m), y: 3.27 (m)
Time: 0.43 (s), x: -2.25 (m), y: 3.32 (m)
Time: 0.53 (s), x: -2.25 (m), y: 3.37 (m)
Time: 0.64 (s), x: -2.25 (m), y: 3.43 (m)
Time: 0.74 (s), x: -2.25 (m), y: 3.48 (m)
Time: 0.85 (s), x: -2.25 (m), y: 3.53 (m)
Time: 0.96 (s), x: -2.25 (m), y: 3.59 (m)
Time: 1.06 (s), x: -2.25 (m), y: 3.64 (m)
Time: 1.16 (s), x: -2.26 (m), y: 3.69 (m)
Time: 1.27 (s), x: -2.26 (m), y: 3.74 (m)
Time: 1.38 (s), x: -2.27 (m), y: 3.80 (m)
Time: 1.48 (s), x: -2.27 (m), y: 3.85 (m)
Time: 1.59 (s), x: -2.28 (m), y: 3.90 (m)
Time: 1.69 (s), x: -2.29 (m), y: 3.95 (m)
Time: 1.80 (s), x: -2.29 (m), y: 4.01 (m)
Time: 1.90 (s), x: -2.30 (m), y: 4.06 (m)
Time: 2.01 (s), x: -2.31 (m), y: 4.11 (m)
Time: 2.11 (s), x: -2.31 (m), y: 4.16 (m)
Time: 2.22 (s), x: -2.32 (m), y: 4.21 (m)
Time: 2.32 (s), x: -2.33 (m), y: 4.26 (m)
Time: 2.43 (s), x: -2.34 (m), y: 4.32 (m)
Time: 2.53 (s), x: -2.34 (m), y: 4.36 (m)
Time: 2.63 (s), x: -2.35 (m), y: 4.41 (m)
Time: 2.74 (s), x: -2.36 (m), y: 4.45 (m)
Time: 2.84 (s), x: -2.37 (m), y: 4.49 (m)
Time: 2.94 (s), x: -2.37 (m), y: 4.54 (m)
Time: 3.05 (s), x: -2.38 (m), y: 4.59 (m)
Time: 3.15 (s), x: -2.39 (m), y: 4.64 (m)
Time: 3.25 (s), x: -2.40 (m), y: 4.68 (m)
Time: 3.36 (s), x: -2.40 (m), y: 4.71 (m)
Time: 3.46 (s), x: -2.41 (m), y: 4.76 (m)
Time: 3.57 (s), x: -2.42 (m), y: 4.81 (m)
Time: 3.67 (s), x: -2.43 (m), y: 4.86 (m)
Time: 3.78 (s), x: -2.44 (m), y: 4.90 (m)
Time: 3.88 (s), x: -2.45 (m), y: 4.95 (m)
Time: 3.99 (s), x: -2.46 (m), y: 4.99 (m)
Time: 4.10 (s), x: -2.48 (m), y: 5.05 (m)
Time: 4.20 (s), x: -2.49 (m), y: 5.09 (m)
Time: 4.31 (s), x: -2.50 (m), y: 5.14 (m)
Time: 4.42 (s), x: -2.51 (m), y: 5.17 (m)
Time: 4.52 (s), x: -2.52 (m), y: 5.21 (m)
Time: 4.62 (s), x: -2.53 (m), y: 5.26 (m)
Time: 4.73 (s), x: -2.54 (m), y: 5.29 (m)
Time: 4.84 (s), x: -2.55 (m), y: 5.32 (m)
Time: 4.95 (s), x: -2.56 (m), y: 5.36 (m)
Time: 5.06 (s), x: -2.57 (m), y: 5.40 (m)
Time: 5.17 (s), x: -2.58 (m), y: 5.42 (m)
Time: 5.27 (s), x: -2.58 (m), y: 5.44 (m)
Time: 5.38 (s), x: -2.59 (m), y: 5.46 (m)
Time: 5.49 (s), x: -2.60 (m), y: 5.49 (m)
Time: 5.59 (s), x: -2.60 (m), y: 5.51 (m)
Time: 5.69 (s), x: -2.61 (m), y: 5.54 (m)
Time: 5.80 (s), x: -2.63 (m), y: 5.59 (m)
Time: 5.91 (s), x: -2.65 (m), y: 5.64 (m)
Time: 6.01 (s), x: -2.66 (m), y: 5.69 (m)
Time: 6.12 (s), x: -2.68 (m), y: 5.73 (m)
Time: 6.22 (s), x: -2.69 (m), y: 5.77 (m)
Time: 6.32 (s), x: -2.70 (m), y: 5.82 (m)
Time: 6.43 (s), x: -2.72 (m), y: 5.87 (m)
Time: 6.53 (s), x: -2.74 (m), y: 5.92 (m)
Time: 6.64 (s), x: -2.75 (m), y: 5.97 (m)
Time: 6.74 (s), x: -2.76 (m), y: 6.02 (m)
Time: 6.85 (s), x: -2.76 (m), y: 6.08 (m)
Time: 6.96 (s), x: -2.76 (m), y: 6.13 (m)
Time: 7.07 (s), x: -2.75 (m), y: 6.19 (m)
Time: 7.17 (s), x: -2.73 (m), y: 6.24 (m)
Time: 7.27 (s), x: -2.71 (m), y: 6.30 (m)
Time: 7.38 (s), x: -2.69 (m), y: 6.35 (m)
Time: 7.48 (s), x: -2.67 (m), y: 6.39 (m)
Time: 7.59 (s), x: -2.65 (m), y: 6.44 (m)
Time: 7.69 (s), x: -2.62 (m), y: 6.48 (m)
Time: 7.80 (s), x: -2.59 (m), y: 6.53 (m)
Time: 7.90 (s), x: -2.56 (m), y: 6.58 (m)
Time: 8.00 (s), x: -2.54 (m), y: 6.62 (m)
Time: 8.10 (s), x: -2.51 (m), y: 6.65 (m)
Time: 8.20 (s), x: -2.47 (m), y: 6.69 (m)
Time: 8.30 (s), x: -2.44 (m), y: 6.73 (m)
Time: 8.41 (s), x: -2.41 (m), y: 6.77 (m)
Time: 8.52 (s), x: -2.37 (m), y: 6.81 (m)
Time: 8.62 (s), x: -2.33 (m), y: 6.84 (m)
Time: 8.73 (s), x: -2.28 (m), y: 6.88 (m)
Time: 8.83 (s), x: -2.23 (m), y: 6.91 (m)
Time: 8.93 (s), x: -2.19 (m), y: 6.94 (m)
Time: 9.03 (s), x: -2.15 (m), y: 6.96 (m)
Time: 9.14 (s), x: -2.11 (m), y: 6.99 (m)
Time: 9.24 (s), x: -2.07 (m), y: 7.01 (m)
Time: 9.35 (s), x: -2.03 (m), y: 7.03 (m)
Time: 9.46 (s), x: -1.98 (m), y: 7.05 (m)
Time: 9.57 (s), x: -1.94 (m), y: 7.07 (m)
Time: 9.67 (s), x: -1.91 (m), y: 7.09 (m)
Time: 9.78 (s), x: -1.89 (m), y: 7.11 (m)
Time: 9.89 (s), x: -1.86 (m), y: 7.12 (m)
Time: 10.00 (s), x: -1.84 (m), y: 7.13 (m)
Time: 10.10 (s), x: -1.82 (m), y: 7.14 (m)
Time: 10.20 (s), x: -1.80 (m), y: 7.15 (m)
Time: 10.30 (s), x: -1.78 (m), y: 7.15 (m)
Time: 10.41 (s), x: -1.75 (m), y: 7.16 (m)
Time: 10.51 (s), x: -1.73 (m), y: 7.17 (m)
Time: 10.61 (s), x: -1.71 (m), y: 7.17 (m)
Time: 10.71 (s), x: -1.69 (m), y: 7.18 (m)
Time: 10.82 (s), x: -1.67 (m), y: 7.18 (m)
Time: 10.92 (s), x: -1.66 (m), y: 7.18 (m)
Time: 11.03 (s), x: -1.65 (m), y: 7.18 (m)
Time: 11.13 (s), x: -1.64 (m), y: 7.19 (m)
Time: 11.23 (s), x: -1.61 (m), y: 7.19 (m)
Time: 11.34 (s), x: -1.60 (m), y: 7.19 (m)
Time: 11.44 (s), x: -1.58 (m), y: 7.20 (m)
Time: 11.55 (s), x: -1.56 (m), y: 7.20 (m)
Time: 11.65 (s), x: -1.54 (m), y: 7.20 (m)
Time: 11.75 (s), x: -1.52 (m), y: 7.20 (m)
Time: 11.86 (s), x: -1.51 (m), y: 7.21 (m)
Time: 11.96 (s), x: -1.50 (m), y: 7.21 (m)
Time: 12.06 (s), x: -1.49 (m), y: 7.21 (m)
Time: 12.17 (s), x: -1.47 (m), y: 7.21 (m)
Time: 12.28 (s), x: -1.45 (m), y: 7.22 (m)
Time: 12.39 (s), x: -1.44 (m), y: 7.22 (m)
Time: 12.50 (s), x: -1.43 (m), y: 7.22 (m)
Time: 12.60 (s), x: -1.42 (m), y: 7.22 (m)
Time: 12.70 (s), x: -1.40 (m), y: 7.23 (m)
Time: 12.81 (s), x: -1.39 (m), y: 7.23 (m)
Time: 12.92 (s), x: -1.37 (m), y: 7.23 (m)
Time: 13.03 (s), x: -1.35 (m), y: 7.24 (m)
Time: 13.13 (s), x: -1.33 (m), y: 7.24 (m)
Time: 13.24 (s), x: -1.32 (m), y: 7.24 (m)
Time: 13.35 (s), x: -1.30 (m), y: 7.25 (m)
Time: 13.45 (s), x: -1.28 (m), y: 7.25 (m)
Time: 13.56 (s), x: -1.26 (m), y: 7.25 (m)
Time: 13.66 (s), x: -1.25 (m), y: 7.25 (m)
Time: 13.77 (s), x: -1.23 (m), y: 7.25 (m)
Time: 13.87 (s), x: -1.22 (m), y: 7.25 (m)
Time: 13.98 (s), x: -1.21 (m), y: 7.25 (m)
Time: 14.09 (s), x: -1.19 (m), y: 7.26 (m)
Time: 14.20 (s), x: -1.17 (m), y: 7.26 (m)
Time: 14.30 (s), x: -1.16 (m), y: 7.26 (m)
Time: 14.41 (s), x: -1.15 (m), y: 7.27 (m)
Time: 14.51 (s), x: -1.15 (m), y: 7.27 (m)
Time: 14.62 (s), x: -1.14 (m), y: 7.27 (m)
Time: 14.72 (s), x: -1.14 (m), y: 7.28 (m)
Time: 14.83 (s), x: -1.13 (m), y: 7.28 (m)
Time: 14.93 (s), x: -1.12 (m), y: 7.28 (m)
Time: 15.04 (s), x: -1.11 (m), y: 7.29 (m)
Time: 15.14 (s), x: -1.11 (m), y: 7.29 (m)
Time: 15.24 (s), x: -1.10 (m), y: 7.29 (m)
Time: 15.35 (s), x: -1.09 (m), y: 7.30 (m)
Time: 15.45 (s), x: -1.08 (m), y: 7.30 (m)
Time: 15.55 (s), x: -1.07 (m), y: 7.30 (m)
Time: 15.66 (s), x: -1.07 (m), y: 7.31 (m)
Time: 15.77 (s), x: -1.06 (m), y: 7.31 (m)
Time: 15.88 (s), x: -1.05 (m), y: 7.32 (m)
Time: 15.98 (s), x: -1.04 (m), y: 7.32 (m)
Time: 16.08 (s), x: -1.03 (m), y: 7.33 (m)
Time: 16.18 (s), x: -1.02 (m), y: 7.34 (m)
Time: 16.28 (s), x: -1.02 (m), y: 7.34 (m)
Time: 16.39 (s), x: -1.01 (m), y: 7.35 (m)
Time: 16.50 (s), x: -1.01 (m), y: 7.36 (m)
Time: 16.60 (s), x: -1.00 (m), y: 7.36 (m)
Time: 16.70 (s), x: -0.99 (m), y: 7.37 (m)
Time: 16.80 (s), x: -0.98 (m), y: 7.38 (m)
Time: 16.91 (s), x: -0.97 (m), y: 7.39 (m)
Time: 17.01 (s), x: -0.97 (m), y: 7.39 (m)
Time: 17.11 (s), x: -0.96 (m), y: 7.40 (m)
Time: 17.22 (s), x: -0.95 (m), y: 7.42 (m)
Time: 17.32 (s), x: -0.94 (m), y: 7.42 (m)
Time: 17.42 (s), x: -0.93 (m), y: 7.43 (m)
Time: 17.53 (s), x: -0.93 (m), y: 7.42 (m)
Time: 17.63 (s), x: -0.92 (m), y: 7.42 (m)
Time: 17.73 (s), x: -0.92 (m), y: 7.42 (m)
Time: 17.84 (s), x: -0.91 (m), y: 7.41 (m)
Time: 17.95 (s), x: -0.91 (m), y: 7.41 (m)
Time: 18.05 (s), x: -0.90 (m), y: 7.41 (m)
Time: 18.15 (s), x: -0.90 (m), y: 7.41 (m)
Time: 18.25 (s), x: -0.89 (m), y: 7.41 (m)
Time: 18.36 (s), x: -0.89 (m), y: 7.42 (m)
Time: 18.46 (s), x: -0.87 (m), y: 7.46 (m)
Time: 18.57 (s), x: -0.85 (m), y: 7.51 (m)
Time: 18.67 (s), x: -0.84 (m), y: 7.56 (m)
Time: 18.78 (s), x: -0.82 (m), y: 7.61 (m)
Time: 18.89 (s), x: -0.81 (m), y: 7.67 (m)
Time: 19.00 (s), x: -0.80 (m), y: 7.72 (m)
Time: 19.10 (s), x: -0.80 (m), y: 7.77 (m)
Time: 19.20 (s), x: -0.80 (m), y: 7.82 (m)
Time: 19.31 (s), x: -0.80 (m), y: 7.88 (m)
Time: 19.41 (s), x: -0.81 (m), y: 7.93 (m)
Time: 19.52 (s), x: -0.82 (m), y: 7.99 (m)
Time: 19.62 (s), x: -0.82 (m), y: 8.04 (m)
Time: 19.72 (s), x: -0.83 (m), y: 8.09 (m)
Time: 19.82 (s), x: -0.84 (m), y: 8.14 (m)
Time: 19.93 (s), x: -0.84 (m), y: 8.19 (m)
Time: 20.04 (s), x: -0.85 (m), y: 8.24 (m)
Time: 20.14 (s), x: -0.86 (m), y: 8.30 (m)
Time: 20.25 (s), x: -0.88 (m), y: 8.35 (m)
Time: 20.35 (s), x: -0.89 (m), y: 8.39 (m)
Time: 20.45 (s), x: -0.91 (m), y: 8.44 (m)
Time: 20.56 (s), x: -0.92 (m), y: 8.49 (m)
Time: 20.66 (s), x: -0.94 (m), y: 8.54 (m)
Time: 20.77 (s), x: -0.96 (m), y: 8.59 (m)
Time: 20.88 (s), x: -0.98 (m), y: 8.64 (m)
Time: 20.98 (s), x: -0.99 (m), y: 8.66 (m)
Time: 21.08 (s), x: -0.99 (m), y: 8.67 (m)
Time: 21.19 (s), x: -1.00 (m), y: 8.68 (m)
Time: 21.29 (s), x: -1.00 (m), y: 8.68 (m)
Time: 21.39 (s), x: -1.00 (m), y: 8.69 (m)
Time: 21.50 (s), x: -1.01 (m), y: 8.70 (m)
Time: 21.61 (s), x: -1.01 (m), y: 8.71 (m)
Time: 21.71 (s), x: -1.00 (m), y: 8.68 (m)
Time: 21.82 (s), x: -0.98 (m), y: 8.65 (m)
Time: 21.92 (s), x: -0.97 (m), y: 8.64 (m)
Time: 22.03 (s), x: -0.97 (m), y: 8.63 (m)
Time: 22.13 (s), x: -0.97 (m), y: 8.62 (m)
Time: 22.23 (s), x: -0.96 (m), y: 8.62 (m)
Time: 22.34 (s), x: -0.96 (m), y: 8.62 (m)
Time: 22.44 (s), x: -0.96 (m), y: 8.63 (m)
Time: 22.54 (s), x: -0.97 (m), y: 8.65 (m)
Time: 22.64 (s), x: -0.98 (m), y: 8.69 (m)
Time: 22.75 (s), x: -0.99 (m), y: 8.70 (m)
Time: 22.85 (s), x: -0.99 (m), y: 8.70 (m)
Time: 22.95 (s), x: -0.98 (m), y: 8.69 (m)
Time: 23.05 (s), x: -0.97 (m), y: 8.68 (m)
Time: 23.16 (s), x: -0.95 (m), y: 8.63 (m)
Time: 23.26 (s), x: -0.94 (m), y: 8.59 (m)
Time: 23.37 (s), x: -0.93 (m), y: 8.56 (m)
Time: 23.47 (s), x: -0.93 (m), y: 8.56 (m)
Time: 23.58 (s), x: -0.93 (m), y: 8.57 (m)
Time: 23.69 (s), x: -0.94 (m), y: 8.60 (m)
Time: 23.80 (s), x: -0.95 (m), y: 8.61 (m)
Time: 23.90 (s), x: -0.95 (m), y: 8.62 (m)
Time: 24.01 (s), x: -0.95 (m), y: 8.63 (m)
Time: 24.11 (s), x: -0.96 (m), y: 8.64 (m)
Time: 24.21 (s), x: -0.98 (m), y: 8.68 (m)
Time: 24.32 (s), x: -1.00 (m), y: 8.73 (m)
Time: 24.42 (s), x: -1.02 (m), y: 8.78 (m)
Time: 24.52 (s), x: -1.05 (m), y: 8.82 (m)
Time: 24.63 (s), x: -1.07 (m), y: 8.87 (m)
Time: 24.73 (s), x: -1.09 (m), y: 8.92 (m)
Time: 24.83 (s), x: -1.11 (m), y: 8.96 (m)
Time: 24.93 (s), x: -1.14 (m), y: 9.01 (m)
Time: 25.04 (s), x: -1.16 (m), y: 9.06 (m)
Time: 25.14 (s), x: -1.18 (m), y: 9.11 (m)
Time: 25.25 (s), x: -1.20 (m), y: 9.15 (m)
Time: 25.36 (s), x: -1.23 (m), y: 9.20 (m)
Time: 25.46 (s), x: -1.25 (m), y: 9.25 (m)
Time: 25.56 (s), x: -1.27 (m), y: 9.30 (m)
Time: 25.66 (s), x: -1.29 (m), y: 9.35 (m)
Time: 25.77 (s), x: -1.31 (m), y: 9.40 (m)
Time: 25.87 (s), x: -1.32 (m), y: 9.44 (m)
Time: 25.98 (s), x: -1.34 (m), y: 9.49 (m)
Time: 26.09 (s), x: -1.36 (m), y: 9.55 (m)
Time: 26.20 (s), x: -1.38 (m), y: 9.60 (m)
Time: 26.30 (s), x: -1.39 (m), y: 9.65 (m)
Time: 26.40 (s), x: -1.41 (m), y: 9.70 (m)
Time: 26.50 (s), x: -1.42 (m), y: 9.75 (m)
Time: 26.61 (s), x: -1.44 (m), y: 9.80 (m)
Time: 26.71 (s), x: -1.45 (m), y: 9.85 (m)
Time: 26.81 (s), x: -1.46 (m), y: 9.89 (m)
Time: 26.92 (s), x: -1.48 (m), y: 9.95 (m)
Time: 27.02 (s), x: -1.49 (m), y: 10.00 (m)
Time: 27.13 (s), x: -1.50 (m), y: 10.05 (m)
Time: 27.23 (s), x: -1.52 (m), y: 10.10 (m)
Time: 27.34 (s), x: -1.53 (m), y: 10.15 (m)
Time: 27.45 (s), x: -1.55 (m), y: 10.20 (m)
Time: 27.55 (s), x: -1.56 (m), y: 10.25 (m)
Time: 27.66 (s), x: -1.58 (m), y: 10.30 (m)
Time: 27.76 (s), x: -1.59 (m), y: 10.35 (m)
Time: 27.87 (s), x: -1.60 (m), y: 10.40 (m)
Time: 27.97 (s), x: -1.62 (m), y: 10.45 (m)
Time: 28.08 (s), x: -1.63 (m), y: 10.51 (m)
Time: 28.18 (s), x: -1.64 (m), y: 10.56 (m)
Time: 28.30 (s), x: -1.66 (m), y: 10.61 (m)
Time: 28.40 (s), x: -1.67 (m), y: 10.66 (m)
Time: 28.51 (s), x: -1.68 (m), y: 10.71 (m)
Time: 28.61 (s), x: -1.70 (m), y: 10.76 (m)
Time: 28.72 (s), x: -1.71 (m), y: 10.82 (m)
Time: 28.82 (s), x: -1.72 (m), y: 10.87 (m)
Time: 28.92 (s), x: -1.74 (m), y: 10.91 (m)
Time: 29.03 (s), x: -1.75 (m), y: 10.97 (m)
Time: 29.13 (s), x: -1.76 (m), y: 11.02 (m)
Time: 29.24 (s), x: -1.78 (m), y: 11.07 (m)
Time: 29.35 (s), x: -1.79 (m), y: 11.12 (m)
Time: 29.45 (s), x: -1.80 (m), y: 11.17 (m)
Time: 29.55 (s), x: -1.81 (m), y: 11.22 (m)
Time: 29.66 (s), x: -1.83 (m), y: 11.27 (m)
Time: 29.77 (s), x: -1.84 (m), y: 11.32 (m)
Time: 29.87 ... logging to /root/.ros/log/5264154e-a881-11f1-a00f-1a78306416a9/roslaunch-orbstack-57.log
Checking log directory for disk usage. This may take a while.
Press Ctrl-C to interrupt
Done checking log file disk usage. Usage is <1GB.
]2;/opt/barn_ws/src/the-barn-challenge/jackal_helper/launch/gazebo_launch.launch
[1mstarted roslaunch server http://localhost:40901/[0m

SUMMARY
========

PARAMETERS
 * /ekf_localization/base_link_frame: base_link
 * /ekf_localization/frequency: 50
 * /ekf_localization/imu0: /imu/data
 * /ekf_localization/imu0_config: [False, False, Fa...
 * /ekf_localization/imu0_differential: False
 * /ekf_localization/odom0: /jackal_velocity_...
 * /ekf_localization/odom0_config: [False, False, Fa...
 * /ekf_localization/odom0_differential: False
 * /ekf_localization/odom_frame: odom
 * /ekf_localization/predict_to_current_time: True
 * /ekf_localization/world_frame: odom
 * /gazebo/enable_ros_network: True
 * /jackal_joint_publisher/publish_rate: 50
 * /jackal_joint_publisher/type: joint_state_contr...
 * /jackal_velocity_controller/angular/z/has_acceleration_limits: True
 * /jackal_velocity_controller/angular/z/has_velocity_limits: True
 * /jackal_velocity_controller/angular/z/max_acceleration: 25.0
 * /jackal_velocity_controller/angular/z/max_velocity: 4.0
 * /jackal_velocity_controller/cmd_vel_timeout: 0.25
 * /jackal_velocity_controller/enable_odom_tf: False
 * /jackal_velocity_controller/k_l: 0.1
 * /jackal_velocity_controller/k_r: 0.1
 * /jackal_velocity_controller/left_wheel: ['front_left_whee...
 * /jackal_velocity_controller/linear/x/has_acceleration_limits: True
 * /jackal_velocity_controller/linear/x/has_velocity_limits: True
 * /jackal_velocity_controller/linear/x/max_acceleration: 20.0
 * /jackal_velocity_controller/linear/x/max_velocity: 2.0
 * /jackal_velocity_controller/pose_covariance_diagonal: [0.001, 0.001, 10...
 * /jackal_velocity_controller/publish_rate: 50
 * /jackal_velocity_controller/right_wheel: ['front_right_whe...
 * /jackal_velocity_controller/twist_covariance_diagonal: [0.001, 0.001, 0....
 * /jackal_velocity_controller/type: diff_drive_contro...
 * /jackal_velocity_controller/wheel_radius_multiplier: 1.0
 * /jackal_velocity_controller/wheel_separation_multiplier: 1.5
 * /robot_description: <?xml version="1....
 * /rosdistro: melodic
 * /rosversion: 1.14.13
 * /twist_mux/locks: [{'topic': 'e_sto...
 * /twist_mux/topics: [{'topic': 'joy_t...
 * /use_sim_time: True

NODES
  /
    collision_publisher_node (jackal_helper/collision_publisher_node)
    controller_spawner (controller_manager/spawner)
    ekf_localization (robot_localization/ekf_localization_node)
    gazebo (gazebo_ros/gzserver)
    robot_state_publisher (robot_state_publisher/robot_state_publisher)
    twist_marker_server (interactive_marker_twist_server/marker_server)
    twist_mux (twist_mux/twist_mux)
    urdf_spawner (gazebo_ros/spawn_model)

auto-starting new master
[1mprocess[master]: started with pid [75][0m
[1mROS_MASTER_URI=http://127.0.0.1:11311[0m
]2;/opt/barn_ws/src/the-barn-challenge/jackal_helper/launch/gazebo_launch.launch http://127.0.0.1:11311
[1msetting /run_id to 5264154e-a881-11f1-a00f-1a78306416a9[0m
[1mprocess[rosout-1]: started with pid [86][0m
started core service [/rosout]
[1mprocess[gazebo-2]: started with pid [89][0m
[1mprocess[robot_state_publisher-3]: started with pid [90][0m
[1mprocess[controller_spawner-4]: started with pid [91][0m
[1mprocess[ekf_localization-5]: started with pid [94][0m
[1mprocess[twist_mux-6]: started with pid [96][0m
[1mprocess[twist_marker_server-7]: started with pid [100][0m
[1mprocess[urdf_spawner-8]: started with pid [103][0m
[1mprocess[collision_publisher_node-9]: started with pid [109][0m
[1m[urdf_spawner-8] process has finished cleanly
log file: /root/.ros/log/5264154e-a881-11f1-a00f-1a78306416a9/urdf_spawner-8*.log[0m
[collision_publisher_node-9] killing on exit
[twist_marker_server-7] killing on exit
[controller_spawner-4] killing on exit
[ekf_localization-5] killing on exit
[robot_state_publisher-3] killing on exit
[twist_mu[31m[collision_publisher_node-9] escalating to SIGTERM[0m
[31m[controller_spawner-4] escalating to SIGTERM[0m
[31m[gazebo-2] escalating to SIGTERM[0m
[WARN] [1788540940.326336, 35.326000]: Controller Spawner error while taking down controllers: transport error completing service call: unable to receive data from sender, check sender's logs for details
x-6] killing on exit
[gazebo-2] killing on exit
[rosout-1] killing on exit
[master] killing on exit
shutting down processing monitor...
... shutting down processing monitor complete
[1mdone[0m
[0m[ INFO] [1788540888.062763951, 3.347000000]: global_costmap: Using plugin "obstacles_layer"[0m
[0m[ INFO] [1788540888.070741478, 3.356000000]:     Subscribed to Topics: scan[0m
[0m[ INFO] [1788540888.082736330, 3.366000000]: global_costmap: Using plugin "inflater_layer"[0m
[0m[ INFO] [1788540888.111283115, 3.399000000]: local_costmap: Using plugin "obstacles_layer"[0m
[0m[ INFO] [1788540888.112828711, 3.400000000]:     Subscribed to Topics: scan[0m
[0m[ INFO] [1788540888.117361625, 3.403000000]: local_costmap: Using plugin "inflater_layer"[0m
[0m[ INFO] [1788540888.131087700, 3.417000000]: Created local_planner base_local_planner/TrajectoryPlannerROS[0m
[0m[ INFO] [1788540888.135057734, 3.420000000]: Sim period is set to 0.05[0m
[0m[ INFO] [1788540888.199723284, 3.478000000]: Recovery behavior will clear layer 'obstacles'[0m
[0m[ INFO] [1788540888.202147472, 3.482000000]: Recovery behavior will clear layer 'obstacles'[0m
[0m[ INFO] [1788540888.373127511, 3.641000000]: odom received![0m
ostmap/transform_tolerance: 0.5
 * /move_base/global_costmap/update_frequency: 10
 * /move_base/global_costmap/width: 40.0
 * /move_base/global_costmap/z_resolution: 1
 * /move_base/global_costmap/z_voxels: 2
 * /move_base/local_costmap/footprint: [[-0.21, -0.165],...
 * /move_base/local_costmap/footprint_padding: 0.1
 * /move_base/local_costmap/global_frame: odom
 * /move_base/local_costmap/height: 10.0
 * /move_base/local_costmap/inflater_layer/inflation_radius: 0.3
 * /move_base/local_costmap/map_type: costmap
 * /move_base/local_costmap/meter_scoring: True
 * /move_base/local_costmap/obstacle_range: 2.5
 * /move_base/local_costmap/obstacles_layer/observation_sources: scan
 * /move_base/local_costmap/obstacles_layer/scan/clearing: True
 * /move_base/local_costmap/obstacles_layer/scan/data_type: LaserScan
 * /move_base/local_costmap/obstacles_layer/scan/marking: True
 * /move_base/local_costmap/obstacles_layer/scan/max_obstacle_height: 2.0
 * /move_base/local_costmap/obstacles_layer/scan/min_obstacle_height: -2.0
 * /move_base/local_costmap/obstacles_layer/scan/obstacle_range: 2.5
 * /move_base/local_costmap/obstacles_layer/scan/raytrace_range: 3.0
 * /move_base/local_costmap/obstacles_layer/scan/sensor_frame: front_laser
 * /move_base/local_costmap/obstacles_layer/scan/topic: front/scan
 * /move_base/local_costmap/origin_z: 0.0
 * /move_base/local_costmap/plugins: [{'type': 'costma...
 * /move_base/local_costmap/publish_frequency: 5.0
 * /move_base/local_costmap/publish_voxel_map: False
 * /move_base/local_costmap/raytrace_range: 3.0
 * /move_base/local_costmap/resolution: 0.05
 * /move_base/local_costmap/robot_base_frame: base_link
 * /move_base/local_costmap/rolling_window: True
 * /move_base/local_costmap/static_map: False
 * /move_base/local_costmap/transform_tolerance: 0.5
 * /move_base/local_costmap/update_frequency: 20.0
 * /move_base/local_costmap/width: 10.0
 * /move_base/local_costmap/z_resolution: 1
 * /move_base/local_costmap/z_voxels: 2
 * /move_base/oscillation_distance: 0.5
 * /move_base/oscillation_timeout: 0.0
 * /move_base/planner_frequency: 20.0
 * /move_base/planner_patience: 5.0
 * /move_base/recovery_behavior_enabled: True
 * /move_base/shutdown_costmaps: False
 * /rosdistro: melodic
 * /rosversion: 1.14.13

NODES
  /
    move_base (move_base/move_base)

[1mROS_MASTER_URI=http://127.0.0.1:11311[0m
]2;/opt/barn_ws/src/the-barn-challenge/jackal_helper/../jackal_helper/launch/move_base_DWA.launch http://127.0.0.1:11311
[1mprocess[move_base-1]: started with pid [304][0m
[move_base-1] killing on exit
shutting down processing monitor...
... shutting down processing monitor complete
[1mdone[0m
(s), x: -1.85 (m), y: 11.37 (m)
Time: 29.98 (s), x: -1.86 (m), y: 11.43 (m)
Time: 30.08 (s), x: -1.88 (m), y: 11.48 (m)
Time: 30.18 (s), x: -1.89 (m), y: 11.52 (m)
Time: 30.29 (s), x: -1.90 (m), y: 11.58 (m)
Time: 30.39 (s), x: -1.91 (m), y: 11.63 (m)
Time: 30.50 (s), x: -1.93 (m), y: 11.68 (m)
Time: 30.60 (s), x: -1.94 (m), y: 11.73 (m)
Time: 30.71 (s), x: -1.95 (m), y: 11.78 (m)
Time: 30.82 (s), x: -1.97 (m), y: 11.83 (m)
Time: 30.92 (s), x: -1.98 (m), y: 11.89 (m)
Time: 31.03 (s), x: -1.99 (m), y: 11.94 (m)
Time: 31.14 (s), x: -2.01 (m), y: 11.99 (m)
Time: 31.25 (s), x: -2.02 (m), y: 12.05 (m)
>>>>>>>>>>>>>>>>>> Test finished! <<<<<<<<<<<<<<<<<<
Navigation succeeded with time 31.2500 (s)
Navigation metric: 0.1895
