xacro: in-order processing became default in ROS Melodic. You can drop the option.
ALSA lib confmisc.c:767:(parse_card) cannot find card '0'
ALSA lib conf.c:4528:(_snd_config_evaluate) function snd_func_card_driver returned error: No such file or directory
ALSA lib confmisc.c:392:(snd_func_concat) error evaluating strings
ALSA lib conf.c:4528:(_snd_config_evaluate) function snd_func_concat returned error: No such file or directory
ALSA lib confmisc.c:1246:(snd_func_refer) error evaluating name
ALSA lib conf.c:4528:(_snd_config_evaluate) function snd_func_refer returned error: No such file or directory
ALSA lib conf.c:5007:(snd_config_expand) Evaluate error: No such file or directory
ALSA lib pcm.c:2495:(snd_pcm_open_noupdate) Unknown PCM default
AL lib: (EE) ALCplaybackAlsa_open: Could not open playback device 'default': No such file or directory
[33m[ WARN] [1788540691.696992445, 0.057000000]: Failed to meet update rate! Took 0.055000000000000000278[0m
[0m[ INFO] [1788540690.102606769]: Finished loading Gazebo ROS API Plugin.[0m
[0m[ INFO] [1788540690.106325277]: waitForService: Service [/gazebo/set_physics_properties] has not been advertised, waiting...[0m
[0m[ INFO] [1788540691.502439139]: waitForService: Service [/gazebo/set_physics_properties] is now available.[0m
[0m[ INFO] [1788540691.573823069]: Physics dynamic reconfigure ready.[0m
[1;33mWarning [parser_urdf.cc:1115][0m multiple inconsistent <gravity> exists due to fixed joint reduction overwriting previous value [true] with [false].
[1;33mWarning [parser_urdf.cc:1115][0m multiple inconsistent <gravity> exists due to fixed joint reduction overwriting previous value [false] with [true].
[31m[ERROR] [1788540692.320046169, 0.135000000]: No p gain specified for pid.  Namespace: /gazebo_ros_control/pid_gains/front_left_wheel[0m
[31m[ERROR] [1788540692.320654100, 0.135000000]: No p gain specified for pid.  Namespace: /gazebo_ros_control/pid_gains/front_right_wheel[0m
[31m[ERROR] [1788540692.321092570, 0.135000000]: No p gain specified for pid.  Namespace: /gazebo_ros_control/pid_gains/rear_left_wheel[0m
[31m[ERROR] [1788540692.321591957, 0.135000000]: No p gain specified for pid.  Namespace: /gazebo_ros_control/pid_gains/rear_right_wheel[0m
... logging to /root/.ros/log/deba57c0-a880-11f1-ac7e-1a78306416a9/roslaunch-orbstack-285.log
Checking log directory for disk usage. This may take a while.
Press Ctrl-C to interrupt
Done checking log file disk usage. Usage is <1GB.
]2;/opt/barn_ws/src/the-barn-challenge/jackal_helper/../jackal_helper/launch/move_base_DWA.launch
[1mstarted roslaunch server http://localhost:40497/[0m

SUMMARY
========

PARAMETERS
 * /move_base/TrajectoryPlannerROS/acc_lim_theta: 20.0
 * /move_base/TrajectoryPlannerROS/acc_lim_x: 10.0
 * /move_base/TrajectoryPlannerROS/angular_sim_granularity: 0.02
 * /move_base/TrajectoryPlannerROS/controller_frequency: 20.0
 * /move_base/TrajectoryPlannerROS/dwa: True
 * /move_base/TrajectoryPlannerROS/escape_reset_dist: 0.1
 * /move_base/TrajectoryPlannerROS/escape_reset_theta: 0.1
 * /move_base/TrajectoryPlannerROS/escape_vel: -0.5
 * /move_base/TrajectoryPlannerROS/gdist_scale: 1.0
 * /move_base/TrajectoryPlannerROS/heading_lookahead: 0.325
 * /move_base/TrajectoryPlannerROS/heading_scoring: False
 * /move_base/TrajectoryPlannerROS/heading_scoring_timestep: 0.8
 * /move_base/TrajectoryPlannerROS/holonomic_robot: False
 * /move_base/TrajectoryPlannerROS/latch_xy_goal_tolerance: False
 * /move_base/TrajectoryPlannerROS/max_vel_theta: 1.57
 * /move_base/TrajectoryPlannerROS/max_vel_x: 0.5
 * /move_base/TrajectoryPlannerROS/meter_scoring: True
 * /move_base/TrajectoryPlannerROS/min_in_place_vel_theta: 0.314
 * /move_base/TrajectoryPlannerROS/min_vel_theta: -1.57
 * /move_base/TrajectoryPlannerROS/min_vel_x: 0.1
 * /move_base/TrajectoryPlannerROS/occdist_scale: 0.1
 * /move_base/TrajectoryPlannerROS/oscillation_reset_dist: 0.05
 * /move_base/TrajectoryPlannerROS/pdist_scale: 0.75
 * /move_base/TrajectoryPlannerROS/publish_cost_grid_pc: True
 * /move_base/TrajectoryPlannerROS/sim_granularity: 0.02
 * /move_base/TrajectoryPlannerROS/sim_time: 2.0
 * /move_base/TrajectoryPlannerROS/simple_attractor: False
 * /move_base/TrajectoryPlannerROS/vtheta_samples: 20
 * /move_base/TrajectoryPlannerROS/vx_samples: 6
 * /move_base/TrajectoryPlannerROS/xy_goal_tolerance: 0.25
 * /move_base/TrajectoryPlannerROS/yaw_goal_tolerance: 0.157
 * /move_base/base_global_planner: navfn/NavfnROS
 * /move_base/base_local_planner: base_local_planne...
 * /move_base/clearing_rotation_allowed: True
 * /move_base/controller_frequency: 20.0
 * /move_base/controller_patience: 15.0
 * /move_base/global_costmap/footprint: [[-0.21, -0.165],...
 * /move_base/global_costmap/footprint_padding: 0.1
 * /move_base/global_costmap/global_frame: odom
 * /move_base/global_costmap/height: 40.0
 * /move_base/global_costmap/inflater_layer/inflation_radius: 0.3
 * /move_base/global_costmap/map_type: costmap
 * /move_base/global_costmap/meter_scoring: True
 * /move_base/global_costmap/obstacle_range: 2.5
 * /move_base/global_costmap/obstacles_layer/observation_sources: scan
 * /move_base/global_costmap/obstacles_layer/scan/clearing: True
 * /move_base/global_costmap/obstacles_layer/scan/data_type: LaserScan
 * /move_base/global_costmap/obstacles_layer/scan/marking: True
 * /move_base/global_costmap/obstacles_layer/scan/max_obstacle_height: 2.0
 * /move_base/global_costmap/obstacles_layer/scan/min_obstacle_height: -2.0
 * /move_base/global_costmap/obstacles_layer/scan/obstacle_range: 2.5
 * /move_base/global_costmap/obstacles_layer/scan/raytrace_range: 3.0
 * /move_base/global_costmap/obstacles_layer/scan/sensor_frame: front_laser
 * /move_base/global_costmap/obstacles_layer/scan/topic: front/scan
 * /move_base/global_costmap/origin_x: -20.0
 * /move_base/global_costmap/origin_y: -20.0
 * /move_base/global_costmap/origin_z: 0.0
 * /move_base/global_costmap/plugins: [{'type': 'costma...
 * /move_base/global_costmap/publish_frequency: 5
 * /move_base/global_costmap/publish_voxel_map: False
 * /move_base/global_costmap/raytrace_range: 3.0
 * /move_base/global_costmap/resolution: 0.05
 * /move_base/global_costmap/robot_base_frame: base_link
 * /move_base/global_costmap/rolling_window: False
 * /move_base/global_costmap/static_map: True
 * /move_base/global_c[33m[ WARN] [1788540695.082859957, 1.923000000]: global_costmap: Pre-Hydro parameter "static_map" unused since "plugins" is provided[0m
[33m[ WARN] [1788540695.086892723, 1.927000000]: global_costmap: Pre-Hydro parameter "map_type" unused since "plugins" is provided[0m
[33m[ WARN] [1788540695.181696315, 1.992000000]: local_costmap: Pre-Hydro parameter "static_map" unused since "plugins" is provided[0m
[33m[ WARN] [1788540695.181834110, 1.992000000]: local_costmap: Pre-Hydro parameter "map_type" unused since "plugins" is provided[0m
[33m[ WARN] [1788540695.244779790, 2.035000000]: Parameter pdist_scale is deprecated. Please use the name path_distance_bias instead.[0m
[33m[ WARN] [1788540695.246114281, 2.037000000]: Parameter gdist_scale is deprecated. Please use the name goal_distance_bias instead.[0m
[33m[ WARN] [1788540695.405794434, 2.149000000]: Failed to meet update rate! Took 0.049000000000000001887[0m
>>>>>>>>>>>>>>>>>> Loading Gazebo Simulation with BARN/world_12.world <<<<<<<<<<<<<<<<<<
Time: 0.01 (s), x: -2.25 (m), y: 3.11 (m)
Time: 0.12 (s), x: -2.25 (m), y: 3.16 (m)
Time: 0.22 (s), x: -2.25 (m), y: 3.21 (m)
Time: 0.32 (s), x: -2.25 (m), y: 3.26 (m)
Time: 0.42 (s), x: -2.25 (m), y: 3.31 (m)
Time: 0.53 (s), x: -2.25 (m), y: 3.36 (m)
Time: 0.64 (s), x: -2.25 (m), y: 3.42 (m)
Time: 0.74 (s), x: -2.25 (m), y: 3.47 (m)
Time: 0.84 (s), x: -2.25 (m), y: 3.52 (m)
Time: 0.94 (s), x: -2.25 (m), y: 3.58 (m)
Time: 1.04 (s), x: -2.25 (m), y: 3.63 (m)
Time: 1.15 (s), x: -2.25 (m), y: 3.67 (m)
Time: 1.26 (s), x: -2.25 (m), y: 3.72 (m)
Time: 1.36 (s), x: -2.25 (m), y: 3.77 (m)
Time: 1.47 (s), x: -2.25 (m), y: 3.82 (m)
Time: 1.57 (s), x: -2.25 (m), y: 3.86 (m)
Time: 1.67 (s), x: -2.25 (m), y: 3.91 (m)
Time: 1.78 (s), x: -2.25 (m), y: 3.96 (m)
Time: 1.88 (s), x: -2.25 (m), y: 4.01 (m)
Time: 1.98 (s), x: -2.25 (m), y: 4.06 (m)
Time: 2.09 (s), x: -2.25 (m), y: 4.11 (m)
Time: 2.19 (s), x: -2.26 (m), y: 4.15 (m)
Time: 2.29 (s), x: -2.26 (m), y: 4.20 (m)
Time: 2.39 (s), x: -2.26 (m), y: 4.25 (m)
Time: 2.50 (s), x: -2.27 (m), y: 4.30 (m)
Time: 2.60 (s), x: -2.27 (m), y: 4.34 (m)
Time: 2.70 (s), x: -2.28 (m), y: 4.39 (m)
Time: 2.80 (s), x: -2.28 (m), y: 4.43 (m)
Time: 2.91 (s), x: -2.29 (m), y: 4.48 (m)
Time: 3.01 (s), x: -2.29 (m), y: 4.54 (m)
Time: 3.12 (s), x: -2.30 (m), y: 4.59 (m)
Time: 3.22 (s), x: -2.31 (m), y: 4.63 (m)
Time: 3.32 (s), x: -2.32 (m), y: 4.67 (m)
Time: 3.43 (s), x: -2.32 (m), y: 4.70 (m)
Time: 3.53 (s), x: -2.33 (m), y: 4.73 (m)
Time: 3.63 (s), x: -2.34 (m), y: 4.75 (m)
Time: 3.73 (s), x: -2.34 (m), y: 4.77 (m)
Time: 3.83 (s), x: -2.34 (m), y: 4.78 (m)
Time: 3.94 (s), x: -2.35 (m), y: 4.80 (m)
Time: 4.04 (s), x: -2.35 (m), y: 4.82 (m)
Time: 4.14 (s), x: -2.35 (m), y: 4.83 (m)
Time: 4.25 (s), x: -2.35 (m), y: 4.83 (m)
Time: 4.36 (s), x: -2.36 (m), y: 4.85 (m)
Time: 4.46 (s), x: -2.36 (m), y: 4.86 (m)
Time: 4.57 (s), x: -2.36 (m), y: 4.87 (m)
Time: 4.67 (s), x: -2.36 (m), y: 4.88 (m)
Time: 4.77 (s), x: -2.37 (m), y: 4.91 (m)
Time: 4.88 (s), x: -2.37 (m), y: 4.93 (m)
Time: 4.99 (s), x: -2.38 (m), y: 4.96 (m)
Time: 5.09 (s), x: -2.39 (m), y: 4.99 (m)
Time: 5.20 (s), x: -2.39 (m), y: 5.01 (m)
Time: 5.30 (s), x: -2.40 (m), y: 5.04 (m)
Time: 5.40 (s), x: -2.40 (m), y: 5.06 (m)
Time: 5.51 (s), x: -2.41 (m), y: 5.09 (m)
Time: 5.61 (s), x: -2.42 (m), y: 5.12 (m)
Time: 5.71 (s), x: -2.42 (m), y: 5.14 (m)
Time: 5.82 (s), x: -2.43 (m), y: 5.16 (m)
Time: 5.92 (s), x: -2.43 (m), y: 5.18 (m)
Time: 6.04 (s), x: -2.43 (m), y: 5.20 (m)
Time: 6.14 (s), x: -2.43 (m), y: 5.21 (m)
Time: 6.24 (s), x: -2.43 (m), y: 5.23 (m)
Time: 6.35 (s), x: -2.42 (m), y: 5.25 (m)
Time: 6.45 (s), x: -2.42 (m), y: 5.28 (m)
Time: 6.56 (s), x: -2.42 (m), y: 5.30 (m)
Time: 6.66 (s), x: -2.42 (m), y: 5.33 (m)
Time: 6.76 (s), x: -2.43 (m), y: 5.35 (m)
Time: 6.87 (s), x: -2.43 (m), y: 5.37 (m)
Time: 6.97 (s), x: -2.43 (m), y: 5.38 (m)
Time: 7.08 (s), x: -2.43 (m), y: 5.39 (m)
Time: 7.18 (s), x: -2.43 (m), y: 5.39 (m)
Time: 7.28 (s), x: -2.44 (m), y: 5.40 (m)
Time: 7.39 (s), x: -2.44 (m), y: 5.40 (m)
Time: 7.49 (s), x: -2.44 (m), y: 5.41 (m)
Time: 7.60 (s), x: -2.44 (m), y: 5.41 (m)
Time: 7.70 (s), x: -2.44 (m), y: 5.41 (m)
Time: 7.80 (s), x: -2.44 (m), y: 5.42 (m)
Time: 7.90 (s), x: -2.44 (m), y: 5.43 (m)
Time: 8.01 (s), x: -2.44 (m), y: 5.45 (m)
Time: 8.11 (s), x: -2.44 (m), y: 5.46 (m)
Time: 8.22 (s), x: -2.44 (m), y: 5.47 (m)
Time: 8.32 (s), x: -2.45 (m), y: 5.48 (m)
Time: 8.42 (s), x: -2.44 (m), y: 5.48 (m)
Time: 8.53 (s), x: -2.44 (m), y: 5.48 (m)
Time: 8.63 (s), x: -2.43 (m), y: 5.48 (m)
Time: 8.73 (s), x: -2.43 (m), y: 5.48 (m)
Time: 8.84 (s), x: -2.42 (m), y: 5.47 (m)
Time: 8.94 (s), x: -2.42 (m), y: 5.48 (m)
Time: 9.05 (s), x: -2.42 (m), y: 5.49 (m)
Time: 9.15 (s), x: -2.42 (m), y: 5.50 (m)
Time: 9.25 (s), x: -2.43 (m), y: 5.51 (m)
Time: 9.35 (s), x: -2.43 (m), y: 5.52 (m)
Time: 9.46 (s), x: -2.43 (m), y: 5.53 (m)
Time: 9.56 (s), x: -2.42 (m), y: 5.54 (m)
Time: 9.67 (s), x: -2.42 (m), y: 5.55 (m)
Time: 9.77 (s), x: -2.42 (m), y: 5.56 (m)
Time: 9.87 (s), x: -2.42 (m), y: 5.57 (m)
Time: 9.98 (s), x: -2.42 (m), y: 5.58 (m)
Time: 10.08 (s), x: -2.42 (m), y: 5.58 (m)
Time: 10.18 (s), x: -2.42 (m), y: 5.58 (m)
Time: 10.29 (s), x: -2.43 (m), y: 5.57 (m)
Time: 10.39 (s), x: -2.43 (m), y: 5.56 (m)
Time: 10.49 (s), x: -2.44 (m), y: 5.56 (m)
Time: 10.59 (s), x: -2.44 (m), y: 5.55 (m)
Time: 10.70 (s), x: -2.44 (m), y: 5.54 (m)
Time: 10.80 (s), x: -2.45 (m), y: 5.55 (m)
Time: 10.90 (s), x: -2.45 (m), y: 5.55 (m)
Time: 11.00 (s), x: -2.45 (m), y: 5.56 (m)
Time: 11.10 (s), x: -2.44 (m), y: 5.57 (m)
Time: 11.21 (s), x: -2.44 (m), y: 5.57 (m)
Time: 11.31 (s), x: -2.44 (m), y: 5.58 (m)
Time: 11.41 (s), x: -2.44 (m), y: 5.58 (m)
Time: 11.52 (s), x: -2.44 (m), y: 5.59 (m)
Time: 11.62 (s), x: -2.44 (m), y: 5.60 (m)
Time: 11.72 (s), x: -2.44 (m), y: 5.60 (m)
Time: 11.83 (s), x: -2.44 (m), y: 5.61 (m)
Time: 11.93 (s), x: -2.44 (m), y: 5.62 (m)
Time: 12.04 (s), x: -2.43 (m), y: 5.62 (m)
Time: 12.14 (s), x: -2.44 (m), y: 5.63 (m)
Time: 12.25 (s), x: -2.44 (m), y: 5.63 (m)
Time: 12.35 (s), x: -2.43 (m), y: 5.64 (m)
Time: 12.45 (s), x: -2.43 (m), y: 5.64 (m)
Time: 12.56 (s), x: -2.42 (m), y: 5.65 (m)
Time: 12.66 (s), x: -2.41 (m), y: 5.65 (m)
Time: 12.76 (s), x: -2.40 (m), y: 5.66 (m)
Time: 12.87 (s), x: -2.39 (m), y: 5.66 (m)
Time: 12.97 (s), x: -2.37 (m), y: 5.68 (m)
Time: 13.07 (s), x: -2.35 (m), y: 5.69 (m)
Time: 13.17 (s), x: -2.33 (m), y: 5.71 (m)
Time: 13.27 (s), x: -2.30 (m), y: 5.73 (m)
Time: 13.38 (s), x: -2.27 (m), y: 5.75 (m)
Time: 13.48 (s), x: -2.23 (m), y: 5.78 (m)
Time: 13.58 (s), x: -2.19 (m), y: 5.81 (m)
Time: 13.68 (s), x: -2.15 (m), y: 5.84 (m)
Time: 13.78 (s), x: -2.12 (m), y: 5.89 (m)
Time: 13.88 (s), x: -2.09 (m), y: 5.93 (m)
Time: 13.99 (s), x: -2.07 (m), y: 5.98 (m)
Time: 14.09 (s), x: -2.05 (m), y: 6.03 (m)
Time: 14.19 (s), x: -2.04 (m), y: 6.08 (m)
Time: 14.29 (s), x: -2.03 (m), y: 6.13 (m)
Time: 14.40 (s), x: -2.02 (m), y: 6.18 (m)
Time: 14.50 (s), x: -2.02 (m), y: 6.23 (m)
Time: 14.60 (s), x: -2.02 (m), y: 6.28 (m)
Time: 14.70 (s), x: -2.02 (m), y: 6.33 (m)
Time: 14.81 (s), x: -2.03 (m), y: 6.39 (m)
Time: 14.91 (s), x: -2.03 (m), y: 6.44 (m)
Time: 15.01 (s), x: -2.04 (m), y: 6.50 (m)
Time: 15.11 (s), x: -2.04 (m), y: 6.55 (m)
Time: 15.22 (s), x: -2.05 (m), y: 6.58 (m)
Time: 15.33 (s), x: -2.05 (m), y: 6.60 (m)
Time: 15.44 (s), x: -2.06 (m), y: 6.63 (m)
Time: 15.54 (s), x: -2.06 (m), y: 6.66 (m)
Time: 15.64 (s), x: -2.07 (m), y: 6.68 (m)
Time: 15.75 (s), x: -2.07 (m), y: 6.70 (m)
Time: 15.85 (s), x: -2.08 (m), y: 6.72 (m)
Time: 15.96 (s), x: -2.08 (m), y: 6.74 (m)
Time: 16.06 (s), x: -2.08 (m), y: 6.75 (m)
Time: 16.17 (s), x: -2.08 (m), y: 6.77 (m)
Time: 16.28 (s), x: -2.09 (m), y: 6.79 (m)
Time: 16.39 (s), x: -2.09 (m), y: 6.81 (m)
Time: 16.49 (s), x: -2.09 (m), y: 6.83 (m)
Time: 16.59 (s), x: -2.09 (m), y: 6.85 (m)
Time: 16.70 (s), x: -2.09 (m), y: 6.87 (m)
Time: 16.81 (s), x: -2.09 (m), y: 6.88 (m)
Time: 16.91 (s), x: -2.10 (m), y: 6.89 (m)
Time: 17.01 (s), x: -2.10 (m), y: 6.90 (m)
Time: 17.12 (s), x: -2.10 (m), y: 6.91 (m)
Time: 17.23 (s), x: -2.11 (m), y: 6.92 (m)
Time: 17.33 (s), x: -2.11 (m), y: 6.93 (m)
Time: 17.43 (s), x: -2.11 (m), y: 6.94 (m)
Time: 17.53 (s), x: -2.11 (m), y: 6.95 (m)
Time: 17.64 (s), x: -2.11 (m), y: 6.96 (m)
Time: 17.74 (s), x: -2.11 (m), y: 6.97 (m)
Time: 17.85 (s), x: -2.11 (m), y: 6.98 (m)
Time: 17.95 (s), x: -2.11 (m), y: 6.99 (m)
Time: 18.06 (s), x: -2.11 (m), y: 7.00 (m)
Time: 18.16 (s), x: -2.10 (m), y: 7.01 (m)
Time: 18.27 (s), x: -2.11 (m), y: 7.01 (m)
Time: 18.38 (s), x: -2.11 (m), y: 7.02 (m)
Time: 18.48 (s), x: -2.11 (m), y: 7.02 (m)
Time: 18.58 (s), x: -2.11 (m), y: 7.03 (m)
Time: 18.68 (s), x: -2.11 (m), y: 7.03 (m)
Time: 18.79 (s), x: -2.12 (m), y: 7.03 (m)
Time: 18.89 (s), x: -2.13 (m), y: 7.03 (m)
Time: 18.99 (s), x: -2.13 (m), y: 7.04 (m)
Time: 19.10 (s), x: -2.14 (m), y: 7.04 (m)
Time: 19.20 (s), x: -2.14 (m), y: 7.04 (m)
Time: 19.30 (s), x: -2.14 (m), y: 7.05 (m)
Time: 19.40 (s), x: -2.14 (m), y: 7.05 (m)
Time: 19.51 (s), x: -2.14 (m), y: 7.06 (m)
Time: 19.61 (s), x: -2.12 (m), y: 7.09 (m)
Time: 19.71 (s), x: -2.11 (m), y: 7.12 (m)
Time: 19.81 (s), x: -2.10 (m), y: 7.14 (m)
Time: 19.92 (s), x: -2.10 (m), y: 7.15 (m)
Time: 20.03 (s), x: -2.09 (m), y: 7.16 (m)
Time: 20.13 (s), x: -2.07 (m), y: 7.19 (m)
Time: 20.23 (s), x: -2.06 (m), y: 7.21 (m)
Time: 20.34 (s), x: -2.04 (m), y: 7.24 (m)
Time: 20.45 (s), x: -2.02 (m), y: 7.27 (m)
Time: 20.55 (s), x: -2.00 (m), y: 7.30 (m)
Time: 20.66 (s), x: -1.98 (m), y: 7.32 (m)
Time: 20.77 (s), x: -1.97 (m), y: 7.35 (m)
Time: 20.87 (s), x: -1.96 (m), y: 7.37 (m)
Time: 20.97 (s), x: -1.94 (m), y: 7.39 (m)
Time: 21.07 (s), x: -1.93 (m), y: 7.41 (m)
Time: 21.18 (s), x: -1.91 (m), y: 7.42 (m)
Time: 21.28 (s), x: -1.90 (m), y: 7.44 (m)
Time: 21.38 (s), x: -1.88 (m), y: 7.46 (m)
Time: 21.48 (s), x: -1.87 (m), y: 7.47 (m)
Time: 21.59 (s), x: -1.87 (m), y: 7.47 (m)
Time: 21.69 (s), x: -1.88 (m), y: 7.47 (m)
Time: 21.79 (s), x: -1.89 (m), y: 7.46 (m)
Time: 21.90 (s), x: -1.89 (m), y: 7.47 (m)
Time: 22.00 (s), x: -1.89 (m), y: 7.47 (m)
Time: 22.10 (s), x: -1.88 (m), y: 7.48 (m)
Time: 22.21 (s), x: -1.86 (m), y: 7.50 (m)
Time: 22.32 (s), x: -1.85 (m), y: 7.51 (m)
Time: 22.42 (s), x: -1.82 (m), y: 7.54 (m)
Time: 22.53 (s), x: -1.78 (m), y: 7.57 (m)
Time: 22.63 (s), x: -1.74 (m), y: 7.60 (m)
Time: 22.74 (s), x: -1.70 (m), y: 7.64 (m)
Time: 22.84 (s), x: -1.66 (m), y: 7.69 (m)
Time: 22.94 (s), x: -1.62 (m), y: 7.73 (m)
Time: 23.04 (s), x: -1.59 (m), y: 7.76 (m)
Time: 23.15 (s), x: -1.56 (m), y: 7.81 (m)
Time: 23.26 (s), x: -1.53 (m), y: 7.85 (m)
Time: 23.36 (s), x: -1.50 (m), y: 7.90 (m)
Time: 23.47 (s), x: -1.49 (m), y: 7.95 (m)
Time: 23.57 (s), x: -1.47 (m), y: 8.00 (m)
Time: 23.67 (s), x: -1.46 (m), y: 8.05 (m)
Time: 23.77 (s), x: -1.44 (m), y: 8.10 (m)
Time: 23.87 (s), x: -1.43 (m), y: 8.15 (m)
Time: 23.98 (s), x: -1.42 (m), y: 8.20 (m)
Time: 24.08 (s), x: -1.42 (m), y: 8.25 (m)
Time: 24.19 (s), x: -1.41 (m), y: 8.30 (m)
Time: 24.30 (s), x: -1.41 (m), y: 8.35 (m)
Time: 24.40 (s), x: -1.40 (m), y: 8.41 (m)
Time: 24.51 (s), x: -1.40 (m), y: 8.45 (m)
Time: 24.61 (s), x: -1.40 (m), y: 8.49 (m)
Time: 24.71 (s), x: -1.40 (m), y: 8.53 (m)
Time: 24.82 (s), x: -1.39 (m), y: 8.56 (m)
Time: 24.92 (s), x: -1.39 (m), y: 8.59 (m)
Time: 25.03 (s), x: -1.39 (m), y: 8.62 (m)
Time: 25.13 (s), x: -1.39 (m), y: 8.64 (m)
Time: 25.23 (s), x: -1.39 (m), y: 8.66 (m)
Time: 25.33 (s), x: -1.39 (m), y: 8.68 (m)
Time: 25.44 (s), x: -1.39 (m), y: 8.69 (m)
Time: 25.54 (s), x: -1.39 (m), y: 8.71 (m)
Time: 25.65 (s), x: -1.39 (m), y: 8.72 (m)
Time: 25.75 (s), x: -1.39 (m), y: 8.73 (m)
Time: 25.86 (s), x: -1.38 (m), y: 8.75 (m)
Time: 25.97 (s), x: -1.38 (m), y: 8.76 (m)
Time: 26.07 (s), x: -1.38 (m), y: 8.77 (m)
Time: 26.17 (s), x: -1.38 (m), y: 8.79 (m)
Time: 26.28 (s), x: -1.38 (m), y: 8.81 (m)
Time: 26.39 (s), x: -1.37 (m), y: 8.85 (m)
Time: 26.49 (s), x: -1.36 (m), y: 8.90 (m)
Time: 26.60 (s), x: -1.35 (m), y: 8.95 (m)
Time: 26.70 (s), x: -1.34 (m), y: 9.00 (m)
Time: 26.81 (s), x: -1.33 (m), y: 9.05 (m)
Time: 26.91 (s), x: -1.32 (m), y: 9.10 (m)
Time: 27.02 (s), x: -1.31 (m), y: 9.16 (m)
Time: 27.13 (s), x: -1.31 (m), y: 9.21 (m)
Time: 27.23 (s), x: -1.31 (m), y: 9.27 (m)
Time: 27.34 (s), x: -1.31 (m), y: 9.33 (m)
Time: 27.45 (s), x: -1.31 (m), y: 9.38 (m)
Time: 27.56 (s), x: -1.31 (m), y: 9.44 (m)
Time: 27.66 (s), x: -1.32 (m), y: 9.48 (m)
Time: 27.76 (s), x: -1.32 (m), y: 9.54 (m)
Time: 27.87 (s), x: -1.33 (m), y: 9.59 (m)
Time: 27.97 (s), x: -1.33 (m), y: 9.64 (m)
Time: 28.07 (s), x: -1.34 (m), y: 9.70 (m)
Time: 28.17 (s), x: -1.35 (m), y: 9.74 (m)
Time: 28.27 (s), x: -1.35 (m), y: 9.79 (m)
Time: 28.38 (s), x: -1.36 (m), y: 9.84 (m)
Time: 28.48 (s), x: -1.37 (m), y: 9.90 (m)
Time: 28.59 (s), x: -1.38 (m), y: 9.95 (m)
Time: 28.69 (s), x: -1.39 (m), y: 10.00 (m)
Time: 28.80 (s), x: -1.40 (m), y: 10.05 (m)
Time: 28.91 (s), x: -1.41 (m), y: 10.11 (m)
Time: 29.02 (s), x: -1.42 (m), y: 10.16 (m)
Time: 29.12 (s), x: -1.43 (m), y: 10.21 (m)
Time: 29.23 (s), x: -1.44 (m), y: 10.26 (m)
Time: 29.33 (s), x: -1.46 (m), y: 10.31 (m)
Time: 29.44 (s), x: -1.47 (m), y: 10.36 (m)
Time: 29.54 (s), x: -1.48 (m), y: 10.42 (m)
Time: 29.65 (s), x: -1.49 (m), y... logging to /root/.ros/log/deba57c0-a880-11f1-ac7e-1a78306416a9/roslaunch-orbstack-57.log
Checking log directory for disk usage. This may take a while.
Press Ctrl-C to interrupt
Done checking log file disk usage. Usage is <1GB.
]2;/opt/barn_ws/src/the-barn-challenge/jackal_helper/launch/gazebo_launch.launch
[1mstarted roslaunch server http://localhost:34289/[0m

SUMMARY
========

PARAMETERS
 * /ekf_localization/base_link_frame: base_link
 * /ekf_localization/frequency: 50
 * /ekf_localization/imu0: /imu/data
 * /ekf_localization/imu0_config: [False, False, Fa...
 * /ekf_localization/imu0_differential: False
 * /ekf_localization/odom0: /jackal_velocity_...
 * /ekf_localization/odom0_config: [False, False, Fa...
 * /ekf_localization/odom0_differential: False
 * /ekf_localization/odom_frame: odom
 * /ekf_localization/predict_to_current_time: True
 * /ekf_localization/world_frame: odom
 * /gazebo/enable_ros_network: True
 * /jackal_joint_publisher/publish_rate: 50
 * /jackal_joint_publisher/type: joint_state_contr...
 * /jackal_velocity_controller/angular/z/has_acceleration_limits: True
 * /jackal_velocity_controller/angular/z/has_velocity_limits: True
 * /jackal_velocity_controller/angular/z/max_acceleration: 25.0
 * /jackal_velocity_controller/angular/z/max_velocity: 4.0
 * /jackal_velocity_controller/cmd_vel_timeout: 0.25
 * /jackal_velocity_controller/enable_odom_tf: False
 * /jackal_velocity_controller/k_l: 0.1
 * /jackal_velocity_controller/k_r: 0.1
 * /jackal_velocity_controller/left_wheel: ['front_left_whee...
 * /jackal_velocity_controller/linear/x/has_acceleration_limits: True
 * /jackal_velocity_controller/linear/x/has_velocity_limits: True
 * /jackal_velocity_controller/linear/x/max_acceleration: 20.0
 * /jackal_velocity_controller/linear/x/max_velocity: 2.0
 * /jackal_velocity_controller/pose_covariance_diagonal: [0.001, 0.001, 10...
 * /jackal_velocity_controller/publish_rate: 50
 * /jackal_velocity_controller/right_wheel: ['front_right_whe...
 * /jackal_velocity_controller/twist_covariance_diagonal: [0.001, 0.001, 0....
 * /jackal_velocity_controller/type: diff_drive_contro...
 * /jackal_velocity_controller/wheel_radius_multiplier: 1.0
 * /jackal_velocity_controller/wheel_separation_multiplier: 1.5
 * /robot_description: <?xml version="1....
 * /rosdistro: melodic
 * /rosversion: 1.14.13
 * /twist_mux/locks: [{'topic': 'e_sto...
 * /twist_mux/topics: [{'topic': 'joy_t...
 * /use_sim_time: True

NODES
  /
    collision_publisher_node (jackal_helper/collision_publisher_node)
    controller_spawner (controller_manager/spawner)
    ekf_localization (robot_localization/ekf_localization_node)
    gazebo (gazebo_ros/gzserver)
    robot_state_publisher (robot_state_publisher/robot_state_publisher)
    twist_marker_server (interactive_marker_twist_server/marker_server)
    twist_mux (twist_mux/twist_mux)
    urdf_spawner (gazebo_ros/spawn_model)

auto-starting new master
[1mprocess[master]: started with pid [75][0m
[1mROS_MASTER_URI=http://127.0.0.1:11311[0m
]2;/opt/barn_ws/src/the-barn-challenge/jackal_helper/launch/gazebo_launch.launch http://127.0.0.1:11311
[1msetting /run_id to deba57c0-a880-11f1-ac7e-1a78306416a9[0m
[1mprocess[rosout-1]: started with pid [86][0m
started core service [/rosout]
[1mprocess[gazebo-2]: started with pid [89][0m
[1mprocess[robot_state_publisher-3]: started with pid [90][0m
[1mprocess[controller_spawner-4]: started with pid [91][0m
[1mprocess[ekf_localization-5]: started with pid [94][0m
[1mprocess[twist_mux-6]: started with pid [98][0m
[1mprocess[twist_marker_server-7]: started with pid [99][0m
[1mprocess[urdf_spawner-8]: started with pid [102][0m
[1mprocess[collision_publisher_node-9]: started with pid [108][0m
[1m[urdf_spawner-8] process has finished cleanly
log file: /root/.ros/log/deba57c0-a880-11f1-ac7e-1a78306416a9/urdf_spawner-8*.log[0m
[collision_publisher_node-9] killing on exit
[twist_marker_server-7] killing on exit
[twist_mux-6] killing on exit
[ekf_localization-5] killing on exit
[controller_spawner-4] killing on exit
[robot_state_publisher[31m[collision_publisher_node-9] escalating to SIGTERM[0m
[31m[gazebo-2] escalating to SIGTERM[0m
[WARN] [1788540763.706860, 35.677000]: Controller Spawner error while taking down controllers: transport error completing service call: unable to receive data from sender, check sender's logs for details
[31m[controller_spawner-4] escalating to SIGTERM[0m
-3] killing on exit
[gazebo-2] killing on exit
[rosout-1] killing on exit
[master] killing on exit
shutting down processing monitor...
... shutting down processing monitor complete
[1mdone[0m
[0m[ INFO] [1788540695.089293491, 1.927000000]: global_costmap: Using plugin "obstacles_layer"[0m
[0m[ INFO] [1788540695.108787514, 1.941000000]:     Subscribed to Topics: scan[0m
[0m[ INFO] [1788540695.129447899, 1.957000000]: global_costmap: Using plugin "inflater_layer"[0m
[0m[ INFO] [1788540695.182323372, 1.992000000]: local_costmap: Using plugin "obstacles_layer"[0m
[0m[ INFO] [1788540695.185662121, 1.994000000]:     Subscribed to Topics: scan[0m
[0m[ INFO] [1788540695.197095904, 2.003000000]: local_costmap: Using plugin "inflater_layer"[0m
[0m[ INFO] [1788540695.235192803, 2.027000000]: Created local_planner base_local_planner/TrajectoryPlannerROS[0m
[0m[ INFO] [1788540695.241684672, 2.033000000]: Sim period is set to 0.05[0m
[0m[ INFO] [1788540695.309691227, 2.079000000]: Recovery behavior will clear layer 'obstacles'[0m
[0m[ INFO] [1788540695.314925106, 2.083000000]: Recovery behavior will clear layer 'obstacles'[0m
[0m[ INFO] [1788540695.408233286, 2.150000000]: odom received![0m
ostmap/transform_tolerance: 0.5
 * /move_base/global_costmap/update_frequency: 10
 * /move_base/global_costmap/width: 40.0
 * /move_base/global_costmap/z_resolution: 1
 * /move_base/global_costmap/z_voxels: 2
 * /move_base/local_costmap/footprint: [[-0.21, -0.165],...
 * /move_base/local_costmap/footprint_padding: 0.1
 * /move_base/local_costmap/global_frame: odom
 * /move_base/local_costmap/height: 10.0
 * /move_base/local_costmap/inflater_layer/inflation_radius: 0.3
 * /move_base/local_costmap/map_type: costmap
 * /move_base/local_costmap/meter_scoring: True
 * /move_base/local_costmap/obstacle_range: 2.5
 * /move_base/local_costmap/obstacles_layer/observation_sources: scan
 * /move_base/local_costmap/obstacles_layer/scan/clearing: True
 * /move_base/local_costmap/obstacles_layer/scan/data_type: LaserScan
 * /move_base/local_costmap/obstacles_layer/scan/marking: True
 * /move_base/local_costmap/obstacles_layer/scan/max_obstacle_height: 2.0
 * /move_base/local_costmap/obstacles_layer/scan/min_obstacle_height: -2.0
 * /move_base/local_costmap/obstacles_layer/scan/obstacle_range: 2.5
 * /move_base/local_costmap/obstacles_layer/scan/raytrace_range: 3.0
 * /move_base/local_costmap/obstacles_layer/scan/sensor_frame: front_laser
 * /move_base/local_costmap/obstacles_layer/scan/topic: front/scan
 * /move_base/local_costmap/origin_z: 0.0
 * /move_base/local_costmap/plugins: [{'type': 'costma...
 * /move_base/local_costmap/publish_frequency: 5.0
 * /move_base/local_costmap/publish_voxel_map: False
 * /move_base/local_costmap/raytrace_range: 3.0
 * /move_base/local_costmap/resolution: 0.05
 * /move_base/local_costmap/robot_base_frame: base_link
 * /move_base/local_costmap/rolling_window: True
 * /move_base/local_costmap/static_map: False
 * /move_base/local_costmap/transform_tolerance: 0.5
 * /move_base/local_costmap/update_frequency: 20.0
 * /move_base/local_costmap/width: 10.0
 * /move_base/local_costmap/z_resolution: 1
 * /move_base/local_costmap/z_voxels: 2
 * /move_base/oscillation_distance: 0.5
 * /move_base/oscillation_timeout: 0.0
 * /move_base/planner_frequency: 20.0
 * /move_base/planner_patience: 5.0
 * /move_base/recovery_behavior_enabled: True
 * /move_base/shutdown_costmaps: False
 * /rosdistro: melodic
 * /rosversion: 1.14.13

NODES
  /
    move_base (move_base/move_base)

[1mROS_MASTER_URI=http://127.0.0.1:11311[0m
]2;/opt/barn_ws/src/the-barn-challenge/jackal_helper/../jackal_helper/launch/move_base_DWA.launch http://127.0.0.1:11311
[1mprocess[move_base-1]: started with pid [304][0m
[move_base-1] killing on exit
shutting down processing monitor...
... shutting down processing monitor complete
[1mdone[0m
: 10.47 (m)
Time: 29.75 (s), x: -1.51 (m), y: 10.52 (m)
Time: 29.86 (s), x: -1.52 (m), y: 10.57 (m)
Time: 29.96 (s), x: -1.53 (m), y: 10.62 (m)
Time: 30.07 (s), x: -1.55 (m), y: 10.67 (m)
Time: 30.17 (s), x: -1.56 (m), y: 10.72 (m)
Time: 30.27 (s), x: -1.57 (m), y: 10.77 (m)
Time: 30.37 (s), x: -1.59 (m), y: 10.82 (m)
Time: 30.47 (s), x: -1.60 (m), y: 10.86 (m)
Time: 30.58 (s), x: -1.61 (m), y: 10.92 (m)
Time: 30.69 (s), x: -1.63 (m), y: 10.97 (m)
Time: 30.79 (s), x: -1.64 (m), y: 11.02 (m)
Time: 30.90 (s), x: -1.66 (m), y: 11.07 (m)
Time: 31.00 (s), x: -1.67 (m), y: 11.12 (m)
Time: 31.11 (s), x: -1.69 (m), y: 11.17 (m)
Time: 31.21 (s), x: -1.70 (m), y: 11.22 (m)
Time: 31.31 (s), x: -1.71 (m), y: 11.27 (m)
Time: 31.42 (s), x: -1.73 (m), y: 11.32 (m)
Time: 31.52 (s), x: -1.74 (m), y: 11.37 (m)
Time: 31.63 (s), x: -1.76 (m), y: 11.42 (m)
Time: 31.73 (s), x: -1.77 (m), y: 11.47 (m)
Time: 31.83 (s), x: -1.79 (m), y: 11.52 (m)
Time: 31.93 (s), x: -1.81 (m), y: 11.57 (m)
Time: 32.04 (s), x: -1.82 (m), y: 11.62 (m)
Time: 32.15 (s), x: -1.84 (m), y: 11.67 (m)
Time: 32.25 (s), x: -1.85 (m), y: 11.72 (m)
Time: 32.36 (s), x: -1.87 (m), y: 11.77 (m)
Time: 32.47 (s), x: -1.89 (m), y: 11.82 (m)
Time: 32.58 (s), x: -1.91 (m), y: 11.87 (m)
Time: 32.68 (s), x: -1.92 (m), y: 11.92 (m)
Time: 32.78 (s), x: -1.94 (m), y: 11.97 (m)
Time: 32.89 (s), x: -1.96 (m), y: 12.02 (m)
Time: 32.99 (s), x: -1.98 (m), y: 12.07 (m)
>>>>>>>>>>>>>>>>>> Test finished! <<<<<<<<<<<<<<<<<<
Navigation succeeded with time 32.9910 (s)
Navigation metric: 0.1779
