xacro: in-order processing became default in ROS Melodic. You can drop the option.
ALSA lib confmisc.c:767:(parse_card) cannot find card '0'
ALSA lib conf.c:4528:(_snd_config_evaluate) function snd_func_card_driver returned error: No such file or directory
ALSA lib confmisc.c:392:(snd_func_concat) error evaluating strings
ALSA lib conf.c:4528:(_snd_config_evaluate) function snd_func_concat returned error: No such file or directory
ALSA lib confmisc.c:1246:(snd_func_refer) error evaluating name
ALSA lib conf.c:4528:(_snd_config_evaluate) function snd_func_refer returned error: No such file or directory
ALSA lib conf.c:5007:(snd_config_expand) Evaluate error: No such file or directory
ALSA lib pcm.c:2495:(snd_pcm_open_noupdate) Unknown PCM default
AL lib: (EE) ALCplaybackAlsa_open: Could not open playback device 'default': No such file or directory
[33m[ WARN] [1788547886.148997785, 0.094000000]: Failed to meet update rate! Took 0.091000000000000011435[0m
[33m[ WARN] [1788547886.153361444, 0.100000000]: Failed to meet update rate! Took 0.080000000000000001665[0m
[1;33mWarning [parser_urdf.cc:1115][0m multiple inconsistent <gravity> exists due to fixed joint reduction overwriting previous value [true] with [false].
[1;33mWarning [parser_urdf.cc:1115][0m multiple inconsistent <gravity> exists due to fixed joint reduction overwriting previous value [false] with [true].
[0m[ INFO] [1788547885.207583017]: Finished loading Gazebo ROS API Plugin.[0m
[0m[ INFO] [1788547885.211481464]: waitForService: Service [/gazebo/set_physics_properties] has not been advertised, waiting...[0m
[0m[ INFO] [1788547885.945659989]: waitForService: Service [/gazebo/set_physics_properties] is now available.[0m
[0m[ INFO] [1788547885.981904897]: Physics dynamic reconfigure ready.[0m
[31m[ERROR] [1788547886.601004481, 0.140000000]: No p gain specified for pid.  Namespace: /gazebo_ros_control/pid_gains/front_left_wheel[0m
[31m[ERROR] [1788547886.601498609, 0.140000000]: No p gain specified for pid.  Namespace: /gazebo_ros_control/pid_gains/front_right_wheel[0m
[31m[ERROR] [1788547886.601835445, 0.140000000]: No p gain specified for pid.  Namespace: /gazebo_ros_control/pid_gains/rear_left_wheel[0m
[31m[ERROR] [1788547886.602130156, 0.140000000]: No p gain specified for pid.  Namespace: /gazebo_ros_control/pid_gains/rear_right_wheel[0m
... logging to /root/.ros/log/a0263a86-a891-11f1-9e11-1a78306416a9/roslaunch-orbstack-582.log
Checking log directory for disk usage. This may take a while.
Press Ctrl-C to interrupt
Done checking log file disk usage. Usage is <1GB.
]2;/opt/barn_ws/src/the-barn-challenge/jackal_helper/launch/move_base.launch
[1mstarted roslaunch server http://localhost:39495/[0m

SUMMARY
========

PARAMETERS
 * /move_base/EBandPlannerROS/max_vel_lin: 2.0
 * /move_base/EBandPlannerROS/max_vel_th: 3.14
 * /move_base/EBandPlannerROS/min_vel_lin: 0.1
 * /move_base/EBandPlannerROS/min_vel_th: 0.0
 * /move_base/GlobalPlanner/cost_factor: 3.0
 * /move_base/GlobalPlanner/use_djikstra: False
 * /move_base/MpcLocalPlannerROS/collision_avoidance/collision_check_no_poses: 5
 * /move_base/MpcLocalPlannerROS/collision_avoidance/costmap_obstacles_behind_robot_dist: 1.5
 * /move_base/MpcLocalPlannerROS/collision_avoidance/cutoff_dist: 2.5
 * /move_base/MpcLocalPlannerROS/collision_avoidance/enable_dynamic_obstacles: False
 * /move_base/MpcLocalPlannerROS/collision_avoidance/force_inclusion_dist: 0.5
 * /move_base/MpcLocalPlannerROS/collision_avoidance/include_costmap_obstacles: True
 * /move_base/MpcLocalPlannerROS/collision_avoidance/min_obstacle_dist: 0.2
 * /move_base/MpcLocalPlannerROS/controller/allow_init_with_backward_motion: True
 * /move_base/MpcLocalPlannerROS/controller/force_reinit_new_goal_angular: 1.57
 * /move_base/MpcLocalPlannerROS/controller/force_reinit_new_goal_dist: 1.0
 * /move_base/MpcLocalPlannerROS/controller/force_reinit_num_steps: 0
 * /move_base/MpcLocalPlannerROS/controller/global_plan_overwrite_orientation: True
 * /move_base/MpcLocalPlannerROS/controller/global_plan_prune_distance: 1.0
 * /move_base/MpcLocalPlannerROS/controller/max_global_plan_lookahead_dist: 1.0
 * /move_base/MpcLocalPlannerROS/controller/outer_ocp_iterations: 1
 * /move_base/MpcLocalPlannerROS/controller/prefer_x_feedback: False
 * /move_base/MpcLocalPlannerROS/controller/publish_ocp_results: False
 * /move_base/MpcLocalPlannerROS/controller/xy_goal_tolerance: 0.2
 * /move_base/MpcLocalPlannerROS/controller/yaw_goal_tolerance: 0.1
 * /move_base/MpcLocalPlannerROS/footprint_model/is_footprint_dynamic: False
 * /move_base/MpcLocalPlannerROS/footprint_model/type: point
 * /move_base/MpcLocalPlannerROS/grid/collocation_method: forward_differences
 * /move_base/MpcLocalPlannerROS/grid/cost_integration_method: left_sum
 * /move_base/MpcLocalPlannerROS/grid/dt_ref: 0.3
 * /move_base/MpcLocalPlannerROS/grid/grid_size_ref: 20
 * /move_base/MpcLocalPlannerROS/grid/type: fd_grid
 * /move_base/MpcLocalPlannerROS/grid/variable_grid/enable: False
 * /move_base/MpcLocalPlannerROS/grid/variable_grid/grid_adaptation/dt_hyst_ratio: 0.1
 * /move_base/MpcLocalPlannerROS/grid/variable_grid/grid_adaptation/enable: True
 * /move_base/MpcLocalPlannerROS/grid/variable_grid/grid_adaptation/max_grid_size: 50
 * /move_base/MpcLocalPlannerROS/grid/variable_grid/grid_adaptation/min_grid_size: 2
 * /move_base/MpcLocalPlannerROS/grid/variable_grid/max_dt: 10.0;
 * /move_base/MpcLocalPlannerROS/grid/variable_grid/min_dt: 0.0;
 * /move_base/MpcLocalPlannerROS/grid/warm_start: True
 * /move_base/MpcLocalPlannerROS/grid/xf_fixed: [False, False, Fa...
 * /move_base/MpcLocalPlannerROS/odom_topic: odom
 * /move_base/MpcLocalPlannerROS/planning/objective/quadratic_form/control_weights: [0.1, 0.05]
 * /move_base/MpcLocalPlannerROS/planning/objective/quadratic_form/integral_form: False
 * /move_base/MpcLocalPlannerROS/planning/objective/quadratic_form/state_weights: [2.0, 2.0, 0.25]
 * /move_base/MpcLocalPlannerROS/planning/objective/type: quadratic_form
 * /move_base/MpcLocalPlannerROS/planning/terminal_constraint/l2_ball/radius: 5
 * /move_base/MpcLocalPlannerROS/planning/terminal_constraint/l2_ball/weight_matrix: [1.0, 1.0, 1.0]
 * /move_base/MpcLocalPlannerROS/planning/terminal_constraint/type: none
 * /move_base/MpcLocalPlannerROS/planning/terminal_cost/quadratic/final_state_weights: [10.0, 10.0, 0.5]
 * /move_base/MpcLocalPlannerROS/planning/terminal_cost/type: quadratic
 * /move_base/MpcLocalPlannerROS/robot/type: unicycle
 * /move_base/MpcLocalPlannerROS/robot/unicycle/acc_lim_theta: 0.2
 * /move_base/MpcLocalPlannerROS/robot/unicycle/acc_lim_x: 0.2
 * /move_base/MpcLocalPlannerROS/robot/unicycle/dec_lim_x: 0.2
 * /move_base/MpcLocalPlannerROS/robot/unicycle/max_vel_theta: 0.314
 * /move_base/MpcLocalPlannerROS/robot/unicycle/max_vel_x: 2.0
 * /move_base/MpcLocalPlannerROS/robot/unicycle/max_vel_x_backwards: 0.5
 * /move_base/MpcLocalPlannerROS/solver/ipopt/ipopt_numeric_options/tol: 1e-4
 * /move_base/MpcLocalPlannerROS/solver/ipopt/ipopt_string_options/hessian_approximation: exact
 * /move_base/MpcLocalPlannerROS/solver/ipopt/ipopt_string_options/linear_solver: mumps
 * /move_base/MpcLocalPlannerROS/solver/ipopt/iterations: 100
 * /move_base/MpcLocalPlannerROS/solver/ipopt/max_cpu_time: -1.0
 * /move_base/MpcLocalPlannerROS/solver/lsq_lm/iterations: 10
 * /move_base/MpcLocalPlannerROS/solver/lsq_lm/weight_adapt_factor_bounds: 1.5
 * /move_base/MpcLocalPlannerROS/solver/lsq_lm/weight_adapt_factor_eq: 1.5
 * /move_base/MpcLocalPlannerROS/solver/lsq_lm/weight_adapt_factor_ineq: 1.5
 * /move_base/MpcLocalPlannerROS/solver/lsq_lm/weight_adapt_max_bounds: 500
 * /move_base/MpcLocalPlannerROS/solver/lsq_lm/weight_adapt_max_eq: 500
 * /move_base/MpcLocalPlannerROS/solver/lsq_lm/weight_adapt_max_ineq: 500
 * /move_base/MpcLocalPlannerROS/solver/lsq_lm/weight_init_bounds: 2
 * /move_base/MpcLocalPlannerROS/solver/lsq_lm/weight_init_eq: 2
 * /move_base/MpcLocalPlannerROS/solver/lsq_lm/weight_init_ineq: 2
 * /move_base/MpcLocalPlannerROS/solver/type: ipopt
 * /move_base/TrajectoryPlannerROS/acc_lim_theta: 20.0
 * /move_base/TrajectoryPlannerROS/acc_lim_x: 10.0
 * /move_base/TrajectoryPlannerROS/angular_sim_granularity: 0.02
 * /move_base/TrajectoryPlannerROS/controller_frequency: 1.0
 * /move_base/TrajectoryPlannerROS/dwa: True
 * /move_base/TrajectoryPlannerROS/escape_reset_dist: 0.1
 * /move_base/TrajectoryPlannerROS/escape_reset_theta: 0.1
 * /move_base/TrajectoryPlannerROS/escape_vel: -0.5
 * /move_base/TrajectoryPlannerROS/gdist_scale: 1.0
 * /move_base/TrajectoryPlannerROS/heading_lookahead: 0.325
 * /move_base/TrajectoryPlannerROS/heading_scoring: False
 * /move_base/TrajectoryPlannerROS/heading_scoring_timestep: 0.8
 * /move_base/TrajectoryPlannerROS/holonomic_robot: False
 * /move_base/TrajectoryPlannerROS/latch_xy_goal_tolerance: False
 * /move_base/TrajectoryPlannerROS/max_vel_theta: 1.57
 * /move_base/TrajectoryPlannerROS/max_vel_x: 0.5
 * /move_base/TrajectoryPlannerROS/meter_scoring: True
 * /move_base/TrajectoryPlannerROS/min_in_place_vel_theta: 0.314
 * /move_base/TrajectoryPlannerROS/min_vel_theta: -1.57
 * /move_base/TrajectoryPlannerROS/min_vel_x: 0.1
 * /move_base/TrajectoryPlannerROS/occdist_scale: 0.1
 * /move_base/TrajectoryPlannerROS/oscillation_reset_dist: 0.05
 * /move_base/TrajectoryPlannerROS/pdist_scale: 0.75
 * /move_base/TrajectoryPlannerROS/publish_cost_grid_pc: True
 * /move_base/TrajectoryPlannerROS/sim_granularity: 0.02
 * /move_base/TrajectoryPlannerROS/sim_time: 2.0
 * /move_base/TrajectoryPlannerROS/simple_attractor: False
 * /move_base/TrajectoryPlannerROS/vtheta_samples: 20
 * /move_base/TrajectoryPlannerROS/vx_samples: 6
 * /move_base/TrajectoryPlannerROS/xy_goal_tolerance: 0.25
 * /move_base/TrajectoryPlannerROS/yaw_goal_tolerance: 0.157
 * /move_base/base_global_planner: global_planner/Gl...
 * /move_base/base_local_planner: base_local_planne...
 * /move_base/clearing_rotation_allowed: True
 * /move_base/controller_frequency: 20.0
 * /move_base/controller_patience: 100000.0
 * /move_base/global_costmap/footprint: [[-0.21, -0.165],...
 * /move_base/global_costmap/footprint_padding: 0.1
 * /move_base/global_costmap/global_frame: odom
 * /move_base/global_costmap/height: 40.0
 * /move_base/global_costmap/inflater_layer/inflation_radius: 0.3
 * /move_base/global_costmap/map_type: costmap
 * /move_base/global_costmap/meter_scoring: True
 * /move_base/global_costmap/obstacle_range: 2.5
 * /move_base/global_costmap/obstacles_layer/observation_sources: scan
 * /move_base/glo[33m[ WARN] [1788547892.201020414, 5.131000000]: Timed out waiting for transform from base_link to odom to become available before running costmap, tf error: canTransform: target_frame odom does not exist.. canTransform returned after 5.129 timeout was 0.1.[0m
[33m[ WARN] [1788547892.219672976, 5.142000000]: global_costmap: Pre-Hydro parameter "static_map" unused since "plugins" is provided[0m
[33m[ WARN] [1788547892.219903645, 5.142000000]: global_costmap: Pre-Hydro parameter "map_type" unused since "plugins" is provided[0m
[33m[ WARN] [1788547892.297963588, 5.216000000]: local_costmap: Pre-Hydro parameter "static_map" unused since "plugins" is provided[0m
[33m[ WARN] [1788547892.298182256, 5.216000000]: local_costmap: Pre-Hydro parameter "map_type" unused since "plugins" is provided[0m
[33m[ WARN] [1788547892.338460737, 5.245000000]: Parameter pdist_scale is deprecated. Please use the name path_distance_bias instead.[0m
[33m[ WARN] [1788547892.339215368, 5.247000000]: Parameter gdist_scale is deprecated. Please use the name goal_distance_bias instead.[0m
[31m[ERROR] [1788547914.450110761, 23.097000000]: NO PATH![0m
[31m[ERROR] [1788547914.453499954, 23.098000000]: Failed to get a plan from potential when a legal potential was found. This shouldn't happen.[0m
[33m[ WARN] [1788547914.457712362, 23.103000000]: Map update loop missed its desired rate of 10.0000Hz... the loop actually took 1.0140 seconds[0m
[31m[ERROR] [1788547915.839878071, 24.248000000]: NO PATH![0m
[31m[ERROR] [1788547915.844953069, 24.250000000]: Failed to get a plan from potential when a legal potential was found. This shouldn't happen.[0m
[31m[ERROR] [1788547917.234089332, 25.350000000]: NO PATH![0m
[31m[ERROR] [1788547917.237235273, 25.354000000]: Failed to get a plan from potential when a legal potential was found. This shouldn't happen.[0m
[33m[ WARN] [1788547917.250508418, 25.365000000]: Map update loop missed its desired rate of 10.0000Hz... the loop actually took 2.2620 seconds[0m
[31m[ERROR] [1788547918.692709096, 26.543000000]: NO PATH![0m
[31m[ERROR] [1788547918.694296108, 26.543000000]: Failed to get a plan from potential when a legal potential was found. This shouldn't happen.[0m
[31m[ERROR] [1788547920.105322084, 27.687000000]: NO PATH![0m
[31m[ERROR] [1788547920.106417551, 27.687000000]: Failed to get a plan from potential when a legal potential was found. This shouldn't happen.[0m
[33m[ WARN] [1788547920.122173299, 27.701000000]: Map update loop missed its desired rate of 10.0000Hz... the loop actually took 2.3360 seconds[0m
... logging to /root/.ros/log/a0263a86-a891-11f1-9e11-1a78306416a9/roslaunch-orbstack-66.log
Checking log directory for disk usage. This may take a while.
Press Ctrl-C to interrupt
Done checking log file disk usage. Usage is <1GB.
]2;/opt/barn_ws/src/the-barn-challenge/jackal_helper/launch/gazebo_launch.launch
[1mstarted roslaunch server http://localhost:39033/[0m

SUMMARY
========

PARAMETERS
 * /ekf_localization/base_link_frame: base_link
 * /ekf_localization/frequency: 50
 * /ekf_localization/imu0: /imu/data
 * /ekf_localization/imu0_config: [False, False, Fa...
 * /ekf_localization/imu0_differential: False
 * /ekf_localization/odom0: /jackal_velocity_...
 * /ekf_localization/odom0_config: [False, False, Fa...
 * /ekf_localization/odom0_differential: False
 * /ekf_localization/odom_frame: odom
 * /ekf_localization/predict_to_current_time: True
 * /ekf_localization/world_frame: odom
 * /gazebo/enable_ros_network: True
 * /jackal_joint_publisher/publish_rate: 50
 * /jackal_joint_publisher/type: joint_state_contr...
 * /jackal_velocity_controller/angular/z/has_acceleration_limits: True
 * /jackal_velocity_controller/angular/z/has_velocity_limits: True
 * /jackal_velocity_controller/angular/z/max_acceleration: 25.0
 * /jackal_velocity_controller/angular/z/max_velocity: 4.0
 * /jackal_velocity_controller/cmd_vel_timeout: 0.25
 * /jackal_velocity_controller/enable_odom_tf: False
 * /jackal_velocity_controller/k_l: 0.1
 * /jackal_velocity_controller/k_r: 0.1
 * /jackal_velocity_controller/left_wheel: ['front_left_whee...
 * /jackal_velocity_controller/linear/x/has_acceleration_limits: True
 * /jackal_velocity_controller/linear/x/has_velocity_limits: True
 * /jackal_velocity_controller/linear/x/max_acceleration: 20.0
 * /jackal_velocity_controller/linear/x/max_velocity: 2.0
 * /jackal_velocity_controller/pose_covariance_diagonal: [0.001, 0.001, 10...
 * /jackal_velocity_controller/publish_rate: 50
 * /jackal_velocity_controller/right_wheel: ['front_right_whe...
 * /jackal_velocity_controller/twist_covariance_diagonal: [0.001, 0.001, 0....
 * /jackal_velocity_controller/type: diff_drive_contro...
 * /jackal_velocity_controller/wheel_radius_multiplier: 1.0
 * /jackal_velocity_controller/wheel_separation_multiplier: 1.5
 * /robot_description: <?xml version="1....
 * /rosdistro: melodic
 * /rosversion: 1.14.13
 * /twist_mux/locks: [{'topic': 'e_sto...
 * /twist_mux/topics: [{'topic': 'joy_t...
 * /use_sim_time: True

NODES
  /
    collision_publisher_node (jackal_helper/collision_publisher_node)
    controller_spawner (controller_manager/spawner)
    ekf_localization (robot_localization/ekf_localization_node)
    gazebo (gazebo_ros/gzserver)
    robot_state_publisher (robot_state_publisher/robot_state_publisher)
    twist_marker_server (interactive_marker_twist_server/marker_server)
    twist_mux (twist_mux/twist_mux)
    urdf_spawner (gazebo_ros/spawn_model)

auto-starting new master
[1mprocess[master]: started with pid [80][0m
[1mROS_MASTER_URI=http://127.0.0.1:11311[0m
]2;/opt/barn_ws/src/the-barn-challenge/jackal_helper/launch/gazebo_launch.launch http://127.0.0.1:11311
[1msetting /run_id to a0263a86-a891-11f1-9e11-1a78306416a9[0m
[1mprocess[rosout-1]: started with pid [91][0m
started core service [/rosout]
[1mprocess[gazebo-2]: started with pid [94][0m
[1mprocess[robot_state_publisher-3]: started with pid [95][0m
[1mprocess[controller_spawner-4]: started with pid [96][0m
[1mprocess[ekf_localization-5]: started with pid [98][0m
[1mprocess[twist_mux-6]: started with pid [101][0m
[1mprocess[twist_marker_server-7]: started with pid [105][0m
[1mprocess[urdf_spawner-8]: started with pid [107][0m
[1mprocess[collision_publisher_node-9]: started with pid [110][0m
[1m[urdf_spawner-8] process has finished cleanly
log file: /root/.ros/log/a0263a86-a891-11f1-9e11-1a78306416a9/urdf_spawner-8*.log[0m
[collision_publisher_node-9] killing on exit
[twist_marker_server-7] killing on exit
[twist_mux-6] killing on exit
[ekf_localization-5] killing on exit
[robot_state_publisher-3] killing on exit
[controller_spawn[31m[ERROR] [1788547920.446722958, 27.714000000]: NO PATH![0m
[31m[ERROR] [1788547920.447140920, 27.714000000]: Failed to get a plan from potential when a legal potential was found. This shouldn't happen.[0m
